Archive member included to satisfy reference by file (symbol)

C:/ST/STM32CubeIDE_1.19.0/STM32CubeIDE/plugins/com.st.stm32cube.ide.mcu.externaltools.gnu-tools-for-stm32.13.3.rel1.win32_1.0.0.202411081344/tools/bin/../lib/gcc/arm-none-eabi/13.3.1/../../../../arm-none-eabi/lib/thumb/v7e-m+fp/hard\libc_nano.a(libc_a-exit.o)
                              C:/ST/STM32CubeIDE_1.19.0/STM32CubeIDE/plugins/com.st.stm32cube.ide.mcu.externaltools.gnu-tools-for-stm32.13.3.rel1.win32_1.0.0.202411081344/tools/bin/../lib/gcc/arm-none-eabi/13.3.1/../../../../arm-none-eabi/lib/thumb/v7e-m+fp/hard/crt0.o (exit)
C:/ST/STM32CubeIDE_1.19.0/STM32CubeIDE/plugins/com.st.stm32cube.ide.mcu.externaltools.gnu-tools-for-stm32.13.3.rel1.win32_1.0.0.202411081344/tools/bin/../lib/gcc/arm-none-eabi/13.3.1/../../../../arm-none-eabi/lib/thumb/v7e-m+fp/hard\libc_nano.a(libc_a-findfp.o)
                              C:/ST/STM32CubeIDE_1.19.0/STM32CubeIDE/plugins/com.st.stm32cube.ide.mcu.externaltools.gnu-tools-for-stm32.13.3.rel1.win32_1.0.0.202411081344/tools/bin/../lib/gcc/arm-none-eabi/13.3.1/../../../../arm-none-eabi/lib/thumb/v7e-m+fp/hard\libc_nano.a(libc_a-exit.o) (__stdio_exit_handler)
C:/ST/STM32CubeIDE_1.19.0/STM32CubeIDE/plugins/com.st.stm32cube.ide.mcu.externaltools.gnu-tools-for-stm32.13.3.rel1.win32_1.0.0.202411081344/tools/bin/../lib/gcc/arm-none-eabi/13.3.1/../../../../arm-none-eabi/lib/thumb/v7e-m+fp/hard\libc_nano.a(libc_a-fwalk.o)
                              C:/ST/STM32CubeIDE_1.19.0/STM32CubeIDE/plugins/com.st.stm32cube.ide.mcu.externaltools.gnu-tools-for-stm32.13.3.rel1.win32_1.0.0.202411081344/tools/bin/../lib/gcc/arm-none-eabi/13.3.1/../../../../arm-none-eabi/lib/thumb/v7e-m+fp/hard\libc_nano.a(libc_a-findfp.o) (_fwalk_sglue)
C:/ST/STM32CubeIDE_1.19.0/STM32CubeIDE/plugins/com.st.stm32cube.ide.mcu.externaltools.gnu-tools-for-stm32.13.3.rel1.win32_1.0.0.202411081344/tools/bin/../lib/gcc/arm-none-eabi/13.3.1/../../../../arm-none-eabi/lib/thumb/v7e-m+fp/hard\libc_nano.a(libc_a-stdio.o)
                              C:/ST/STM32CubeIDE_1.19.0/STM32CubeIDE/plugins/com.st.stm32cube.ide.mcu.externaltools.gnu-tools-for-stm32.13.3.rel1.win32_1.0.0.202411081344/tools/bin/../lib/gcc/arm-none-eabi/13.3.1/../../../../arm-none-eabi/lib/thumb/v7e-m+fp/hard\libc_nano.a(libc_a-findfp.o) (__sread)
C:/ST/STM32CubeIDE_1.19.0/STM32CubeIDE/plugins/com.st.stm32cube.ide.mcu.externaltools.gnu-tools-for-stm32.13.3.rel1.win32_1.0.0.202411081344/tools/bin/../lib/gcc/arm-none-eabi/13.3.1/../../../../arm-none-eabi/lib/thumb/v7e-m+fp/hard\libc_nano.a(libc_a-memset.o)
                              C:/ST/STM32CubeIDE_1.19.0/STM32CubeIDE/plugins/com.st.stm32cube.ide.mcu.externaltools.gnu-tools-for-stm32.13.3.rel1.win32_1.0.0.202411081344/tools/bin/../lib/gcc/arm-none-eabi/13.3.1/../../../../arm-none-eabi/lib/thumb/v7e-m+fp/hard/crt0.o (memset)
C:/ST/STM32CubeIDE_1.19.0/STM32CubeIDE/plugins/com.st.stm32cube.ide.mcu.externaltools.gnu-tools-for-stm32.13.3.rel1.win32_1.0.0.202411081344/tools/bin/../lib/gcc/arm-none-eabi/13.3.1/../../../../arm-none-eabi/lib/thumb/v7e-m+fp/hard\libc_nano.a(libc_a-closer.o)
                              C:/ST/STM32CubeIDE_1.19.0/STM32CubeIDE/plugins/com.st.stm32cube.ide.mcu.externaltools.gnu-tools-for-stm32.13.3.rel1.win32_1.0.0.202411081344/tools/bin/../lib/gcc/arm-none-eabi/13.3.1/../../../../arm-none-eabi/lib/thumb/v7e-m+fp/hard\libc_nano.a(libc_a-stdio.o) (_close_r)
C:/ST/STM32CubeIDE_1.19.0/STM32CubeIDE/plugins/com.st.stm32cube.ide.mcu.externaltools.gnu-tools-for-stm32.13.3.rel1.win32_1.0.0.202411081344/tools/bin/../lib/gcc/arm-none-eabi/13.3.1/../../../../arm-none-eabi/lib/thumb/v7e-m+fp/hard\libc_nano.a(libc_a-reent.o)
                              C:/ST/STM32CubeIDE_1.19.0/STM32CubeIDE/plugins/com.st.stm32cube.ide.mcu.externaltools.gnu-tools-for-stm32.13.3.rel1.win32_1.0.0.202411081344/tools/bin/../lib/gcc/arm-none-eabi/13.3.1/../../../../arm-none-eabi/lib/thumb/v7e-m+fp/hard\libc_nano.a(libc_a-closer.o) (errno)
C:/ST/STM32CubeIDE_1.19.0/STM32CubeIDE/plugins/com.st.stm32cube.ide.mcu.externaltools.gnu-tools-for-stm32.13.3.rel1.win32_1.0.0.202411081344/tools/bin/../lib/gcc/arm-none-eabi/13.3.1/../../../../arm-none-eabi/lib/thumb/v7e-m+fp/hard\libc_nano.a(libc_a-impure.o)
                              C:/ST/STM32CubeIDE_1.19.0/STM32CubeIDE/plugins/com.st.stm32cube.ide.mcu.externaltools.gnu-tools-for-stm32.13.3.rel1.win32_1.0.0.202411081344/tools/bin/../lib/gcc/arm-none-eabi/13.3.1/../../../../arm-none-eabi/lib/thumb/v7e-m+fp/hard\libc_nano.a(libc_a-reent.o) (_impure_ptr)
C:/ST/STM32CubeIDE_1.19.0/STM32CubeIDE/plugins/com.st.stm32cube.ide.mcu.externaltools.gnu-tools-for-stm32.13.3.rel1.win32_1.0.0.202411081344/tools/bin/../lib/gcc/arm-none-eabi/13.3.1/../../../../arm-none-eabi/lib/thumb/v7e-m+fp/hard\libc_nano.a(libc_a-lseekr.o)
[...]
Memory Configuration

Name             Origin             Length             Attributes
RAM              0x20000000         0x00018000         xrw
RAM2             0x10000000         0x00008000         xrw
FLASH            0x08000000         0x00100000         xr
*default*        0x00000000         0xffffffff

Linker script and memory map

LOAD C:/ST/STM32CubeIDE_1.19.0/STM32CubeIDE/plugins/com.st.stm32cube.ide.mcu.externaltools.gnu-tools-for-stm32.13.3.rel1.win32_1.0.0.202411081344/tools/bin/../lib/gcc/arm-none-eabi/13.3.1/thumb/v7e-m+fp/hard/crti.o
LOAD C:/ST/STM32CubeIDE_1.19.0/STM32CubeIDE/plugins/com.st.stm32cube.ide.mcu.externaltools.gnu-tools-for-stm32.13.3.rel1.win32_1.0.0.202411081344/tools/bin/../lib/gcc/arm-none-eabi/13.3.1/thumb/v7e-m+fp/hard/crtbegin.o
LOAD C:/ST/STM32CubeIDE_1.19.0/STM32CubeIDE/plugins/com.st.stm32cube.ide.mcu.externaltools.gnu-tools-for-stm32.13.3.rel1.win32_1.0.0.202411081344/tools/bin/../lib/gcc/arm-none-eabi/13.3.1/../../../../arm-none-eabi/lib/thumb/v7e-m+fp/hard/crt0.o
LOAD ./Core/Src/main.o
LOAD ./Core/Src/stm32l4xx_hal_msp.o
LOAD ./Core/Src/stm32l4xx_it.o
LOAD ./Core/Src/syscalls.o
LOAD ./Core/Src/sysmem.o
LOAD ./Core/Src/system_stm32l4xx.o
LOAD ./Core/Startup/startup_stm32l476rgtx.o
LOAD ./Drivers/STM32L4xx_HAL_Driver/Src/stm32l4xx_hal.o
LOAD ./Drivers/STM32L4xx_HAL_Driver/Src/stm32l4xx_hal_cortex.o
LOAD ./Drivers/STM32L4xx_HAL_Driver/Src/stm32l4xx_hal_dma.o
LOAD ./Drivers/STM32L4xx_HAL_Driver/Src/stm32l4xx_hal_dma_ex.o
LOAD ./Drivers/STM32L4xx_HAL_Driver/Src/stm32l4xx_hal_exti.o
LOAD ./Drivers/STM32L4xx_HAL_Driver/Src/stm32l4xx_hal_flash.o
LOAD ./Drivers/STM32L4xx_HAL_Driver/Src/stm32l4xx_hal_flash_ex.o
LOAD ./Drivers/STM32L4xx_HAL_Driver/Src/stm32l4xx_hal_flash_ramfunc.o
LOAD ./Drivers/STM32L4xx_HAL_Driver/Src/stm32l4xx_hal_gpio.o
LOAD ./Drivers/STM32L4xx_HAL_Driver/Src/stm32l4xx_hal_i2c.o
LOAD ./Drivers/STM32L4xx_HAL_Driver/Src/stm32l4xx_hal_i2c_ex.o
LOAD ./Drivers/STM32L4xx_HAL_Driver/Src/stm32l4xx_hal_pcd.o
LOAD ./Drivers/STM32L4xx_HAL_Driver/Src/stm32l4xx_hal_pcd_ex.o
LOAD ./Drivers/STM32L4xx_HAL_Driver/Src/stm32l4xx_hal_pwr.o
LOAD ./Drivers/STM32L4xx_HAL_Driver/Src/stm32l4xx_hal_pwr_ex.o
LOAD ./Drivers/STM32L4xx_HAL_Driver/Src/stm32l4xx_hal_rcc.o
LOAD ./Drivers/STM32L4xx_HAL_Driver/Src/stm32l4xx_hal_rcc_ex.o
LOAD ./Drivers/STM32L4xx_HAL_Driver/Src/stm32l4xx_hal_uart.o
LOAD ./Drivers/STM32L4xx_HAL_Driver/Src/stm32l4xx_hal_uart_ex.o
LOAD ./Drivers/STM32L4xx_HAL_Driver/Src/stm32l4xx_ll_usb.o
LOAD ./Middlewares/ST/STM32_USB_Device_Library/Class/CustomHID/Src/usbd_customhid.o
LOAD ./Middlewares/ST/STM32_USB_Device_Library/Core/Src/usbd_core.o
LOAD ./Middlewares/ST/STM32_USB_Device_Library/Core/Src/usbd_ctlreq.o
LOAD ./Middlewares/ST/STM32_USB_Device_Library/Core/Src/usbd_ioreq.o
LOAD ./USB_DEVICE/App/usb_device.o
LOAD ./USB_DEVICE/App/usbd_custom_hid_if.o
LOAD ./USB_DEVICE/App/usbd_desc.o
LOAD ./USB_DEVICE/Target/usbd_conf.o
START GROUP
LOAD C:/ST/STM32CubeIDE_1.19.0/STM32CubeIDE/plugins/com.st.stm32cube.ide.mcu.externaltools.gnu-tools-for-stm32.13.3.rel1.win32_1.0.0.202411081344/tools/bin/../lib/gcc/arm-none-eabi/13.3.1/../../../../arm-none-eabi/lib/thumb/v7e-m+fp/hard\libc_nano.a
LOAD C:/ST/STM32CubeIDE_1.19.0/STM32CubeIDE/plugins/com.st.stm32cube.ide.mcu.externaltools.gnu-tools-for-stm32.13.3.rel1.win32_1.0.0.202411081344/tools/bin/../lib/gcc/arm-none-eabi/13.3.1/../../../../arm-none-eabi/lib/thumb/v7e-m+fp/hard\libm.a
END GROUP
START GROUP
LOAD C:/ST/STM32CubeIDE_1.19.0/STM32CubeIDE/plugins/com.st.stm32cube.ide.mcu.externaltools.gnu-tools-for-stm32.13.3.rel1.win32_1.0.0.202411081344/tools/bin/../lib/gcc/arm-none-eabi/13.3.1/thumb/v7e-m+fp/hard\libgcc.a
LOAD C:/ST/STM32CubeIDE_1.19.0/STM32CubeIDE/plugins/com.st.stm32cube.ide.mcu.externaltools.gnu-tools-for-stm32.13.3.rel1.win32_1.0.0.202411081344/tools/bin/../lib/gcc/arm-none-eabi/13.3.1/../../../../arm-none-eabi/lib/thumb/v7e-m+fp/hard\libc_nano.a
END GROUP
START GROUP
LOAD C:/ST/STM32CubeIDE_1.19.0/STM32CubeIDE/plugins/com.st.stm32cube.ide.mcu.externaltools.gnu-tools-for-stm32.13.3.rel1.win32_1.0.0.202411081344/tools/bin/../lib/gcc/arm-none-eabi/13.3.1/thumb/v7e-m+fp/hard\libgcc.a
LOAD C:/ST/STM32CubeIDE_1.19.0/STM32CubeIDE/plugins/com.st.stm32cube.ide.mcu.externaltools.gnu-tools-for-stm32.13.3.rel1.win32_1.0.0.202411081344/tools/bin/../lib/gcc/arm-none-eabi/13.3.1/../../../../arm-none-eabi/lib/thumb/v7e-m+fp/hard\libc_nano.a
LOAD C:/ST/STM32CubeIDE_1.19.0/STM32CubeIDE/plugins/com.st.stm32cube.ide.mcu.externaltools.gnu-tools-for-stm32.13.3.rel1.win32_1.0.0.202411081344/tools/bin/../lib/gcc/arm-none-eabi/13.3.1/../../../../arm-none-eabi/lib/thumb/v7e-m+fp/hard\libnosys.a
END GROUP
START GROUP
LOAD C:/ST/STM32CubeIDE_1.19.0/STM32CubeIDE/plugins/com.st.stm32cube.ide.mcu.externaltools.gnu-tools-for-stm32.13.3.rel1.win32_1.0.0.202411081344/tools/bin/../lib/gcc/arm-none-eabi/13.3.1/thumb/v7e-m+fp/hard\libgcc.a
LOAD C:/ST/STM32CubeIDE_1.19.0/STM32CubeIDE/plugins/com.st.stm32cube.ide.mcu.externaltools.gnu-tools-for-stm32.13.3.rel1.win32_1.0.0.202411081344/tools/bin/../lib/gcc/arm-none-eabi/13.3.1/../../../../arm-none-eabi/lib/thumb/v7e-m+fp/hard\libc_nano.a
LOAD C:/ST/STM32CubeIDE_1.19.0/STM32CubeIDE/plugins/com.st.stm32cube.ide.mcu.externaltools.gnu-tools-for-stm32.13.3.rel1.win32_1.0.0.202411081344/tools/bin/../lib/gcc/arm-none-eabi/13.3.1/../../../../arm-none-eabi/lib/thumb/v7e-m+fp/hard\libnosys.a
END GROUP
LOAD C:/ST/STM32CubeIDE_1.19.0/STM32CubeIDE/plugins/com.st.stm32cube.ide.mcu.externaltools.gnu-tools-for-stm32.13.3.rel1.win32_1.0.0.202411081344/tools/bin/../lib/gcc/arm-none-eabi/13.3.1/thumb/v7e-m+fp/hard/crtend.o
LOAD C:/ST/STM32CubeIDE_1.19.0/STM32CubeIDE/plugins/com.st.stm32cube.ide.mcu.externaltools.gnu-tools-for-stm32.13.3.rel1.win32_1.0.0.202411081344/tools/bin/../lib/gcc/arm-none-eabi/13.3.1/thumb/v7e-m+fp/hard/crtn.o
                0x20018000                        _estack = (ORIGIN (RAM) + LENGTH (RAM))
                0x00000200                        _Min_Heap_Size = 0x200
                0x00000400                        _Min_Stack_Size = 0x400

.isr_vector     0x08000000      0x188
                0x08000000                        . = ALIGN (0x4)
 *(.isr_vector)
 .isr_vector    0x08000000      0x188 ./Core/Startup/startup_stm32l476rgtx.o
                0x08000000                g_pfnVectors
                0x08000188                        . = ALIGN (0x4)

.text           0x08000188     0x8320
                0x08000188                        . = ALIGN (0x4)
 *(.text)
 .text          0x08000188       0x40 C:/ST/STM32CubeIDE_1.19.0/STM32CubeIDE/plugins/com.st.stm32cube.ide.mcu.externaltools.gnu-tools-for-stm32.13.3.rel1.win32_1.0.0.202411081344/tools/bin/../lib/gcc/arm-none-eabi/13.3.1/thumb/v7e-m+fp/hard/crtbegin.o
 .text          0x080001c8       0x30 C:/ST/STM32CubeIDE_1.19.0/STM32CubeIDE/plugins/com.st.stm32cube.ide.mcu.externaltools.gnu-tools-for-stm32.13.3.rel1.win32_1.0.0.202411081344/tools/bin/../lib/gcc/arm-none-eabi/13.3.1/thumb/v7e-m+fp/hard\libgcc.a(_aeabi_uldivmod.o)
                0x080001c8                __aeabi_uldivmod
 .text          0x080001f8      0x2f8 C:/ST/STM32CubeIDE_1.19.0/STM32CubeIDE/plugins/com.st.stm32cube.ide.mcu.externaltools.gnu-tools-for-stm32.13.3.rel1.win32_1.0.0.202411081344/tools/bin/../lib/gcc/arm-none-eabi/13.3.1/thumb/v7e-m+fp/hard\libgcc.a(_udivmoddi4.o)
                0x080001f8                __udivmoddi4
 .text          0x080004f0        0x4 C:/ST/STM32CubeIDE_1.19.0/STM32CubeIDE/plugins/com.st.stm32cube.ide.mcu.externaltools.gnu-tools-for-stm32.13.3.rel1.win32_1.0.0.202411081344/tools/bin/../lib/gcc/arm-none-eabi/13.3.1/thumb/v7e-m+fp/hard\libgcc.a(_dvmd_tls.o)
                0x080004f0                __aeabi_idiv0
                0x080004f0                __aeabi_ldiv0
 *(.text*)
 .text.main     0x080004f4       0x68 ./Core/Src/main.o
                0x080004f4                main
 .text.SystemClock_Config
                0x0800055c       0xc4 ./Core/Src/main.o
                0x0800055c                SystemClock_Config
 .text.MX_USART2_UART_Init
                0x08000620       0x60 ./Core/Src/main.o
 .text.MX_GPIO_Init
                0x08000680       0xf4 ./Core/Src/main.o
 .text.HAL_GPIO_EXTI_Callback
                0x08000774       0x30 ./Core/Src/main.o
                0x08000774                HAL_GPIO_EXTI_Callback
 .text.Error_Handler
                0x080007a4        0xc ./Core/Src/main.o
                0x080007a4                Error_Handler
 .text.HAL_MspInit
                0x080007b0       0x48 ./Core/Src/stm32l4xx_hal_msp.o
                0x080007b0                HAL_MspInit
 .text.HAL_UART_MspInit
                0x080007f8       0xb8 ./Core/Src/stm32l4xx_hal_msp.o
                0x080007f8                HAL_UART_MspInit
 .text.NMI_Handler
                0x080008b0        0x8 ./Core/Src/stm32l4xx_it.o
                0x080008b0                NMI_Handler
 .text.HardFault_Handler
                0x080008b8        0x8 ./Core/Src/stm32l4xx_it.o
                0x080008b8                HardFault_Handler
 .text.MemManage_Handler
                0x080008c0        0x8 ./Core/Src/stm32l4xx_it.o
                0x080008c0                MemManage_Handler
 .text.BusFault_Handler
                0x080008c8        0x8 ./Core/Src/stm32l4xx_it.o
                0x080008c8                BusFault_Handler
 .text.UsageFault_Handler
                0x080008d0        0x8 ./Core/Src/stm32l4xx_it.o
                0x080008d0                UsageFault_Handler
 .text.SVC_Handler
                0x080008d8        0xe ./Core/Src/stm32l4xx_it.o
                0x080008d8                SVC_Handler
 .text.DebugMon_Handler
                0x080008e6        0xe ./Core/Src/stm32l4xx_it.o
                0x080008e6                DebugMon_Handler
 .text.PendSV_Handler
                0x080008f4        0xe ./Core/Src/stm32l4xx_it.o
                0x080008f4                PendSV_Handler
 .text.SysTick_Handler
                0x08000902        0xc ./Core/Src/stm32l4xx_it.o
                0x08000902                SysTick_Handler
 .text.EXTI15_10_IRQHandler
                0x0800090e       0x10 ./Core/Src/stm32l4xx_it.o
                0x0800090e                EXTI15_10_IRQHandler
 *fill*         0x0800091e        0x2 
 .text.OTG_FS_IRQHandler
                0x08000920       0x14 ./Core/Src/stm32l4xx_it.o
                0x08000920                OTG_FS_IRQHandler
 .text.SystemInit
                0x08000934       0x24 ./Core/Src/system_stm32l4xx.o
                0x08000934                SystemInit
 .text.Reset_Handler
                0x08000958       0x50 ./Core/Startup/startup_stm32l476rgtx.o
                0x08000958                Reset_Handler
 .text.Default_Handler
                0x080009a8        0x2 ./Core/Startup/startup_stm32l476rgtx.o
                0x080009a8                RTC_Alarm_IRQHandler
                0x080009a8                EXTI2_IRQHandler
                0x080009a8                TIM8_TRG_COM_IRQHandler
                0x080009a8                TIM8_CC_IRQHandler
                0x080009a8                TIM1_CC_IRQHandler
                0x080009a8                TSC_IRQHandler
                0x080009a8                TAMP_STAMP_IRQHandler
                0x080009a8                EXTI3_IRQHandler
                0x080009a8                LPTIM2_IRQHandler
                0x080009a8                DFSDM1_FLT1_IRQHandler
                0x080009a8                I2C3_ER_IRQHandler
                0x080009a8                DFSDM1_FLT2_IRQHandler
                0x080009a8                EXTI0_IRQHandler
                0x080009a8                I2C2_EV_IRQHandler
                0x080009a8                CAN1_RX0_IRQHandler
                0x080009a8                FPU_IRQHandler
                0x080009a8                TIM1_UP_TIM16_IRQHandler
                0x080009a8                ADC1_2_IRQHandler
                0x080009a8                SPI1_IRQHandler
                0x080009a8                TIM6_DAC_IRQHandler
                0x080009a8                TIM8_UP_IRQHandler
                0x080009a8                DMA2_Channel2_IRQHandler
                0x080009a8                DMA1_Channel4_IRQHandler
                0x080009a8                SAI2_IRQHandler
                0x080009a8                DFSDM1_FLT3_IRQHandler
                0x080009a8                USART3_IRQHandler
                0x080009a8                DMA1_Channel7_IRQHandler
                0x080009a8                CAN1_RX1_IRQHandler
                0x080009a8                LCD_IRQHandler
                0x080009a8                UART5_IRQHandler
                0x080009a8                ADC3_IRQHandler
                0x080009a8                TIM4_IRQHandler
                0x080009a8                DMA2_Channel1_IRQHandler
                0x080009a8                QUADSPI_IRQHandler
                0x080009a8                I2C1_EV_IRQHandler
                0x080009a8                DMA1_Channel6_IRQHandler
                0x080009a8                UART4_IRQHandler
                0x080009a8                DMA2_Channel4_IRQHandler
                0x080009a8                TIM3_IRQHandler
                0x080009a8                RCC_IRQHandler
                0x080009a8                DMA1_Channel1_IRQHandler
                0x080009a8                Default_Handler
                0x080009a8                DMA2_Channel7_IRQHandler
                0x080009a8                TIM7_IRQHandler
                0x080009a8                SDMMC1_IRQHandler
                0x080009a8                TIM5_IRQHandler
                0x080009a8                I2C3_EV_IRQHandler
                0x080009a8                EXTI9_5_IRQHandler
                0x080009a8                RTC_WKUP_IRQHandler
                0x080009a8                PVD_PVM_IRQHandler
                0x080009a8                SPI2_IRQHandler
                0x080009a8                CAN1_TX_IRQHandler
                0x080009a8                DMA2_Channel5_IRQHandler
                0x080009a8                DMA1_Channel5_IRQHandler
                0x080009a8                EXTI4_IRQHandler
                0x080009a8                RNG_IRQHandler
                0x080009a8                TIM1_TRG_COM_TIM17_IRQHandler
                0x080009a8                DMA1_Channel3_IRQHandler
                0x080009a8                COMP_IRQHandler
                0x080009a8                WWDG_IRQHandler
                0x080009a8                LPUART1_IRQHandler
                0x080009a8                DMA2_Channel6_IRQHandler
                0x080009a8                TIM2_IRQHandler
                0x080009a8                EXTI1_IRQHandler
                0x080009a8                USART2_IRQHandler
                0x080009a8                DFSDM1_FLT0_IRQHandler
                0x080009a8                I2C2_ER_IRQHandler
                0x080009a8                DMA1_Channel2_IRQHandler
                0x080009a8                TIM8_BRK_IRQHandler
                0x080009a8                CAN1_SCE_IRQHandler
                0x080009a8                FLASH_IRQHandler
                0x080009a8                USART1_IRQHandler
                0x080009a8                SPI3_IRQHandler
                0x080009a8                I2C1_ER_IRQHandler
                0x080009a8                FMC_IRQHandler
                0x080009a8                SWPMI1_IRQHandler
                0x080009a8                LPTIM1_IRQHandler
                0x080009a8                SAI1_IRQHandler
                0x080009a8                DMA2_Channel3_IRQHandler
                0x080009a8                TIM1_BRK_TIM15_IRQHandler
 .text.HAL_Init
                0x080009aa       0x30 ./Drivers/STM32L4xx_HAL_Driver/Src/stm32l4xx_hal.o
                0x080009aa                HAL_Init
 *fill*         0x080009da        0x2 
 .text.HAL_InitTick
                0x080009dc       0x78 ./Drivers/STM32L4xx_HAL_Driver/Src/stm32l4xx_hal.o
                0x080009dc                HAL_InitTick
 .text.HAL_IncTick
                0x08000a54       0x28 ./Drivers/STM32L4xx_HAL_Driver/Src/stm32l4xx_hal.o
                0x08000a54                HAL_IncTick
 .text.HAL_GetTick
                0x08000a7c       0x18 ./Drivers/STM32L4xx_HAL_Driver/Src/stm32l4xx_hal.o
                0x08000a7c                HAL_GetTick
 .text.HAL_Delay
                0x08000a94       0x48 ./Drivers/STM32L4xx_HAL_Driver/Src/stm32l4xx_hal.o
                0x08000a94                HAL_Delay
 .text.__NVIC_SetPriorityGrouping
                0x08000adc       0x48 ./Drivers/STM32L4xx_HAL_Driver/Src/stm32l4xx_hal_cortex.o
 .text.__NVIC_GetPriorityGrouping
                0x08000b24       0x1c ./Drivers/STM32L4xx_HAL_Driver/Src/stm32l4xx_hal_cortex.o
 .text.__NVIC_EnableIRQ
                0x08000b40       0x3c ./Drivers/STM32L4xx_HAL_Driver/Src/stm32l4xx_hal_cortex.o
 .text.__NVIC_SetPriority
                0x08000b7c       0x54 ./Drivers/STM32L4xx_HAL_Driver/Src/stm32l4xx_hal_cortex.o
 .text.NVIC_EncodePriority
                0x08000bd0       0x66 ./Drivers/STM32L4xx_HAL_Driver/Src/stm32l4xx_hal_cortex.o
 *fill*         0x08000c36        0x2 
 .text.SysTick_Config
                0x08000c38       0x44 ./Drivers/STM32L4xx_HAL_Driver/Src/stm32l4xx_hal_cortex.o
 .text.HAL_NVIC_SetPriorityGrouping
                0x08000c7c       0x16 ./Drivers/STM32L4xx_HAL_Driver/Src/stm32l4xx_hal_cortex.o
                0x08000c7c                HAL_NVIC_SetPriorityGrouping
 .text.HAL_NVIC_SetPriority
                0x08000c92       0x38 ./Drivers/STM32L4xx_HAL_Driver/Src/stm32l4xx_hal_cortex.o
                0x08000c92                HAL_NVIC_SetPriority
 .text.HAL_NVIC_EnableIRQ
                0x08000cca       0x1c ./Drivers/STM32L4xx_HAL_Driver/Src/stm32l4xx_hal_cortex.o
                0x08000cca                HAL_NVIC_EnableIRQ
 .text.HAL_SYSTICK_Config
                0x08000ce6       0x18 ./Drivers/STM32L4xx_HAL_Driver/Src/stm32l4xx_hal_cortex.o
                0x08000ce6                HAL_SYSTICK_Config
 *fill*         0x08000cfe        0x2 
 .text.HAL_GPIO_Init
                0x08000d00      0x354 ./Drivers/STM32L4xx_HAL_Driver/Src/stm32l4xx_hal_gpio.o
                0x08000d00                HAL_GPIO_Init
 .text.HAL_GPIO_ReadPin
                0x08001054       0x30 ./Drivers/STM32L4xx_HAL_Driver/Src/stm32l4xx_hal_gpio.o
                0x08001054                HAL_GPIO_ReadPin
 .text.HAL_GPIO_WritePin
                0x08001084       0x30 ./Drivers/STM32L4xx_HAL_Driver/Src/stm32l4xx_hal_gpio.o
                0x08001084                HAL_GPIO_WritePin
 .text.HAL_GPIO_TogglePin
                0x080010b4       0x34 ./Drivers/STM32L4xx_HAL_Driver/Src/stm32l4xx_hal_gpio.o
                0x080010b4                HAL_GPIO_TogglePin
 .text.HAL_GPIO_EXTI_IRQHandler
                0x080010e8       0x30 ./Drivers/STM32L4xx_HAL_Driver/Src/stm32l4xx_hal_gpio.o
                0x080010e8                HAL_GPIO_EXTI_IRQHandler
 .text.HAL_PCD_Init
                0x08001118      0x21e ./Drivers/STM32L4xx_HAL_Driver/Src/stm32l4xx_hal_pcd.o
                0x08001118                HAL_PCD_Init
 .text.HAL_PCD_Start
                0x08001336       0x5e ./Drivers/STM32L4xx_HAL_Driver/Src/stm32l4xx_hal_pcd.o
                0x08001336                HAL_PCD_Start
 .text.HAL_PCD_IRQHandler
                0x08001394      0x960 ./Drivers/STM32L4xx_HAL_Driver/Src/stm32l4xx_hal_pcd.o
                0x08001394                HAL_PCD_IRQHandler
 .text.HAL_PCD_SetAddress
                0x08001cf4       0x48 ./Drivers/STM32L4xx_HAL_Driver/Src/stm32l4xx_hal_pcd.o
                0x08001cf4                HAL_PCD_SetAddress
 .text.HAL_PCD_EP_Open
                0x08001d3c       0xd4 ./Drivers/STM32L4xx_HAL_Driver/Src/stm32l4xx_hal_pcd.o
                0x08001d3c                HAL_PCD_EP_Open
 .text.HAL_PCD_EP_Close
                0x08001e10       0x94 ./Drivers/STM32L4xx_HAL_Driver/Src/stm32l4xx_hal_pcd.o
                0x08001e10                HAL_PCD_EP_Close
 .text.HAL_PCD_EP_Receive
                0x08001ea4       0x64 ./Drivers/STM32L4xx_HAL_Driver/Src/stm32l4xx_hal_pcd.o
                0x08001ea4                HAL_PCD_EP_Receive
 .text.HAL_PCD_EP_Transmit
                0x08001f08       0x62 ./Drivers/STM32L4xx_HAL_Driver/Src/stm32l4xx_hal_pcd.o
                0x08001f08                HAL_PCD_EP_Transmit
 .text.HAL_PCD_EP_SetStall
                0x08001f6a       0xc4 ./Drivers/STM32L4xx_HAL_Driver/Src/stm32l4xx_hal_pcd.o
                0x08001f6a                HAL_PCD_EP_SetStall
 .text.HAL_PCD_EP_ClrStall
                0x0800202e       0xac ./Drivers/STM32L4xx_HAL_Driver/Src/stm32l4xx_hal_pcd.o
                0x0800202e                HAL_PCD_EP_ClrStall
 .text.HAL_PCD_EP_Abort
                0x080020da       0x62 ./Drivers/STM32L4xx_HAL_Driver/Src/stm32l4xx_hal_pcd.o
                0x080020da                HAL_PCD_EP_Abort
 .text.PCD_WriteEmptyTxFifo
                0x0800213c      0x110 ./Drivers/STM32L4xx_HAL_Driver/Src/stm32l4xx_hal_pcd.o
 .text.PCD_EP_OutXfrComplete_int
                0x0800224c       0x9c ./Drivers/STM32L4xx_HAL_Driver/Src/stm32l4xx_hal_pcd.o
 .text.PCD_EP_OutSetupPacket_int
                0x080022e8       0x68 ./Drivers/STM32L4xx_HAL_Driver/Src/stm32l4xx_hal_pcd.o
 .text.HAL_PCDEx_SetTxFiFo
                0x08002350       0x8e ./Drivers/STM32L4xx_HAL_Driver/Src/stm32l4xx_hal_pcd_ex.o
                0x08002350                HAL_PCDEx_SetTxFiFo
 .text.HAL_PCDEx_SetRxFiFo
                0x080023de       0x22 ./Drivers/STM32L4xx_HAL_Driver/Src/stm32l4xx_hal_pcd_ex.o
                0x080023de                HAL_PCDEx_SetRxFiFo
 .text.HAL_PCDEx_ActivateLPM
                0x08002400       0x48 ./Drivers/STM32L4xx_HAL_Driver/Src/stm32l4xx_hal_pcd_ex.o
                0x08002400                HAL_PCDEx_ActivateLPM
 .text.HAL_PWR_EnableBkUpAccess
                0x08002448       0x20 ./Drivers/STM32L4xx_HAL_Driver/Src/stm32l4xx_hal_pwr.o
                0x08002448                HAL_PWR_EnableBkUpAccess
 .text.HAL_PWREx_GetVoltageRange
                0x08002468       0x1c ./Drivers/STM32L4xx_HAL_Driver/Src/stm32l4xx_hal_pwr_ex.o
                0x08002468                HAL_PWREx_GetVoltageRange
 .text.HAL_PWREx_ControlVoltageScaling
                0x08002484       0xac ./Drivers/STM32L4xx_HAL_Driver/Src/stm32l4xx_hal_pwr_ex.o
                0x08002484                HAL_PWREx_ControlVoltageScaling
 .text.HAL_PWREx_EnableVddUSB
                0x08002530       0x20 ./Drivers/STM32L4xx_HAL_Driver/Src/stm32l4xx_hal_pwr_ex.o
                0x08002530                HAL_PWREx_EnableVddUSB
 .text.HAL_RCC_OscConfig
                0x08002550      0x7b8 ./Drivers/STM32L4xx_HAL_Driver/Src/stm32l4xx_hal_rcc.o
                0x08002550                HAL_RCC_OscConfig
 .text.HAL_RCC_ClockConfig
                0x08002d08      0x200 ./Drivers/STM32L4xx_HAL_Driver/Src/stm32l4xx_hal_rcc.o
                0x08002d08                HAL_RCC_ClockConfig
 .text.HAL_RCC_GetSysClockFreq
                0x08002f08      0x118 ./Drivers/STM32L4xx_HAL_Driver/Src/stm32l4xx_hal_rcc.o
                0x08002f08                HAL_RCC_GetSysClockFreq
 .text.HAL_RCC_GetHCLKFreq
                0x08003020       0x18 ./Drivers/STM32L4xx_HAL_Driver/Src/stm32l4xx_hal_rcc.o
                0x08003020                HAL_RCC_GetHCLKFreq
 .text.HAL_RCC_GetPCLK1Freq
                0x08003038       0x2c ./Drivers/STM32L4xx_HAL_Driver/Src/stm32l4xx_hal_rcc.o
                0x08003038                HAL_RCC_GetPCLK1Freq
 .text.HAL_RCC_GetPCLK2Freq
                0x08003064       0x2c ./Drivers/STM32L4xx_HAL_Driver/Src/stm32l4xx_hal_rcc.o
                0x08003064                HAL_RCC_GetPCLK2Freq
 .text.RCC_SetFlashLatencyFromMSIRange
                0x08003090       0xc0 ./Drivers/STM32L4xx_HAL_Driver/Src/stm32l4xx_hal_rcc.o
 .text.HAL_RCCEx_PeriphCLKConfig
                0x08003150      0x5d4 ./Drivers/STM32L4xx_HAL_Driver/Src/stm32l4xx_hal_rcc_ex.o
                0x08003150                HAL_RCCEx_PeriphCLKConfig
 .text.HAL_RCCEx_EnableMSIPLLMode
                0x08003724       0x20 ./Drivers/STM32L4xx_HAL_Driver/Src/stm32l4xx_hal_rcc_ex.o
                0x08003724                HAL_RCCEx_EnableMSIPLLMode
 .text.RCCEx_PLLSAI1_Config
                0x08003744      0x1e8 ./Drivers/STM32L4xx_HAL_Driver/Src/stm32l4xx_hal_rcc_ex.o
 .text.RCCEx_PLLSAI2_Config
                0x0800392c      0x1bc ./Drivers/STM32L4xx_HAL_Driver/Src/stm32l4xx_hal_rcc_ex.o
 .text.HAL_UART_Init
                0x08003ae8       0x9c ./Drivers/STM32L4xx_HAL_Driver/Src/stm32l4xx_hal_uart.o
                0x08003ae8                HAL_UART_Init
 .text.UART_SetConfig
                0x08003b84      0x570 ./Drivers/STM32L4xx_HAL_Driver/Src/stm32l4xx_hal_uart.o
                0x08003b84                UART_SetConfig
 .text.UART_AdvFeatureConfig
                0x080040f4      0x144 ./Drivers/STM32L4xx_HAL_Driver/Src/stm32l4xx_hal_uart.o
                0x080040f4                UART_AdvFeatureConfig
 .text.UART_CheckIdleState
                0x08004238      0x150 ./Drivers/STM32L4xx_HAL_Driver/Src/stm32l4xx_hal_uart.o
                0x08004238                UART_CheckIdleState
 .text.UART_WaitOnFlagUntilTimeout
                0x08004388       0xda ./Drivers/STM32L4xx_HAL_Driver/Src/stm32l4xx_hal_uart.o
                0x08004388                UART_WaitOnFlagUntilTimeout
 .text.UART_EndRxTransfer
                0x08004462       0xc8 ./Drivers/STM32L4xx_HAL_Driver/Src/stm32l4xx_hal_uart.o
 .text.USB_CoreInit
                0x0800452a       0x5a ./Drivers/STM32L4xx_HAL_Driver/Src/stm32l4xx_ll_usb.o
                0x0800452a                USB_CoreInit
 .text.USB_SetTurnaroundTime
                0x08004584      0x138 ./Drivers/STM32L4xx_HAL_Driver/Src/stm32l4xx_ll_usb.o
                0x08004584                USB_SetTurnaroundTime
 .text.USB_EnableGlobalInt
                0x080046bc       0x22 ./Drivers/STM32L4xx_HAL_Driver/Src/stm32l4xx_ll_usb.o
                0x080046bc                USB_EnableGlobalInt
 .text.USB_DisableGlobalInt
                0x080046de       0x22 ./Drivers/STM32L4xx_HAL_Driver/Src/stm32l4xx_ll_usb.o
                0x080046de                USB_DisableGlobalInt
 .text.USB_SetCurrentMode
                0x08004700       0x98 ./Drivers/STM32L4xx_HAL_Driver/Src/stm32l4xx_ll_usb.o
                0x08004700                USB_SetCurrentMode
 .text.USB_DevInit
                0x08004798      0x290 ./Drivers/STM32L4xx_HAL_Driver/Src/stm32l4xx_ll_usb.o
                0x08004798                USB_DevInit
 .text.USB_FlushTxFifo
                0x08004a28       0x64 ./Drivers/STM32L4xx_HAL_Driver/Src/stm32l4xx_ll_usb.o
                0x08004a28                USB_FlushTxFifo
 .text.USB_FlushRxFifo
                0x08004a8c       0x5c ./Drivers/STM32L4xx_HAL_Driver/Src/stm32l4xx_ll_usb.o
                0x08004a8c                USB_FlushRxFifo
 .text.USB_SetDevSpeed
                0x08004ae8       0x32 ./Drivers/STM32L4xx_HAL_Driver/Src/stm32l4xx_ll_usb.o
                0x08004ae8                USB_SetDevSpeed
 .text.USB_GetDevSpeed
                0x08004b1a       0x3e ./Drivers/STM32L4xx_HAL_Driver/Src/stm32l4xx_ll_usb.o
                0x08004b1a                USB_GetDevSpeed
 .text.USB_ActivateEndpoint
                0x08004b58      0x10e ./Drivers/STM32L4xx_HAL_Driver/Src/stm32l4xx_ll_usb.o
                0x08004b58                USB_ActivateEndpoint
 *fill*         0x08004c66        0x2 
 .text.USB_DeactivateEndpoint
                0x08004c68      0x1b8 ./Drivers/STM32L4xx_HAL_Driver/Src/stm32l4xx_ll_usb.o
                0x08004c68                USB_DeactivateEndpoint
 .text.USB_EPStartXfer
                0x08004e20      0x470 ./Drivers/STM32L4xx_HAL_Driver/Src/stm32l4xx_ll_usb.o
                0x08004e20                USB_EPStartXfer
 .text.USB_EPStopXfer
                0x08005290      0x1fa ./Drivers/STM32L4xx_HAL_Driver/Src/stm32l4xx_ll_usb.o
                0x08005290                USB_EPStopXfer
 .text.USB_EPSetStall
                0x0800548a       0xdc ./Drivers/STM32L4xx_HAL_Driver/Src/stm32l4xx_ll_usb.o
                0x0800548a                USB_EPSetStall
 .text.USB_EPClearStall
                0x08005566       0xcc ./Drivers/STM32L4xx_HAL_Driver/Src/stm32l4xx_ll_usb.o
                0x08005566                USB_EPClearStall
 .text.USB_WritePacket
                0x08005632       0x74 ./Drivers/STM32L4xx_HAL_Driver/Src/stm32l4xx_ll_usb.o
                0x08005632                USB_WritePacket
 .text.USB_ReadPacket
                0x080056a6       0xb0 ./Drivers/STM32L4xx_HAL_Driver/Src/stm32l4xx_ll_usb.o
                0x080056a6                USB_ReadPacket
 .text.USB_SetDevAddress
                0x08005756       0x4c ./Drivers/STM32L4xx_HAL_Driver/Src/stm32l4xx_ll_usb.o
                0x08005756                USB_SetDevAddress
 .text.USB_DevConnect
                0x080057a2       0x42 ./Drivers/STM32L4xx_HAL_Driver/Src/stm32l4xx_ll_usb.o
                0x080057a2                USB_DevConnect
 .text.USB_DevDisconnect
                0x080057e4       0x42 ./Drivers/STM32L4xx_HAL_Driver/Src/stm32l4xx_ll_usb.o
                0x080057e4                USB_DevDisconnect
 .text.USB_ReadInterrupts
                0x08005826       0x26 ./Drivers/STM32L4xx_HAL_Driver/Src/stm32l4xx_ll_usb.o
                0x08005826                USB_ReadInterrupts
 .text.USB_ReadDevAllOutEpInterrupt
                0x0800584c       0x34 ./Drivers/STM32L4xx_HAL_Driver/Src/stm32l4xx_ll_usb.o
                0x0800584c                USB_ReadDevAllOutEpInterrupt
 .text.USB_ReadDevAllInEpInterrupt
                0x08005880       0x34 ./Drivers/STM32L4xx_HAL_Driver/Src/stm32l4xx_ll_usb.o
                0x08005880                USB_ReadDevAllInEpInterrupt
 .text.USB_ReadDevOutEPInterrupt
                0x080058b4       0x3c ./Drivers/STM32L4xx_HAL_Driver/Src/stm32l4xx_ll_usb.o
                0x080058b4                USB_ReadDevOutEPInterrupt
 .text.USB_ReadDevInEPInterrupt
                0x080058f0       0x5c ./Drivers/STM32L4xx_HAL_Driver/Src/stm32l4xx_ll_usb.o
                0x080058f0                USB_ReadDevInEPInterrupt
 .text.USB_GetMode
                0x0800594c       0x1c ./Drivers/STM32L4xx_HAL_Driver/Src/stm32l4xx_ll_usb.o
                0x0800594c                USB_GetMode
 .text.USB_ActivateSetup
                0x08005968       0x46 ./Drivers/STM32L4xx_HAL_Driver/Src/stm32l4xx_ll_usb.o
                0x08005968                USB_ActivateSetup
 *fill*         0x080059ae        0x2 
 .text.USB_EP0_OutStart
                0x080059b0       0x90 ./Drivers/STM32L4xx_HAL_Driver/Src/stm32l4xx_ll_usb.o
                0x080059b0                USB_EP0_OutStart
 .text.USB_CoreReset
                0x08005a40       0x70 ./Drivers/STM32L4xx_HAL_Driver/Src/stm32l4xx_ll_usb.o
 .text.USBD_CUSTOM_HID_Init
                0x08005ab0      0x154 ./Middlewares/ST/STM32_USB_Device_Library/Class/CustomHID/Src/usbd_customhid.o
 .text.USBD_CUSTOM_HID_DeInit
                0x08005c04       0xf4 ./Middlewares/ST/STM32_USB_Device_Library/Class/CustomHID/Src/usbd_customhid.o
 .text.USBD_CUSTOM_HID_Setup
                0x08005cf8      0x254 ./Middlewares/ST/STM32_USB_Device_Library/Class/CustomHID/Src/usbd_customhid.o
 .text.USBD_CUSTOM_HID_SendReport
                0x08005f4c       0x64 ./Middlewares/ST/STM32_USB_Device_Library/Class/CustomHID/Src/usbd_customhid.o
                0x08005f4c                USBD_CUSTOM_HID_SendReport
 .text.USBD_CUSTOM_HID_GetFSCfgDesc
                0x08005fb0       0x64 ./Middlewares/ST/STM32_USB_Device_Library/Class/CustomHID/Src/usbd_customhid.o
 .text.USBD_CUSTOM_HID_GetHSCfgDesc
                0x08006014       0x64 ./Middlewares/ST/STM32_USB_Device_Library/Class/CustomHID/Src/usbd_customhid.o
 .text.USBD_CUSTOM_HID_GetOtherSpeedCfgDesc
                0x08006078       0x64 ./Middlewares/ST/STM32_USB_Device_Library/Class/CustomHID/Src/usbd_customhid.o
 .text.USBD_CUSTOM_HID_DataIn
                0x080060dc       0x2c ./Middlewares/ST/STM32_USB_Device_Library/Class/CustomHID/Src/usbd_customhid.o
 .text.USBD_CUSTOM_HID_DataOut
                0x08006108       0x5a ./Middlewares/ST/STM32_USB_Device_Library/Class/CustomHID/Src/usbd_customhid.o
 *fill*         0x08006162        0x2 
 .text.USBD_CUSTOM_HID_ReceivePacket
                0x08006164       0x4c ./Middlewares/ST/STM32_USB_Device_Library/Class/CustomHID/Src/usbd_customhid.o
                0x08006164                USBD_CUSTOM_HID_ReceivePacket
 .text.USBD_CUSTOM_HID_EP0_RxReady
                0x080061b0       0x58 ./Middlewares/ST/STM32_USB_Device_Library/Class/CustomHID/Src/usbd_customhid.o
 .text.USBD_CUSTOM_HID_GetDeviceQualifierDesc
                0x08006208       0x20 ./Middlewares/ST/STM32_USB_Device_Library/Class/CustomHID/Src/usbd_customhid.o
 .text.USBD_CUSTOM_HID_RegisterInterface
                0x08006228       0x34 ./Middlewares/ST/STM32_USB_Device_Library/Class/CustomHID/Src/usbd_customhid.o
                0x08006228                USBD_CUSTOM_HID_RegisterInterface
 .text.USBD_Init
                0x0800625c       0x60 ./Middlewares/ST/STM32_USB_Device_Library/Core/Src/usbd_core.o
                0x0800625c                USBD_Init
 .text.USBD_RegisterClass
                0x080062bc       0x6c ./Middlewares/ST/STM32_USB_Device_Library/Core/Src/usbd_core.o
                0x080062bc                USBD_RegisterClass
 .text.USBD_Start
                0x08006328       0x18 ./Middlewares/ST/STM32_USB_Device_Library/Core/Src/usbd_core.o
                0x08006328                USBD_Start
 .text.USBD_RunTestMode
                0x08006340       0x16 ./Middlewares/ST/STM32_USB_Device_Library/Core/Src/usbd_core.o
                0x08006340                USBD_RunTestMode
 .text.USBD_SetClassConfig
                0x08006356       0x38 ./Middlewares/ST/STM32_USB_Device_Library/Core/Src/usbd_core.o
                0x08006356                USBD_SetClassConfig
 .text.USBD_ClrClassConfig
                0x0800638e       0x34 ./Middlewares/ST/STM32_USB_Device_Library/Core/Src/usbd_core.o
                0x0800638e                USBD_ClrClassConfig
 .text.USBD_LL_SetupStage
                0x080063c2       0xaa ./Middlewares/ST/STM32_USB_Device_Library/Core/Src/usbd_core.o
                0x080063c2                USBD_LL_SetupStage
 .text.USBD_LL_DataOutStage
                0x0800646c      0x178 ./Middlewares/ST/STM32_USB_Device_Library/Core/Src/usbd_core.o
                0x0800646c                USBD_LL_DataOutStage
 .text.USBD_LL_DataInStage
                0x080065e4      0x176 ./Middlewares/ST/STM32_USB_Device_Library/Core/Src/usbd_core.o
                0x080065e4                USBD_LL_DataInStage
 .text.USBD_LL_Reset
                0x0800675a       0xa6 ./Middlewares/ST/STM32_USB_Device_Library/Core/Src/usbd_core.o
                0x0800675a                USBD_LL_Reset
 .text.USBD_LL_SetSpeed
                0x08006800       0x20 ./Middlewares/ST/STM32_USB_Device_Library/Core/Src/usbd_core.o
                0x08006800                USBD_LL_SetSpeed
 .text.USBD_LL_Suspend
                0x08006820       0x38 ./Middlewares/ST/STM32_USB_Device_Library/Core/Src/usbd_core.o
                0x08006820                USBD_LL_Suspend
 .text.USBD_LL_Resume
                0x08006858       0x30 ./Middlewares/ST/STM32_USB_Device_Library/Core/Src/usbd_core.o
                0x08006858                USBD_LL_Resume
 .text.USBD_LL_SOF
                0x08006888       0x40 ./Middlewares/ST/STM32_USB_Device_Library/Core/Src/usbd_core.o
                0x08006888                USBD_LL_SOF
 .text.USBD_LL_IsoINIncomplete
                0x080068c8       0x64 ./Middlewares/ST/STM32_USB_Device_Library/Core/Src/usbd_core.o
                0x080068c8                USBD_LL_IsoINIncomplete
 .text.USBD_LL_IsoOUTIncomplete
                0x0800692c       0x64 ./Middlewares/ST/STM32_USB_Device_Library/Core/Src/usbd_core.o
                0x0800692c                USBD_LL_IsoOUTIncomplete
 .text.USBD_LL_DevConnected
                0x08006990       0x16 ./Middlewares/ST/STM32_USB_Device_Library/Core/Src/usbd_core.o
                0x08006990                USBD_LL_DevConnected
 .text.USBD_LL_DevDisconnected
                0x080069a6       0x46 ./Middlewares/ST/STM32_USB_Device_Library/Core/Src/usbd_core.o
                0x080069a6                USBD_LL_DevDisconnected
 .text.USBD_CoreFindIF
                0x080069ec       0x1a ./Middlewares/ST/STM32_USB_Device_Library/Core/Src/usbd_core.o
                0x080069ec                USBD_CoreFindIF
 .text.USBD_CoreFindEP
                0x08006a06       0x1a ./Middlewares/ST/STM32_USB_Device_Library/Core/Src/usbd_core.o
                0x08006a06                USBD_CoreFindEP
 .text.USBD_GetEpDesc
                0x08006a20       0x70 ./Middlewares/ST/STM32_USB_Device_Library/Core/Src/usbd_core.o
                0x08006a20                USBD_GetEpDesc
 .text.USBD_GetNextDesc
                0x08006a90       0x38 ./Middlewares/ST/STM32_USB_Device_Library/Core/Src/usbd_core.o
                0x08006a90                USBD_GetNextDesc
 .text.SWAPBYTE
                0x08006ac8       0x3e ./Middlewares/ST/STM32_USB_Device_Library/Core/Src/usbd_ctlreq.o
 *fill*         0x08006b06        0x2 
 .text.USBD_StdDevReq
                0x08006b08       0xe4 ./Middlewares/ST/STM32_USB_Device_Library/Core/Src/usbd_ctlreq.o
                0x08006b08                USBD_StdDevReq
 .text.USBD_StdItfReq
                0x08006bec       0xd8 ./Middlewares/ST/STM32_USB_Device_Library/Core/Src/usbd_ctlreq.o
                0x08006bec                USBD_StdItfReq
 .text.USBD_StdEPReq
                0x08006cc4      0x33e ./Middlewares/ST/STM32_USB_Device_Library/Core/Src/usbd_ctlreq.o
                0x08006cc4                USBD_StdEPReq
 *fill*         0x08007002        0x2 
 .text.USBD_GetDescriptor
                0x08007004      0x328 ./Middlewares/ST/STM32_USB_Device_Library/Core/Src/usbd_ctlreq.o
 .text.USBD_SetAddress
                0x0800732c       0x88 ./Middlewares/ST/STM32_USB_Device_Library/Core/Src/usbd_ctlreq.o
 .text.USBD_SetConfig
                0x080073b4      0x154 ./Middlewares/ST/STM32_USB_Device_Library/Core/Src/usbd_ctlreq.o
 .text.USBD_GetConfig
                0x08007508       0x6c ./Middlewares/ST/STM32_USB_Device_Library/Core/Src/usbd_ctlreq.o
 .text.USBD_GetStatus
                0x08007574       0x68 ./Middlewares/ST/STM32_USB_Device_Library/Core/Src/usbd_ctlreq.o
 .text.USBD_SetFeature
                0x080075dc       0x52 ./Middlewares/ST/STM32_USB_Device_Library/Core/Src/usbd_ctlreq.o
 .text.USBD_ClrFeature
                0x0800762e       0x44 ./Middlewares/ST/STM32_USB_Device_Library/Core/Src/usbd_ctlreq.o
 .text.USBD_ParseSetupRequest
                0x08007672       0x74 ./Middlewares/ST/STM32_USB_Device_Library/Core/Src/usbd_ctlreq.o
                0x08007672                USBD_ParseSetupRequest
 .text.USBD_CtlError
                0x080076e6       0x22 ./Middlewares/ST/STM32_USB_Device_Library/Core/Src/usbd_ctlreq.o
                0x080076e6                USBD_CtlError
 .text.USBD_GetString
                0x08007708       0xa4 ./Middlewares/ST/STM32_USB_Device_Library/Core/Src/usbd_ctlreq.o
                0x08007708                USBD_GetString
 .text.USBD_GetLen
                0x080077ac       0x34 ./Middlewares/ST/STM32_USB_Device_Library/Core/Src/usbd_ctlreq.o
 .text.USBD_CtlSendData
                0x080077e0       0x3c ./Middlewares/ST/STM32_USB_Device_Library/Core/Src/usbd_ioreq.o
                0x080077e0                USBD_CtlSendData
 .text.USBD_CtlContinueSendData
                0x0800781c       0x22 ./Middlewares/ST/STM32_USB_Device_Library/Core/Src/usbd_ioreq.o
                0x0800781c                USBD_CtlContinueSendData
 .text.USBD_CtlPrepareRx
                0x0800783e       0x42 ./Middlewares/ST/STM32_USB_Device_Library/Core/Src/usbd_ioreq.o
                0x0800783e                USBD_CtlPrepareRx
 .text.USBD_CtlContinueRx
                0x08007880       0x22 ./Middlewares/ST/STM32_USB_Device_Library/Core/Src/usbd_ioreq.o
                0x08007880                USBD_CtlContinueRx
 .text.USBD_CtlSendStatus
                0x080078a2       0x26 ./Middlewares/ST/STM32_USB_Device_Library/Core/Src/usbd_ioreq.o
                0x080078a2                USBD_CtlSendStatus
 .text.USBD_CtlReceiveStatus
                0x080078c8       0x26 ./Middlewares/ST/STM32_USB_Device_Library/Core/Src/usbd_ioreq.o
                0x080078c8                USBD_CtlReceiveStatus
 *fill*         0x080078ee        0x2 
 .text.MX_USB_DEVICE_Init
                0x080078f0       0x60 ./USB_DEVICE/App/usb_device.o
                0x080078f0                MX_USB_DEVICE_Init
 .text.CUSTOM_HID_Init_FS
                0x08007950       0x10 ./USB_DEVICE/App/usbd_custom_hid_if.o
 .text.CUSTOM_HID_DeInit_FS
                0x08007960       0x10 ./USB_DEVICE/App/usbd_custom_hid_if.o
 .text.CUSTOM_HID_OutEvent_FS
                0x08007970       0x24 ./USB_DEVICE/App/usbd_custom_hid_if.o
 .text.USBD_FS_DeviceDescriptor
                0x08007994       0x24 ./USB_DEVICE/App/usbd_desc.o
                0x08007994                USBD_FS_DeviceDescriptor
 .text.USBD_FS_LangIDStrDescriptor
                0x080079b8       0x24 ./USB_DEVICE/App/usbd_desc.o
                0x080079b8                USBD_FS_LangIDStrDescriptor
 .text.USBD_FS_ProductStrDescriptor
                0x080079dc       0x3c ./USB_DEVICE/App/usbd_desc.o
                0x080079dc                USBD_FS_ProductStrDescriptor
 .text.USBD_FS_ManufacturerStrDescriptor
                0x08007a18       0x28 ./USB_DEVICE/App/usbd_desc.o
                0x08007a18                USBD_FS_ManufacturerStrDescriptor
 .text.USBD_FS_SerialStrDescriptor
                0x08007a40       0x24 ./USB_DEVICE/App/usbd_desc.o
                0x08007a40                USBD_FS_SerialStrDescriptor
 .text.USBD_FS_ConfigStrDescriptor
                0x08007a64       0x3c ./USB_DEVICE/App/usbd_desc.o
                0x08007a64                USBD_FS_ConfigStrDescriptor
 .text.USBD_FS_InterfaceStrDescriptor
                0x08007aa0       0x3c ./USB_DEVICE/App/usbd_desc.o
                0x08007aa0                USBD_FS_InterfaceStrDescriptor
 .text.USBD_FS_USR_BOSDescriptor
                0x08007adc       0x24 ./USB_DEVICE/App/usbd_desc.o
                0x08007adc                USBD_FS_USR_BOSDescriptor
 .text.Get_SerialNum
                0x08007b00       0x58 ./USB_DEVICE/App/usbd_desc.o
 .text.IntToUnicode
                0x08007b58       0x7e ./USB_DEVICE/App/usbd_desc.o
 *fill*         0x08007bd6        0x2 
 .text.HAL_PCD_MspInit
                0x08007bd8      0x124 ./USB_DEVICE/Target/usbd_conf.o
                0x08007bd8                HAL_PCD_MspInit
 .text.HAL_PCD_SetupStageCallback
                0x08007cfc       0x24 ./USB_DEVICE/Target/usbd_conf.o
                0x08007cfc                HAL_PCD_SetupStageCallback
 .text.HAL_PCD_DataOutStageCallback
                0x08007d20       0x36 ./USB_DEVICE/Target/usbd_conf.o
                0x08007d20                HAL_PCD_DataOutStageCallback
 .text.HAL_PCD_DataInStageCallback
                0x08007d56       0x34 ./USB_DEVICE/Target/usbd_conf.o
                0x08007d56                HAL_PCD_DataInStageCallback
 .text.HAL_PCD_SOFCallback
                0x08007d8a       0x1c ./USB_DEVICE/Target/usbd_conf.o
                0x08007d8a                HAL_PCD_SOFCallback
 .text.HAL_PCD_ResetCallback
                0x08007da6       0x3c ./USB_DEVICE/Target/usbd_conf.o
                0x08007da6                HAL_PCD_ResetCallback
 *fill*         0x08007de2        0x2 
 .text.HAL_PCD_SuspendCallback
                0x08007de4       0x4c ./USB_DEVICE/Target/usbd_conf.o
                0x08007de4                HAL_PCD_SuspendCallback
 .text.HAL_PCD_ResumeCallback
                0x08007e30       0x50 ./USB_DEVICE/Target/usbd_conf.o
                0x08007e30                HAL_PCD_ResumeCallback
 .text.HAL_PCD_ISOOUTIncompleteCallback
                0x08007e80       0x24 ./USB_DEVICE/Target/usbd_conf.o
                0x08007e80                HAL_PCD_ISOOUTIncompleteCallback
 .text.HAL_PCD_ISOINIncompleteCallback
                0x08007ea4       0x24 ./USB_DEVICE/Target/usbd_conf.o
                0x08007ea4                HAL_PCD_ISOINIncompleteCallback
 .text.HAL_PCD_ConnectCallback
                0x08007ec8       0x1c ./USB_DEVICE/Target/usbd_conf.o
                0x08007ec8                HAL_PCD_ConnectCallback
 .text.HAL_PCD_DisconnectCallback
                0x08007ee4       0x1c ./USB_DEVICE/Target/usbd_conf.o
                0x08007ee4                HAL_PCD_DisconnectCallback
 .text.USBD_LL_Init
                0x08007f00       0x98 ./USB_DEVICE/Target/usbd_conf.o
                0x08007f00                USBD_LL_Init
 .text.USBD_LL_Start
                0x08007f98       0x64 ./USB_DEVICE/Target/usbd_conf.o
                0x08007f98                USBD_LL_Start
 .text.USBD_LL_OpenEP
                0x08007ffc       0x7c ./USB_DEVICE/Target/usbd_conf.o
                0x08007ffc                USBD_LL_OpenEP
 .text.USBD_LL_CloseEP
                0x08008078       0x6c ./USB_DEVICE/Target/usbd_conf.o
                0x08008078                USBD_LL_CloseEP
 .text.USBD_LL_StallEP
                0x080080e4       0x6c ./USB_DEVICE/Target/usbd_conf.o
                0x080080e4                USBD_LL_StallEP
 .text.USBD_LL_ClearStallEP
                0x08008150       0x6c ./USB_DEVICE/Target/usbd_conf.o
                0x08008150                USBD_LL_ClearStallEP
 .text.USBD_LL_IsStallEP
                0x080081bc       0x58 ./USB_DEVICE/Target/usbd_conf.o
                0x080081bc                USBD_LL_IsStallEP
 .text.USBD_LL_SetUSBAddress
                0x08008214       0x6c ./USB_DEVICE/Target/usbd_conf.o
                0x08008214                USBD_LL_SetUSBAddress
 .text.USBD_LL_Transmit
                0x08008280       0x70 ./USB_DEVICE/Target/usbd_conf.o
                0x08008280                USBD_LL_Transmit
 .text.USBD_LL_PrepareReceive
                0x080082f0       0x70 ./USB_DEVICE/Target/usbd_conf.o
                0x080082f0                USBD_LL_PrepareReceive
 .text.HAL_PCDEx_LPM_Callback
                0x08008360       0x9c ./USB_DEVICE/Target/usbd_conf.o
                0x08008360                HAL_PCDEx_LPM_Callback
 .text.USBD_static_malloc
                0x080083fc       0x1c ./USB_DEVICE/Target/usbd_conf.o
                0x080083fc                USBD_static_malloc
 .text.USBD_static_free
                0x08008418       0x14 ./USB_DEVICE/Target/usbd_conf.o
                0x08008418                USBD_static_free
 .text.SystemClockConfig_Resume
                0x0800842c        0xc ./USB_DEVICE/Target/usbd_conf.o
 .text.memset   0x08008438       0x10 C:/ST/STM32CubeIDE_1.19.0/STM32CubeIDE/plugins/com.st.stm32cube.ide.mcu.externaltools.gnu-tools-for-stm32.13.3.rel1.win32_1.0.0.202411081344/tools/bin/../lib/gcc/arm-none-eabi/13.3.1/../../../../arm-none-eabi/lib/thumb/v7e-m+fp/hard\libc_nano.a(libc_a-memset.o)
                0x08008438                memset
 .text.__libc_init_array
                0x08008448       0x48 C:/ST/STM32CubeIDE_1.19.0/STM32CubeIDE/plugins/com.st.stm32cube.ide.mcu.externaltools.gnu-tools-for-stm32.13.3.rel1.win32_1.0.0.202411081344/tools/bin/../lib/gcc/arm-none-eabi/13.3.1/../../../../arm-none-eabi/lib/thumb/v7e-m+fp/hard\libc_nano.a(libc_a-init.o)
                0x08008448                __libc_init_array
 *(.glue_7)
 .glue_7        0x08008490        0x0 linker stubs
 *(.glue_7t)
 .glue_7t       0x08008490        0x0 linker stubs
 *(.eh_frame)
 .eh_frame      0x08008490        0x0 C:/ST/STM32CubeIDE_1.19.0/STM32CubeIDE/plugins/com.st.stm32cube.ide.mcu.externaltools.gnu-tools-for-stm32.13.3.rel1.win32_1.0.0.202411081344/tools/bin/../lib/gcc/arm-none-eabi/13.3.1/thumb/v7e-m+fp/hard/crtbegin.o
 *(.init)
 .init          0x08008490        0x4 C:/ST/STM32CubeIDE_1.19.0/STM32CubeIDE/plugins/com.st.stm32cube.ide.mcu.externaltools.gnu-tools-for-stm32.13.3.rel1.win32_1.0.0.202411081344/tools/bin/../lib/gcc/arm-none-eabi/13.3.1/thumb/v7e-m+fp/hard/crti.o
                0x08008490                _init
 .init          0x08008494        0x8 C:/ST/STM32CubeIDE_1.19.0/STM32CubeIDE/plugins/com.st.stm32cube.ide.mcu.externaltools.gnu-tools-for-stm32.13.3.rel1.win32_1.0.0.202411081344/tools/bin/../lib/gcc/arm-none-eabi/13.3.1/thumb/v7e-m+fp/hard/crtn.o
 *(.fini)
 .fini          0x0800849c        0x4 C:/ST/STM32CubeIDE_1.19.0/STM32CubeIDE/plugins/com.st.stm32cube.ide.mcu.externaltools.gnu-tools-for-stm32.13.3.rel1.win32_1.0.0.202411081344/tools/bin/../lib/gcc/arm-none-eabi/13.3.1/thumb/v7e-m+fp/hard/crti.o
                0x0800849c                _fini
 .fini          0x080084a0        0x8 C:/ST/STM32CubeIDE_1.19.0/STM32CubeIDE/plugins/com.st.stm32cube.ide.mcu.externaltools.gnu-tools-for-stm32.13.3.rel1.win32_1.0.0.202411081344/tools/bin/../lib/gcc/arm-none-eabi/13.3.1/thumb/v7e-m+fp/hard/crtn.o
                0x080084a8                        . = ALIGN (0x4)
                0x080084a8                        _etext = .

.vfp11_veneer   0x080084a8        0x0
 .vfp11_veneer  0x080084a8        0x0 linker stubs

.v4_bx          0x080084a8        0x0
 .v4_bx         0x080084a8        0x0 linker stubs

.iplt           0x080084a8        0x0
 .iplt          0x080084a8        0x0 C:/ST/STM32CubeIDE_1.19.0/STM32CubeIDE/plugins/com.st.stm32cube.ide.mcu.externaltools.gnu-tools-for-stm32.13.3.rel1.win32_1.0.0.202411081344/tools/bin/../lib/gcc/arm-none-eabi/13.3.1/thumb/v7e-m+fp/hard/crtbegin.o

.rodata         0x080084a8       0xa8
                0x080084a8                        . = ALIGN (0x4)
 *(.rodata)
 .rodata        0x080084a8       0x5d ./USB_DEVICE/App/usbd_desc.o
 *(.rodata*)
 *fill*         0x08008505        0x3 
 .rodata.AHBPrescTable
                0x08008508       0x10 ./Core/Src/system_stm32l4xx.o
                0x08008508                AHBPrescTable
 .rodata.APBPrescTable
                0x08008518        0x8 ./Core/Src/system_stm32l4xx.o
                0x08008518                APBPrescTable
 .rodata.MSIRangeTable
                0x08008520       0x30 ./Core/Src/system_stm32l4xx.o
                0x08008520                MSIRangeTable
                0x08008550                        . = ALIGN (0x4)

.ARM.extab      0x08008550        0x0
                0x08008550                        . = ALIGN (0x4)
 *(.ARM.extab* .gnu.linkonce.armextab.*)
                0x08008550                        . = ALIGN (0x4)

.ARM            0x08008550        0x8
                0x08008550                        . = ALIGN (0x4)
                0x08008550                        __exidx_start = .
 *(.ARM.exidx*)
 .ARM.exidx     0x08008550        0x8 C:/ST/STM32CubeIDE_1.19.0/STM32CubeIDE/plugins/com.st.stm32cube.ide.mcu.externaltools.gnu-tools-for-stm32.13.3.rel1.win32_1.0.0.202411081344/tools/bin/../lib/gcc/arm-none-eabi/13.3.1/thumb/v7e-m+fp/hard\libgcc.a(_udivmoddi4.o)
                0x08008558                        __exidx_end = .
                0x08008558                        . = ALIGN (0x4)

.preinit_array  0x08008558        0x0
                0x08008558                        . = ALIGN (0x4)
                0x08008558                        PROVIDE (__preinit_array_start = .)
 *(.preinit_array*)
                0x08008558                        PROVIDE (__preinit_array_end = .)
                0x08008558                        . = ALIGN (0x4)

.init_array     0x08008558        0x4
                0x08008558                        . = ALIGN (0x4)
                0x08008558                        PROVIDE (__init_array_start = .)
 *(SORT_BY_NAME(.init_array.*))
 *(.init_array*)
 .init_array    0x08008558        0x4 C:/ST/STM32CubeIDE_1.19.0/STM32CubeIDE/plugins/com.st.stm32cube.ide.mcu.externaltools.gnu-tools-for-stm32.13.3.rel1.win32_1.0.0.202411081344/tools/bin/../lib/gcc/arm-none-eabi/13.3.1/thumb/v7e-m+fp/hard/crtbegin.o
                0x0800855c                        PROVIDE (__init_array_end = .)
                0x0800855c                        . = ALIGN (0x4)

.fini_array     0x0800855c        0x4
                0x0800855c                        . = ALIGN (0x4)
                [!provide]                        PROVIDE (__fini_array_start = .)
 *(SORT_BY_NAME(.fini_array.*))
 *(.fini_array*)
 .fini_array    0x0800855c        0x4 C:/ST/STM32CubeIDE_1.19.0/STM32CubeIDE/plugins/com.st.stm32cube.ide.mcu.externaltools.gnu-tools-for-stm32.13.3.rel1.win32_1.0.0.202411081344/tools/bin/../lib/gcc/arm-none-eabi/13.3.1/thumb/v7e-m+fp/hard/crtbegin.o
                [!provide]                        PROVIDE (__fini_array_end = .)
                0x08008560                        . = ALIGN (0x4)
                0x08008560                        _sidata = LOADADDR (.data)

.rel.dyn        0x08008560        0x0
 .rel.iplt      0x08008560        0x0 C:/ST/STM32CubeIDE_1.19.0/STM32CubeIDE/plugins/com.st.stm32cube.ide.mcu.externaltools.gnu-tools-for-stm32.13.3.rel1.win32_1.0.0.202411081344/tools/bin/../lib/gcc/arm-none-eabi/13.3.1/thumb/v7e-m+fp/hard/crtbegin.o

.data           0x20000000      0x138 load address 0x08008560
                0x20000000                        . = ALIGN (0x4)
                0x20000000                        _sdata = .
 *(.data)
 *(.data*)
 .data.SystemCoreClock
                0x20000000        0x4 ./Core/Src/system_stm32l4xx.o
                0x20000000                SystemCoreClock
 .data.uwTickPrio
                0x20000004        0x4 ./Drivers/STM32L4xx_HAL_Driver/Src/stm32l4xx_hal.o
                0x20000004                uwTickPrio
 .data.uwTickFreq
                0x20000008        0x1 ./Drivers/STM32L4xx_HAL_Driver/Src/stm32l4xx_hal.o
                0x20000008                uwTickFreq
 *fill*         0x20000009        0x3 
 .data.USBD_CUSTOM_HID
                0x2000000c       0x38 ./Middlewares/ST/STM32_USB_Device_Library/Class/CustomHID/Src/usbd_customhid.o
                0x2000000c                USBD_CUSTOM_HID
 .data.USBD_CUSTOM_HID_CfgDesc
                0x20000044       0x29 ./Middlewares/ST/STM32_USB_Device_Library/Class/CustomHID/Src/usbd_customhid.o
 *fill*         0x2000006d        0x3 
 .data.USBD_CUSTOM_HID_Desc
                0x20000070        0x9 ./Middlewares/ST/STM32_USB_Device_Library/Class/CustomHID/Src/usbd_customhid.o
 *fill*         0x20000079        0x3 
 .data.USBD_CUSTOM_HID_DeviceQualifierDesc
                0x2000007c        0xa ./Middlewares/ST/STM32_USB_Device_Library/Class/CustomHID/Src/usbd_customhid.o
 .data.CUSTOMHIDInEpAdd
                0x20000086        0x1 ./Middlewares/ST/STM32_USB_Device_Library/Class/CustomHID/Src/usbd_customhid.o
 .data.CUSTOMHIDOutEpAdd
                0x20000087        0x1 ./Middlewares/ST/STM32_USB_Device_Library/Class/CustomHID/Src/usbd_customhid.o
 .data.CUSTOM_HID_ReportDesc_FS
                0x20000088       0x3f ./USB_DEVICE/App/usbd_custom_hid_if.o
 *fill*         0x200000c7        0x1 
 .data.USBD_CustomHID_fops_FS
                0x200000c8       0x10 ./USB_DEVICE/App/usbd_custom_hid_if.o
                0x200000c8                USBD_CustomHID_fops_FS
 .data.FS_Desc  0x200000d8       0x20 ./USB_DEVICE/App/usbd_desc.o
                0x200000d8                FS_Desc
 .data.USBD_FS_DeviceDesc
                0x200000f8       0x12 ./USB_DEVICE/App/usbd_desc.o
                0x200000f8                USBD_FS_DeviceDesc
 *fill*         0x2000010a        0x2 
 .data.USBD_FS_BOSDesc
                0x2000010c        0xc ./USB_DEVICE/App/usbd_desc.o
                0x2000010c                USBD_FS_BOSDesc
 .data.USBD_LangIDDesc
                0x20000118        0x4 ./USB_DEVICE/App/usbd_desc.o
                0x20000118                USBD_LangIDDesc
 .data.USBD_StringSerial
                0x2000011c       0x1a ./USB_DEVICE/App/usbd_desc.o
                0x2000011c                USBD_StringSerial
 *(.RamFunc)
 *(.RamFunc*)
                0x20000138                        . = ALIGN (0x4)
 *fill*         0x20000136        0x2 
                0x20000138                        _edata = .

.igot.plt       0x20000138        0x0 load address 0x08008698
 .igot.plt      0x20000138        0x0 C:/ST/STM32CubeIDE_1.19.0/STM32CubeIDE/plugins/com.st.stm32cube.ide.mcu.externaltools.gnu-tools-for-stm32.13.3.rel1.win32_1.0.0.202411081344/tools/bin/../lib/gcc/arm-none-eabi/13.3.1/thumb/v7e-m+fp/hard/crtbegin.o
                0x20000138                        . = ALIGN (0x4)

.bss            0x20000138      0xa94 load address 0x08008698
                0x20000138                        _sbss = .
                0x20000138                        __bss_start__ = _sbss
 *(.bss)
 .bss           0x20000138       0x1c C:/ST/STM32CubeIDE_1.19.0/STM32CubeIDE/plugins/com.st.stm32cube.ide.mcu.externaltools.gnu-tools-for-stm32.13.3.rel1.win32_1.0.0.202411081344/tools/bin/../lib/gcc/arm-none-eabi/13.3.1/thumb/v7e-m+fp/hard/crtbegin.o
 *(.bss*)
 .bss.huart2    0x20000154       0x88 ./Core/Src/main.o
                0x20000154                huart2
 .bss.keyboardReport
                0x200001dc        0x8 ./Core/Src/main.o
                0x200001dc                keyboardReport
 .bss.event_detected
                0x200001e4        0x1 ./Core/Src/main.o
                0x200001e4                event_detected
 *fill*         0x200001e5        0x3 
 .bss.uwTick    0x200001e8        0x4 ./Drivers/STM32L4xx_HAL_Driver/Src/stm32l4xx_hal.o
                0x200001e8                uwTick
 .bss.cfgidx.0  0x200001ec        0x1 ./Middlewares/ST/STM32_USB_Device_Library/Core/Src/usbd_ctlreq.o
 *fill*         0x200001ed        0x3 
 .bss.hUsbDeviceFS
                0x200001f0      0x2dc ./USB_DEVICE/App/usb_device.o
                0x200001f0                hUsbDeviceFS
 .bss.USBD_StrDesc
                0x200004cc      0x200 ./USB_DEVICE/App/usbd_desc.o
                0x200004cc                USBD_StrDesc
 .bss.hpcd_USB_OTG_FS
                0x200006cc      0x4e4 ./USB_DEVICE/Target/usbd_conf.o
                0x200006cc                hpcd_USB_OTG_FS
 .bss.mem.0     0x20000bb0       0x1c ./USB_DEVICE/Target/usbd_conf.o
 *(COMMON)
                0x20000bcc                        . = ALIGN (0x4)
                0x20000bcc                        _ebss = .
                0x20000bcc                        __bss_end__ = _ebss

._user_heap_stack
                0x20000bcc      0x604 load address 0x08008698
                0x20000bd0                        . = ALIGN (0x8)
 *fill*         0x20000bcc        0x4 
                [!provide]                        PROVIDE (end = .)
                0x20000bd0                        PROVIDE (_end = .)
                0x20000dd0                        . = (. + _Min_Heap_Size)
 *fill*         0x20000bd0      0x200 
                0x200011d0                        . = (. + _Min_Stack_Size)
 *fill*         0x20000dd0      0x400 
                0x200011d0                        . = ALIGN (0x8)

/DISCARD/
 libc.a(*)
 libm.a(*)
 libgcc.a(*)

.ARM.attributes
                0x00000000       0x30
 *(.ARM.attributes)
 .ARM.attributes
                0x00000000       0x22 C:/ST/STM32CubeIDE_1.19.0/STM32CubeIDE/plugins/com.st.stm32cube.ide.mcu.externaltools.gnu-tools-for-stm32.13.3.rel1.win32_1.0.0.202411081344/tools/bin/../lib/gcc/arm-none-eabi/13.3.1/thumb/v7e-m+fp/hard/crti.o
 .ARM.attributes
                0x00000022       0x34 C:/ST/STM32CubeIDE_1.19.0/STM32CubeIDE/plugins/com.st.stm32cube.ide.mcu.externaltools.gnu-tools-for-stm32.13.3.rel1.win32_1.0.0.202411081344/tools/bin/../lib/gcc/arm-none-eabi/13.3.1/thumb/v7e-m+fp/hard/crtbegin.o
 .ARM.attributes
                0x00000056       0x34 ./Core/Src/main.o
 .ARM.attributes
                0x0000008a       0x34 ./Core/Src/stm32l4xx_hal_msp.o
 .ARM.attributes
                0x000000be       0x34 ./Core/Src/stm32l4xx_it.o
 .ARM.attributes
                0x000000f2       0x34 ./Core/Src/system_stm32l4xx.o
 .ARM.attributes
                0x00000126       0x21 ./Core/Startup/startup_stm32l476rgtx.o
 .ARM.attributes
                0x00000147       0x34 ./Drivers/STM32L4xx_HAL_Driver/Src/stm32l4xx_hal.o
 .ARM.attributes
                0x0000017b       0x34 ./Drivers/STM32L4xx_HAL_Driver/Src/stm32l4xx_hal_cortex.o
 .ARM.attributes
                0x000001af       0x34 ./Drivers/STM32L4xx_HAL_Driver/Src/stm32l4xx_hal_gpio.o
 .ARM.attributes
                0x000001e3       0x34 ./Drivers/STM32L4xx_HAL_Driver/Src/stm32l4xx_hal_pcd.o
 .ARM.attributes
                0x00000217       0x34 ./Drivers/STM32L4xx_HAL_Driver/Src/stm32l4xx_hal_pcd_ex.o
 .ARM.attributes
                0x0000024b       0x34 ./Drivers/STM32L4xx_HAL_Driver/Src/stm32l4xx_hal_pwr.o
 .ARM.attributes
                0x0000027f       0x34 ./Drivers/STM32L4xx_HAL_Driver/Src/stm32l4xx_hal_pwr_ex.o
 .ARM.attributes
                0x000002b3       0x34 ./Drivers/STM32L4xx_HAL_Driver/Src/stm32l4xx_hal_rcc.o
 .ARM.attributes
                0x000002e7       0x34 ./Drivers/STM32L4xx_HAL_Driver/Src/stm32l4xx_hal_rcc_ex.o
 .ARM.attributes
                0x0000031b       0x34 ./Drivers/STM32L4xx_HAL_Driver/Src/stm32l4xx_hal_uart.o
 .ARM.attributes
                0x0000034f       0x34 ./Drivers/STM32L4xx_HAL_Driver/Src/stm32l4xx_ll_usb.o
 .ARM.attributes
                0x00000383       0x34 ./Middlewares/ST/STM32_USB_Device_Library/Class/CustomHID/Src/usbd_customhid.o
 .ARM.attributes
                0x000003b7       0x34 ./Middlewares/ST/STM32_USB_Device_Library/Core/Src/usbd_core.o
 .ARM.attributes
                0x000003eb       0x34 ./Middlewares/ST/STM32_USB_Device_Library/Core/Src/usbd_ctlreq.o
 .ARM.attributes
                0x0000041f       0x34 ./Middlewares/ST/STM32_USB_Device_Library/Core/Src/usbd_ioreq.o
 .ARM.attributes
                0x00000453       0x34 ./USB_DEVICE/App/usb_device.o
 .ARM.attributes
                0x00000487       0x34 ./USB_DEVICE/App/usbd_custom_hid_if.o
 .ARM.attributes
                0x000004bb       0x34 ./USB_DEVICE/App/usbd_desc.o
 .ARM.attributes
                0x000004ef       0x34 ./USB_DEVICE/Target/usbd_conf.o
 .ARM.attributes
                0x00000523       0x34 C:/ST/STM32CubeIDE_1.19.0/STM32CubeIDE/plugins/com.st.stm32cube.ide.mcu.externaltools.gnu-tools-for-stm32.13.3.rel1.win32_1.0.0.202411081344/tools/bin/../lib/gcc/arm-none-eabi/13.3.1/../../../../arm-none-eabi/lib/thumb/v7e-m+fp/hard\libc_nano.a(libc_a-memset.o)
 .ARM.attributes
                0x00000557       0x34 C:/ST/STM32CubeIDE_1.19.0/STM32CubeIDE/plugins/com.st.stm32cube.ide.mcu.externaltools.gnu-tools-for-stm32.13.3.rel1.win32_1.0.0.202411081344/tools/bin/../lib/gcc/arm-none-eabi/13.3.1/../../../../arm-none-eabi/lib/thumb/v7e-m+fp/hard\libc_nano.a(libc_a-init.o)
 .ARM.attributes
                0x0000058b       0x22 C:/ST/STM32CubeIDE_1.19.0/STM32CubeIDE/plugins/com.st.stm32cube.ide.mcu.externaltools.gnu-tools-for-stm32.13.3.rel1.win32_1.0.0.202411081344/tools/bin/../lib/gcc/arm-none-eabi/13.3.1/thumb/v7e-m+fp/hard\libgcc.a(_aeabi_uldivmod.o)
 .ARM.attributes
                0x000005ad       0x34 C:/ST/STM32CubeIDE_1.19.0/STM32CubeIDE/plugins/com.st.stm32cube.ide.mcu.externaltools.gnu-tools-for-stm32.13.3.rel1.win32_1.0.0.202411081344/tools/bin/../lib/gcc/arm-none-eabi/13.3.1/thumb/v7e-m+fp/hard\libgcc.a(_udivmoddi4.o)
 .ARM.attributes
                0x000005e1       0x22 C:/ST/STM32CubeIDE_1.19.0/STM32CubeIDE/plugins/com.st.stm32cube.ide.mcu.externaltools.gnu-tools-for-stm32.13.3.rel1.win32_1.0.0.202411081344/tools/bin/../lib/gcc/arm-none-eabi/13.3.1/thumb/v7e-m+fp/hard\libgcc.a(_dvmd_tls.o)
 .ARM.attributes
                0x00000603       0x22 C:/ST/STM32CubeIDE_1.19.0/STM32CubeIDE/plugins/com.st.stm32cube.ide.mcu.externaltools.gnu-tools-for-stm32.13.3.rel1.win32_1.0.0.202411081344/tools/bin/../lib/gcc/arm-none-eabi/13.3.1/thumb/v7e-m+fp/hard/crtn.o
OUTPUT(Nucleo2Keyboard.elf elf32-littlearm)
LOAD linker stubs
LOAD C:/ST/STM32CubeIDE_1.19.0/STM32CubeIDE/plugins/com.st.stm32cube.ide.mcu.externaltools.gnu-tools-for-stm32.13.3.rel1.win32_1.0.0.202411081344/tools/bin/../lib/gcc/arm-none-eabi/13.3.1/../../../../arm-none-eabi/lib/thumb/v7e-m+fp/hard\libc.a
LOAD C:/ST/STM32CubeIDE_1.19.0/STM32CubeIDE/plugins/com.st.stm32cube.ide.mcu.externaltools.gnu-tools-for-stm32.13.3.rel1.win32_1.0.0.202411081344/tools/bin/../lib/gcc/arm-none-eabi/13.3.1/../../../../arm-none-eabi/lib/thumb/v7e-m+fp/hard\libm.a
LOAD C:/ST/STM32CubeIDE_1.19.0/STM32CubeIDE/plugins/com.st.stm32cube.ide.mcu.externaltools.gnu-tools-for-stm32.13.3.rel1.win32_1.0.0.202411081344/tools/bin/../lib/gcc/arm-none-eabi/13.3.1/thumb/v7e-m+fp/hard\libgcc.a

.debug_info     0x00000000    0x14e16
 .debug_info    0x00000000     0x1552 ./Core/Src/main.o
 .debug_info    0x00001552      0xd15 ./Core/Src/stm32l4xx_hal_msp.o
 .debug_info    0x00002267      0x6ee ./Core/Src/stm32l4xx_it.o
 .debug_info    0x00002955      0x5e2 ./Core/Src/system_stm32l4xx.o
 .debug_info    0x00002f37       0x30 ./Core/Startup/startup_stm32l476rgtx.o
 .debug_info    0x00002f67      0xb2d ./Drivers/STM32L4xx_HAL_Driver/Src/stm32l4xx_hal.o
 .debug_info    0x00003a94      0xdad ./Drivers/STM32L4xx_HAL_Driver/Src/stm32l4xx_hal_cortex.o
 .debug_info    0x00004841      0x79f ./Drivers/STM32L4xx_HAL_Driver/Src/stm32l4xx_hal_gpio.o
 .debug_info    0x00004fe0     0x14fd ./Drivers/STM32L4xx_HAL_Driver/Src/stm32l4xx_hal_pcd.o
 .debug_info    0x000064dd      0x8d2 ./Drivers/STM32L4xx_HAL_Driver/Src/stm32l4xx_hal_pcd_ex.o
 .debug_info    0x00006daf      0x94a ./Drivers/STM32L4xx_HAL_Driver/Src/stm32l4xx_hal_pwr.o
 .debug_info    0x000076f9      0x9ca ./Drivers/STM32L4xx_HAL_Driver/Src/stm32l4xx_hal_pwr_ex.o
 .debug_info    0x000080c3      0xc45 ./Drivers/STM32L4xx_HAL_Driver/Src/stm32l4xx_hal_rcc.o
 .debug_info    0x00008d08      0xe58 ./Drivers/STM32L4xx_HAL_Driver/Src/stm32l4xx_hal_rcc_ex.o
 .debug_info    0x00009b60     0x3b8e ./Drivers/STM32L4xx_HAL_Driver/Src/stm32l4xx_hal_uart.o
 .debug_info    0x0000d6ee     0x15ed ./Drivers/STM32L4xx_HAL_Driver/Src/stm32l4xx_ll_usb.o
 .debug_info    0x0000ecdb      0xc9c ./Middlewares/ST/STM32_USB_Device_Library/Class/CustomHID/Src/usbd_customhid.o
 .debug_info    0x0000f977      0xe4b ./Middlewares/ST/STM32_USB_Device_Library/Core/Src/usbd_core.o
 .debug_info    0x000107c2      0xb24 ./Middlewares/ST/STM32_USB_Device_Library/Core/Src/usbd_ctlreq.o
 .debug_info    0x000112e6      0x79b ./Middlewares/ST/STM32_USB_Device_Library/Core/Src/usbd_ioreq.o
 .debug_info    0x00011a81      0x70a ./USB_DEVICE/App/usb_device.o
 .debug_info    0x0001218b      0x6fc ./USB_DEVICE/App/usbd_custom_hid_if.o
 .debug_info    0x00012887      0x4e6 ./USB_DEVICE/App/usbd_desc.o
 .debug_info    0x00012d6d     0x20a9 ./USB_DEVICE/Target/usbd_conf.o

.debug_abbrev   0x00000000     0x35a9
 .debug_abbrev  0x00000000      0x303 ./Core/Src/main.o
 .debug_abbrev  0x00000303      0x1d1 ./Core/Src/stm32l4xx_hal_msp.o
 .debug_abbrev  0x000004d4      0x1bc ./Core/Src/stm32l4xx_it.o
 .debug_abbrev  0x00000690      0x117 ./Core/Src/system_stm32l4xx.o
 .debug_abbrev  0x000007a7       0x24 ./Core/Startup/startup_stm32l476rgtx.o
 .debug_abbrev  0x000007cb      0x243 ./Drivers/STM32L4xx_HAL_Driver/Src/stm32l4xx_hal.o
 .debug_abbrev  0x00000a0e      0x31c ./Drivers/STM32L4xx_HAL_Driver/Src/stm32l4xx_hal_cortex.o
 .debug_abbrev  0x00000d2a      0x1d1 ./Drivers/STM32L4xx_HAL_Driver/Src/stm32l4xx_hal_gpio.o
 .debug_abbrev  0x00000efb      0x2eb ./Drivers/STM32L4xx_HAL_Driver/Src/stm32l4xx_hal_pcd.o
 .debug_abbrev  0x000011e6      0x25c ./Drivers/STM32L4xx_HAL_Driver/Src/stm32l4xx_hal_pcd_ex.o
 .debug_abbrev  0x00001442      0x1e5 ./Drivers/STM32L4xx_HAL_Driver/Src/stm32l4xx_hal_pwr.o
 .debug_abbrev  0x00001627      0x1f9 ./Drivers/STM32L4xx_HAL_Driver/Src/stm32l4xx_hal_pwr_ex.o
 .debug_abbrev  0x00001820      0x2dc ./Drivers/STM32L4xx_HAL_Driver/Src/stm32l4xx_hal_rcc.o
 .debug_abbrev  0x00001afc      0x2a5 ./Drivers/STM32L4xx_HAL_Driver/Src/stm32l4xx_hal_rcc_ex.o
 .debug_abbrev  0x00001da1      0x2f3 ./Drivers/STM32L4xx_HAL_Driver/Src/stm32l4xx_hal_uart.o
 .debug_abbrev  0x00002094      0x2b1 ./Drivers/STM32L4xx_HAL_Driver/Src/stm32l4xx_ll_usb.o
 .debug_abbrev  0x00002345      0x2d6 ./Middlewares/ST/STM32_USB_Device_Library/Class/CustomHID/Src/usbd_customhid.o
 .debug_abbrev  0x0000261b      0x294 ./Middlewares/ST/STM32_USB_Device_Library/Core/Src/usbd_core.o
 .debug_abbrev  0x000028af      0x276 ./Middlewares/ST/STM32_USB_Device_Library/Core/Src/usbd_ctlreq.o
 .debug_abbrev  0x00002b25      0x1b2 ./Middlewares/ST/STM32_USB_Device_Library/Core/Src/usbd_ioreq.o
 .debug_abbrev  0x00002cd7      0x1ac ./USB_DEVICE/App/usb_device.o
 .debug_abbrev  0x00002e83      0x1d8 ./USB_DEVICE/App/usbd_custom_hid_if.o
 .debug_abbrev  0x0000305b      0x1fb ./USB_DEVICE/App/usbd_desc.o
 .debug_abbrev  0x00003256      0x353 ./USB_DEVICE/Target/usbd_conf.o

.debug_aranges  0x00000000     0x1078
 .debug_aranges
                0x00000000       0x48 ./Core/Src/main.o
 .debug_aranges
                0x00000048       0x30 ./Core/Src/stm32l4xx_hal_msp.o
 .debug_aranges
                0x00000078       0x70 ./Core/Src/stm32l4xx_it.o
 .debug_aranges
                0x000000e8       0x28 ./Core/Src/system_stm32l4xx.o
 .debug_aranges
                0x00000110       0x28 ./Core/Startup/startup_stm32l476rgtx.o
 .debug_aranges
                0x00000138      0x130 ./Drivers/STM32L4xx_HAL_Driver/Src/stm32l4xx_hal.o
 .debug_aranges
                0x00000268      0x128 ./Drivers/STM32L4xx_HAL_Driver/Src/stm32l4xx_hal_cortex.o
 .debug_aranges
                0x00000390       0x58 ./Drivers/STM32L4xx_HAL_Driver/Src/stm32l4xx_hal_gpio.o
 .debug_aranges
                0x000003e8      0x138 ./Drivers/STM32L4xx_HAL_Driver/Src/stm32l4xx_hal_pcd.o
 .debug_aranges
                0x00000520       0x60 ./Drivers/STM32L4xx_HAL_Driver/Src/stm32l4xx_hal_pcd_ex.o
 .debug_aranges
                0x00000580       0x98 ./Drivers/STM32L4xx_HAL_Driver/Src/stm32l4xx_hal_pwr.o
 .debug_aranges
                0x00000618      0x160 ./Drivers/STM32L4xx_HAL_Driver/Src/stm32l4xx_hal_pwr_ex.o
 .debug_aranges
                0x00000778       0x90 ./Drivers/STM32L4xx_HAL_Driver/Src/stm32l4xx_hal_rcc.o
 .debug_aranges
                0x00000808       0xc0 ./Drivers/STM32L4xx_HAL_Driver/Src/stm32l4xx_hal_rcc_ex.o
 .debug_aranges
                0x000008c8      0x228 ./Drivers/STM32L4xx_HAL_Driver/Src/stm32l4xx_hal_uart.o
 .debug_aranges
                0x00000af0      0x180 ./Drivers/STM32L4xx_HAL_Driver/Src/stm32l4xx_ll_usb.o
 .debug_aranges
                0x00000c70       0x80 ./Middlewares/ST/STM32_USB_Device_Library/Class/CustomHID/Src/usbd_customhid.o
 .debug_aranges
                0x00000cf0       0xd8 ./Middlewares/ST/STM32_USB_Device_Library/Core/Src/usbd_core.o
 .debug_aranges
                0x00000dc8       0x90 ./Middlewares/ST/STM32_USB_Device_Library/Core/Src/usbd_ctlreq.o
 .debug_aranges
                0x00000e58       0x50 ./Middlewares/ST/STM32_USB_Device_Library/Core/Src/usbd_ioreq.o
 .debug_aranges
                0x00000ea8       0x20 ./USB_DEVICE/App/usb_device.o
 .debug_aranges
                0x00000ec8       0x30 ./USB_DEVICE/App/usbd_custom_hid_if.o
 .debug_aranges
                0x00000ef8       0x68 ./USB_DEVICE/App/usbd_desc.o
 .debug_aranges
                0x00000f60      0x118 ./USB_DEVICE/Target/usbd_conf.o

.debug_rnglists
                0x00000000      0xc6c
 .debug_rnglists
                0x00000000       0x33 ./Core/Src/main.o
 .debug_rnglists
                0x00000033       0x20 ./Core/Src/stm32l4xx_hal_msp.o
 .debug_rnglists
                0x00000053       0x4f ./Core/Src/stm32l4xx_it.o
 .debug_rnglists
                0x000000a2       0x1a ./Core/Src/system_stm32l4xx.o
 .debug_rnglists
                0x000000bc       0x19 ./Core/Startup/startup_stm32l476rgtx.o
 .debug_rnglists
                0x000000d5       0xdf ./Drivers/STM32L4xx_HAL_Driver/Src/stm32l4xx_hal.o
 .debug_rnglists
                0x000001b4       0xda ./Drivers/STM32L4xx_HAL_Driver/Src/stm32l4xx_hal_cortex.o
 .debug_rnglists
                0x0000028e       0x3f ./Drivers/STM32L4xx_HAL_Driver/Src/stm32l4xx_hal_gpio.o
 .debug_rnglists
                0x000002cd       0xed ./Drivers/STM32L4xx_HAL_Driver/Src/stm32l4xx_hal_pcd.o
 .debug_rnglists
                0x000003ba       0x45 ./Drivers/STM32L4xx_HAL_Driver/Src/stm32l4xx_hal_pcd_ex.o
 .debug_rnglists
                0x000003ff       0x6e ./Drivers/STM32L4xx_HAL_Driver/Src/stm32l4xx_hal_pwr.o
 .debug_rnglists
                0x0000046d      0x109 ./Drivers/STM32L4xx_HAL_Driver/Src/stm32l4xx_hal_pwr_ex.o
 .debug_rnglists
                0x00000576       0x6d ./Drivers/STM32L4xx_HAL_Driver/Src/stm32l4xx_hal_rcc.o
 .debug_rnglists
                0x000005e3       0x95 ./Drivers/STM32L4xx_HAL_Driver/Src/stm32l4xx_hal_rcc_ex.o
 .debug_rnglists
                0x00000678      0x1da ./Drivers/STM32L4xx_HAL_Driver/Src/stm32l4xx_hal_uart.o
 .debug_rnglists
                0x00000852      0x12b ./Drivers/STM32L4xx_HAL_Driver/Src/stm32l4xx_ll_usb.o
 .debug_rnglists
                0x0000097d       0x5e ./Middlewares/ST/STM32_USB_Device_Library/Class/CustomHID/Src/usbd_customhid.o
 .debug_rnglists
                0x000009db       0xa1 ./Middlewares/ST/STM32_USB_Device_Library/Core/Src/usbd_core.o
 .debug_rnglists
                0x00000a7c       0x6e ./Middlewares/ST/STM32_USB_Device_Library/Core/Src/usbd_ctlreq.o
 .debug_rnglists
                0x00000aea       0x37 ./Middlewares/ST/STM32_USB_Device_Library/Core/Src/usbd_ioreq.o
 .debug_rnglists
                0x00000b21       0x13 ./USB_DEVICE/App/usb_device.o
 .debug_rnglists
                0x00000b34       0x1f ./USB_DEVICE/App/usbd_custom_hid_if.o
 .debug_rnglists
                0x00000b53       0x49 ./USB_DEVICE/App/usbd_desc.o
 .debug_rnglists
                0x00000b9c       0xd0 ./USB_DEVICE/Target/usbd_conf.o

.debug_macro    0x00000000    0x28ad2
 .debug_macro   0x00000000      0x393 ./Core/Src/main.o
 .debug_macro   0x00000393      0xad8 ./Core/Src/main.o
 .debug_macro   0x00000e6b      0x1a7 ./Core/Src/main.o
 .debug_macro   0x00001012       0x2e ./Core/Src/main.o
 .debug_macro   0x00001040       0x28 ./Core/Src/main.o
 .debug_macro   0x00001068       0x22 ./Core/Src/main.o
 .debug_macro   0x0000108a       0x8e ./Core/Src/main.o
 .debug_macro   0x00001118       0x51 ./Core/Src/main.o
 .debug_macro   0x00001169      0x103 ./Core/Src/main.o
 .debug_macro   0x0000126c       0x6a ./Core/Src/main.o
 .debug_macro   0x000012d6      0x1df ./Core/Src/main.o
 .debug_macro   0x000014b5       0x1c ./Core/Src/main.o
 .debug_macro   0x000014d1       0x22 ./Core/Src/main.o
 .debug_macro   0x000014f3       0xfb ./Core/Src/main.o
 .debug_macro   0x000015ee     0x1011 ./Core/Src/main.o
 .debug_macro   0x000025ff      0x11f ./Core/Src/main.o
 .debug_macro   0x0000271e    0x1a192 ./Core/Src/main.o
 .debug_macro   0x0001c8b0       0x6d ./Core/Src/main.o
 .debug_macro   0x0001c91d     0x38fb ./Core/Src/main.o
 .debug_macro   0x00020218      0x190 ./Core/Src/main.o
 .debug_macro   0x000203a8       0x5c ./Core/Src/main.o
 .debug_macro   0x00020404     0x159e ./Core/Src/main.o
 .debug_macro   0x000219a2      0x5a5 ./Core/Src/main.o
 .debug_macro   0x00021f47      0x1b9 ./Core/Src/main.o
 .debug_macro   0x00022100      0x18b ./Core/Src/main.o
 .debug_macro   0x0002228b      0x2c4 ./Core/Src/main.o
 .debug_macro   0x0002254f      0x27a ./Core/Src/main.o
 .debug_macro   0x000227c9      0x23d ./Core/Src/main.o
 .debug_macro   0x00022a06      0x241 ./Core/Src/main.o
 .debug_macro   0x00022c47      0x37c ./Core/Src/main.o
 .debug_macro   0x00022fc3       0xd6 ./Core/Src/main.o
 .debug_macro   0x00023099      0x215 ./Core/Src/main.o
 .debug_macro   0x000232ae       0x97 ./Core/Src/main.o
 .debug_macro   0x00023345      0x122 ./Core/Src/main.o
 .debug_macro   0x00023467      0x3ef ./Core/Src/main.o
 .debug_macro   0x00023856      0x5cf ./Core/Src/main.o
 .debug_macro   0x00023e25       0x44 ./Core/Src/main.o
 .debug_macro   0x00023e69      0x330 ./Core/Src/main.o
 .debug_macro   0x00024199       0x2e ./Core/Src/main.o
 .debug_macro   0x000241c7       0x61 ./Core/Src/main.o
 .debug_macro   0x00024228       0x2a ./Core/Src/main.o
 .debug_macro   0x00024252       0x43 ./Core/Src/main.o
 .debug_macro   0x00024295       0x34 ./Core/Src/main.o
 .debug_macro   0x000242c9       0x16 ./Core/Src/main.o
 .debug_macro   0x000242df       0x3c ./Core/Src/main.o
 .debug_macro   0x0002431b      0x370 ./Core/Src/main.o
 .debug_macro   0x0002468b       0x10 ./Core/Src/main.o
 .debug_macro   0x0002469b       0x16 ./Core/Src/main.o
 .debug_macro   0x000246b1       0x4a ./Core/Src/main.o
 .debug_macro   0x000246fb       0x34 ./Core/Src/main.o
 .debug_macro   0x0002472f       0x10 ./Core/Src/main.o
 .debug_macro   0x0002473f       0x58 ./Core/Src/main.o
 .debug_macro   0x00024797       0x8e ./Core/Src/main.o
 .debug_macro   0x00024825       0x1c ./Core/Src/main.o
 .debug_macro   0x00024841      0x185 ./Core/Src/main.o
 .debug_macro   0x000249c6       0x16 ./Core/Src/main.o
 .debug_macro   0x000249dc       0x16 ./Core/Src/main.o
 .debug_macro   0x000249f2      0x146 ./Core/Src/main.o
 .debug_macro   0x00024b38       0x16 ./Core/Src/main.o
 .debug_macro   0x00024b4e       0x16 ./Core/Src/main.o
 .debug_macro   0x00024b64       0x29 ./Core/Src/main.o
 .debug_macro   0x00024b8d       0x16 ./Core/Src/main.o
 .debug_macro   0x00024ba3       0x20 ./Core/Src/main.o
 .debug_macro   0x00024bc3       0x72 ./Core/Src/main.o
 .debug_macro   0x00024c35      0x20f ./Core/Src/main.o
 .debug_macro   0x00024e44       0x65 ./Core/Src/main.o
 .debug_macro   0x00024ea9      0x1ee ./Core/Src/stm32l4xx_hal_msp.o
 .debug_macro   0x00025097      0x1f8 ./Core/Src/stm32l4xx_it.o
 .debug_macro   0x0002528f      0x1df ./Core/Src/system_stm32l4xx.o
 .debug_macro   0x0002546e      0x22d ./Drivers/STM32L4xx_HAL_Driver/Src/stm32l4xx_hal.o
 .debug_macro   0x0002569b      0x1df ./Drivers/STM32L4xx_HAL_Driver/Src/stm32l4xx_hal_cortex.o
 .debug_macro   0x0002587a      0x1e6 ./Drivers/STM32L4xx_HAL_Driver/Src/stm32l4xx_hal_gpio.o
 .debug_macro   0x00025a60      0x1eb ./Drivers/STM32L4xx_HAL_Driver/Src/stm32l4xx_hal_pcd.o
 .debug_macro   0x00025c4b      0x1df ./Drivers/STM32L4xx_HAL_Driver/Src/stm32l4xx_hal_pcd_ex.o
 .debug_macro   0x00025e2a      0x1f7 ./Drivers/STM32L4xx_HAL_Driver/Src/stm32l4xx_hal_pwr.o
 .debug_macro   0x00026021      0x203 ./Drivers/STM32L4xx_HAL_Driver/Src/stm32l4xx_hal_pwr_ex.o
 .debug_macro   0x00026224      0x221 ./Drivers/STM32L4xx_HAL_Driver/Src/stm32l4xx_hal_rcc.o
 .debug_macro   0x00026445      0x215 ./Drivers/STM32L4xx_HAL_Driver/Src/stm32l4xx_hal_rcc_ex.o
 .debug_macro   0x0002665a      0x20a ./Drivers/STM32L4xx_HAL_Driver/Src/stm32l4xx_hal_uart.o
 .debug_macro   0x00026864      0x1df ./Drivers/STM32L4xx_HAL_Driver/Src/stm32l4xx_ll_usb.o
 .debug_macro   0x00026a43      0x37d ./Middlewares/ST/STM32_USB_Device_Library/Class/CustomHID/Src/usbd_customhid.o
 .debug_macro   0x00026dc0       0x9e ./Middlewares/ST/STM32_USB_Device_Library/Class/CustomHID/Src/usbd_customhid.o
 .debug_macro   0x00026e5e      0x112 ./Middlewares/ST/STM32_USB_Device_Library/Class/CustomHID/Src/usbd_customhid.o
 .debug_macro   0x00026f70       0x56 ./Middlewares/ST/STM32_USB_Device_Library/Class/CustomHID/Src/usbd_customhid.o
 .debug_macro   0x00026fc6      0x364 ./Middlewares/ST/STM32_USB_Device_Library/Core/Src/usbd_core.o
 .debug_macro   0x0002732a      0x215 ./Middlewares/ST/STM32_USB_Device_Library/Core/Src/usbd_core.o
 .debug_macro   0x0002753f      0x36e ./Middlewares/ST/STM32_USB_Device_Library/Core/Src/usbd_ctlreq.o
 .debug_macro   0x000278ad      0x36a ./Middlewares/ST/STM32_USB_Device_Library/Core/Src/usbd_ioreq.o
 .debug_macro   0x00027c17      0x39e ./USB_DEVICE/App/usb_device.o
 .debug_macro   0x00027fb5       0x34 ./USB_DEVICE/App/usb_device.o
 .debug_macro   0x00027fe9       0x22 ./USB_DEVICE/App/usb_device.o
 .debug_macro   0x0002800b      0x383 ./USB_DEVICE/App/usbd_custom_hid_if.o
 .debug_macro   0x0002838e      0x3a7 ./USB_DEVICE/App/usbd_desc.o
 .debug_macro   0x00028735       0x1c ./USB_DEVICE/App/usbd_desc.o
 .debug_macro   0x00028751      0x381 ./USB_DEVICE/Target/usbd_conf.o

.debug_line     0x00000000    0x15152
 .debug_line    0x00000000      0xb75 ./Core/Src/main.o
 .debug_line    0x00000b75      0x7d6 ./Core/Src/stm32l4xx_hal_msp.o
 .debug_line    0x0000134b      0x852 ./Core/Src/stm32l4xx_it.o
 .debug_line    0x00001b9d      0x811 ./Core/Src/system_stm32l4xx.o
 .debug_line    0x000023ae       0x7a ./Core/Startup/startup_stm32l476rgtx.o
 .debug_line    0x00002428      0xb79 ./Drivers/STM32L4xx_HAL_Driver/Src/stm32l4xx_hal.o
 .debug_line    0x00002fa1      0xd14 ./Drivers/STM32L4xx_HAL_Driver/Src/stm32l4xx_hal_cortex.o
 .debug_line    0x00003cb5      0xbcd ./Drivers/STM32L4xx_HAL_Driver/Src/stm32l4xx_hal_gpio.o
 .debug_line    0x00004882     0x135a ./Drivers/STM32L4xx_HAL_Driver/Src/stm32l4xx_hal_pcd.o
 .debug_line    0x00005bdc      0x979 ./Drivers/STM32L4xx_HAL_Driver/Src/stm32l4xx_hal_pcd_ex.o
 .debug_line    0x00006555      0x944 ./Drivers/STM32L4xx_HAL_Driver/Src/stm32l4xx_hal_pwr.o
 .debug_line    0x00006e99      0xd5b ./Drivers/STM32L4xx_HAL_Driver/Src/stm32l4xx_hal_pwr_ex.o
 .debug_line    0x00007bf4     0x10ce ./Drivers/STM32L4xx_HAL_Driver/Src/stm32l4xx_hal_rcc.o
 .debug_line    0x00008cc2     0x159c ./Drivers/STM32L4xx_HAL_Driver/Src/stm32l4xx_hal_rcc_ex.o
 .debug_line    0x0000a25e     0x2dac ./Drivers/STM32L4xx_HAL_Driver/Src/stm32l4xx_hal_uart.o
 .debug_line    0x0000d00a     0x17e6 ./Drivers/STM32L4xx_HAL_Driver/Src/stm32l4xx_ll_usb.o
 .debug_line    0x0000e7f0      0xe08 ./Middlewares/ST/STM32_USB_Device_Library/Class/CustomHID/Src/usbd_customhid.o
 .debug_line    0x0000f5f8      0xf8a ./Middlewares/ST/STM32_USB_Device_Library/Core/Src/usbd_core.o
 .debug_line    0x00010582     0x1169 ./Middlewares/ST/STM32_USB_Device_Library/Core/Src/usbd_ctlreq.o
 .debug_line    0x000116eb      0xa91 ./Middlewares/ST/STM32_USB_Device_Library/Core/Src/usbd_ioreq.o
 .debug_line    0x0001217c      0xa6a ./USB_DEVICE/App/usb_device.o
 .debug_line    0x00012be6      0xa55 ./USB_DEVICE/App/usbd_custom_hid_if.o
 .debug_line    0x0001363b      0xb1b ./USB_DEVICE/App/usbd_desc.o
 .debug_line    0x00014156      0xffc ./USB_DEVICE/Target/usbd_conf.o

.debug_str      0x00000000    0xecf16
 .debug_str     0x00000000    0xecf16 ./Core/Src/main.o
                              0xe8f6e (size before relaxing)
 .debug_str     0x000ecf16    0xe408d ./Core/Src/stm32l4xx_hal_msp.o
 .debug_str     0x000ecf16    0xe3c9b ./Core/Src/stm32l4xx_it.o
 .debug_str     0x000ecf16    0xe38db ./Core/Src/system_stm32l4xx.o
 .debug_str     0x000ecf16       0xa0 ./Core/Startup/startup_stm32l476rgtx.o
 .debug_str     0x000ecf16    0xe4483 ./Drivers/STM32L4xx_HAL_Driver/Src/stm32l4xx_hal.o
 .debug_str     0x000ecf16    0xe4154 ./Drivers/STM32L4xx_HAL_Driver/Src/stm32l4xx_hal_cortex.o
 .debug_str     0x000ecf16    0xe3a66 ./Drivers/STM32L4xx_HAL_Driver/Src/stm32l4xx_hal_gpio.o
 .debug_str     0x000ecf16    0xe435c ./Drivers/STM32L4xx_HAL_Driver/Src/stm32l4xx_hal_pcd.o
 .debug_str     0x000ecf16    0xe3d2a ./Drivers/STM32L4xx_HAL_Driver/Src/stm32l4xx_hal_pcd_ex.o
 .debug_str     0x000ecf16    0xe3c46 ./Drivers/STM32L4xx_HAL_Driver/Src/stm32l4xx_hal_pwr.o
 .debug_str     0x000ecf16    0xe3e36 ./Drivers/STM32L4xx_HAL_Driver/Src/stm32l4xx_hal_pwr_ex.o
 .debug_str     0x000ecf16    0xe3f21 ./Drivers/STM32L4xx_HAL_Driver/Src/stm32l4xx_hal_rcc.o
 .debug_str     0x000ecf16    0xe40ac ./Drivers/STM32L4xx_HAL_Driver/Src/stm32l4xx_hal_rcc_ex.o
 .debug_str     0x000ecf16    0xe4633 ./Drivers/STM32L4xx_HAL_Driver/Src/stm32l4xx_hal_uart.o
 .debug_str     0x000ecf16    0xe4016 ./Drivers/STM32L4xx_HAL_Driver/Src/stm32l4xx_ll_usb.o
 .debug_str     0x000ecf16    0xe85c0 ./Middlewares/ST/STM32_USB_Device_Library/Class/CustomHID/Src/usbd_customhid.o
 .debug_str     0x000ecf16    0xe835a ./Middlewares/ST/STM32_USB_Device_Library/Core/Src/usbd_core.o
 .debug_str     0x000ecf16    0xe8185 ./Middlewares/ST/STM32_USB_Device_Library/Core/Src/usbd_ctlreq.o
 .debug_str     0x000ecf16    0xe805a ./Middlewares/ST/STM32_USB_Device_Library/Core/Src/usbd_ioreq.o
 .debug_str     0x000ecf16    0xe8302 ./USB_DEVICE/App/usb_device.o
 .debug_str     0x000ecf16    0xe826c ./USB_DEVICE/App/usbd_custom_hid_if.o
 .debug_str     0x000ecf16    0xe7f91 ./USB_DEVICE/App/usbd_desc.o
 .debug_str     0x000ecf16    0xe952c ./USB_DEVICE/Target/usbd_conf.o

.comment        0x00000000       0x43
 .comment       0x00000000       0x43 ./Core/Src/main.o
                                 0x44 (size before relaxing)
 .comment       0x00000043       0x44 ./Core/Src/stm32l4xx_hal_msp.o
 .comment       0x00000043       0x44 ./Core/Src/stm32l4xx_it.o
 .comment       0x00000043       0x44 ./Core/Src/system_stm32l4xx.o
 .comment       0x00000043       0x44 ./Drivers/STM32L4xx_HAL_Driver/Src/stm32l4xx_hal.o
 .comment       0x00000043       0x44 ./Drivers/STM32L4xx_HAL_Driver/Src/stm32l4xx_hal_cortex.o
 .comment       0x00000043       0x44 ./Drivers/STM32L4xx_HAL_Driver/Src/stm32l4xx_hal_gpio.o
 .comment       0x00000043       0x44 ./Drivers/STM32L4xx_HAL_Driver/Src/stm32l4xx_hal_pcd.o
 .comment       0x00000043       0x44 ./Drivers/STM32L4xx_HAL_Driver/Src/stm32l4xx_hal_pcd_ex.o
 .comment       0x00000043       0x44 ./Drivers/STM32L4xx_HAL_Driver/Src/stm32l4xx_hal_pwr.o
 .comment       0x00000043       0x44 ./Drivers/STM32L4xx_HAL_Driver/Src/stm32l4xx_hal_pwr_ex.o
 .comment       0x00000043       0x44 ./Drivers/STM32L4xx_HAL_Driver/Src/stm32l4xx_hal_rcc.o
 .comment       0x00000043       0x44 ./Drivers/STM32L4xx_HAL_Driver/Src/stm32l4xx_hal_rcc_ex.o
 .comment       0x00000043       0x44 ./Drivers/STM32L4xx_HAL_Driver/Src/stm32l4xx_hal_uart.o
 .comment       0x00000043       0x44 ./Drivers/STM32L4xx_HAL_Driver/Src/stm32l4xx_ll_usb.o
 .comment       0x00000043       0x44 ./Middlewares/ST/STM32_USB_Device_Library/Class/CustomHID/Src/usbd_customhid.o
 .comment       0x00000043       0x44 ./Middlewares/ST/STM32_USB_Device_Library/Core/Src/usbd_core.o
 .comment       0x00000043       0x44 ./Middlewares/ST/STM32_USB_Device_Library/Core/Src/usbd_ctlreq.o
 .comment       0x00000043       0x44 ./Middlewares/ST/STM32_USB_Device_Library/Core/Src/usbd_ioreq.o
 .comment       0x00000043       0x44 ./USB_DEVICE/App/usb_device.o
 .comment       0x00000043       0x44 ./USB_DEVICE/App/usbd_custom_hid_if.o
 .comment       0x00000043       0x44 ./USB_DEVICE/App/usbd_desc.o
 .comment       0x00000043       0x44 ./USB_DEVICE/Target/usbd_conf.o

.debug_frame    0x00000000     0x42a0
 .debug_frame   0x00000000       0xcc ./Core/Src/main.o
 .debug_frame   0x000000cc       0x84 ./Core/Src/stm32l4xx_hal_msp.o
 .debug_frame   0x00000150      0x13c ./Core/Src/stm32l4xx_it.o
 .debug_frame   0x0000028c       0x58 ./Core/Src/system_stm32l4xx.o
 .debug_frame   0x000002e4      0x498 ./Drivers/STM32L4xx_HAL_Driver/Src/stm32l4xx_hal.o
 .debug_frame   0x0000077c      0x4e8 ./Drivers/STM32L4xx_HAL_Driver/Src/stm32l4xx_hal_cortex.o
 .debug_frame   0x00000c64      0x14c ./Drivers/STM32L4xx_HAL_Driver/Src/stm32l4xx_hal_gpio.o
 .debug_frame   0x00000db0      0x564 ./Drivers/STM32L4xx_HAL_Driver/Src/stm32l4xx_hal_pcd.o
 .debug_frame   0x00001314      0x174 ./Drivers/STM32L4xx_HAL_Driver/Src/stm32l4xx_hal_pcd_ex.o
 .debug_frame   0x00001488      0x230 ./Drivers/STM32L4xx_HAL_Driver/Src/stm32l4xx_hal_pwr.o
 .debug_frame   0x000016b8      0x584 ./Drivers/STM32L4xx_HAL_Driver/Src/stm32l4xx_hal_pwr_ex.o
 .debug_frame   0x00001c3c      0x21c ./Drivers/STM32L4xx_HAL_Driver/Src/stm32l4xx_hal_rcc.o
 .debug_frame   0x00001e58      0x2fc ./Drivers/STM32L4xx_HAL_Driver/Src/stm32l4xx_hal_rcc_ex.o
 .debug_frame   0x00002154      0x9f4 ./Drivers/STM32L4xx_HAL_Driver/Src/stm32l4xx_hal_uart.o
 .debug_frame   0x00002b48      0x720 ./Drivers/STM32L4xx_HAL_Driver/Src/stm32l4xx_ll_usb.o
 .debug_frame   0x00003268      0x1f4 ./Middlewares/ST/STM32_USB_Device_Library/Class/CustomHID/Src/usbd_customhid.o
 .debug_frame   0x0000345c      0x390 ./Middlewares/ST/STM32_USB_Device_Library/Core/Src/usbd_core.o
 .debug_frame   0x000037ec      0x23c ./Middlewares/ST/STM32_USB_Device_Library/Core/Src/usbd_ctlreq.o
 .debug_frame   0x00003a28      0x10c ./Middlewares/ST/STM32_USB_Device_Library/Core/Src/usbd_ioreq.o
 .debug_frame   0x00003b34       0x2c ./USB_DEVICE/App/usb_device.o
 .debug_frame   0x00003b60       0x74 ./USB_DEVICE/App/usbd_custom_hid_if.o
 .debug_frame   0x00003bd4      0x188 ./USB_DEVICE/App/usbd_desc.o
 .debug_frame   0x00003d5c      0x498 ./USB_DEVICE/Target/usbd_conf.o
 .debug_frame   0x000041f4       0x20 C:/ST/STM32CubeIDE_1.19.0/STM32CubeIDE/plugins/com.st.stm32cube.ide.mcu.externaltools.gnu-tools-for-stm32.13.3.rel1.win32_1.0.0.202411081344/tools/bin/../lib/gcc/arm-none-eabi/13.3.1/../../../../arm-none-eabi/lib/thumb/v7e-m+fp/hard\libc_nano.a(libc_a-memset.o)
 .debug_frame   0x00004214       0x2c C:/ST/STM32CubeIDE_1.19.0/STM32CubeIDE/plugins/com.st.stm32cube.ide.mcu.externaltools.gnu-tools-for-stm32.13.3.rel1.win32_1.0.0.202411081344/tools/bin/../lib/gcc/arm-none-eabi/13.3.1/../../../../arm-none-eabi/lib/thumb/v7e-m+fp/hard\libc_nano.a(libc_a-init.o)
 .debug_frame   0x00004240       0x2c C:/ST/STM32CubeIDE_1.19.0/STM32CubeIDE/plugins/com.st.stm32cube.ide.mcu.externaltools.gnu-tools-for-stm32.13.3.rel1.win32_1.0.0.202411081344/tools/bin/../lib/gcc/arm-none-eabi/13.3.1/thumb/v7e-m+fp/hard\libgcc.a(_aeabi_uldivmod.o)
 .debug_frame   0x0000426c       0x34 C:/ST/STM32CubeIDE_1.19.0/STM32CubeIDE/plugins/com.st.stm32cube.ide.mcu.externaltools.gnu-tools-for-stm32.13.3.rel1.win32_1.0.0.202411081344/tools/bin/../lib/gcc/arm-none-eabi/13.3.1/thumb/v7e-m+fp/hard\libgcc.a(_udivmoddi4.o)

.debug_line_str
                0x00000000       0x84
 .debug_line_str
                0x00000000       0x84 ./Core/Startup/startup_stm32l476rgtx.o
