11:39:53 **** Incremental Build of configuration Debug for project Nucleo2Mouse ****
make -j16 all 
arm-none-eabi-gcc "../Core/Src/main.c" -mcpu=cortex-m4 -std=gnu11 -g3 -DDEBUG -DUSE_HAL_DRIVER -DSTM32L476xx -c -I../Core/Inc -I../Drivers/STM32L4xx_HAL_Driver/Inc -I../Drivers/STM32L4xx_HAL_Driver/Inc/Legacy -I../Drivers/CMSIS/Device/ST/STM32L4xx/Include -I../Drivers/CMSIS/Include -I../USB_DEVICE/App -I../USB_DEVICE/Target -I../Middlewares/ST/STM32_USB_Device_Library/Core/Inc -I../Middlewares/ST/STM32_USB_Device_Library/Class/HID/Inc -O0 -ffunction-sections -fdata-sections -Wall -fstack-usage -fcyclomatic-complexity -MMD -MP -MF"Core/Src/main.d" -MT"Core/Src/main.o" --specs=nano.specs -mfpu=fpv4-sp-d16 -mfloat-abi=hard -mthumb -o "Core/Src/main.o"
arm-none-eabi-gcc -o "Nucleo2Mouse.elf" @"objects.list"   -mcpu=cortex-m4 -T"C:\Users\franc\OneDrive - ENSEA\S6\Proj\S6Proj - Cube Workspace\Nucleo2Mouse\STM32L476RGTX_FLASH.ld" --specs=nosys.specs -Wl,-Map="Nucleo2Mouse.map" -Wl,--gc-sections -static --specs=nano.specs -mfpu=fpv4-sp-d16 -mfloat-abi=hard -mthumb -Wl,--start-group -lc -lm -Wl,--end-group
Finished building target: Nucleo2Mouse.elf
 
arm-none-eabi-size  Nucleo2Mouse.elf 
arm-none-eabi-objdump -h -S Nucleo2Mouse.elf  > "Nucleo2Mouse.list"
   text	   data	    bss	    dec	    hex	filename
  33148	    300	   4236	  37684	   9334	Nucleo2Mouse.elf
Finished building: default.size.stdout
 
Finished building: Nucleo2Mouse.list
 

11:39:56 Build Finished. 0 errors, 0 warnings. (took 2s.844ms)

