Archive member included to satisfy reference by file (symbol)

C:/ST/STM32CubeIDE_1.19.0/STM32CubeIDE/plugins/com.st.stm32cube.ide.mcu.externaltools.gnu-tools-for-stm32.13.3.rel1.win32_1.0.0.202411081344/tools/bin/../lib/gcc/arm-none-eabi/13.3.1/../../../../arm-none-eabi/lib/thumb/v7e-m+fp/hard\libc_nano.a(libc_a-exit.o)
                              C:/ST/STM32CubeIDE_1.19.0/STM32CubeIDE/plugins/com.st.stm32cube.ide.mcu.externaltools.gnu-tools-for-stm32.13.3.rel1.win32_1.0.0.202411081344/tools/bin/../lib/gcc/arm-none-eabi/13.3.1/../../../../arm-none-eabi/lib/thumb/v7e-m+fp/hard/crt0.o (exit)
C:/ST/STM32CubeIDE_1.19.0/STM32CubeIDE/plugins/com.st.stm32cube.ide.mcu.externaltools.gnu-tools-for-stm32.13.3.rel1.win32_1.0.0.202411081344/tools/bin/../lib/gcc/arm-none-eabi/13.3.1/../../../../arm-none-eabi/lib/thumb/v7e-m+fp/hard\libc_nano.a(libc_a-findfp.o)
                              C:/ST/STM32CubeIDE_1.19.0/STM32CubeIDE/plugins/com.st.stm32cube.ide.mcu.externaltools.gnu-tools-for-stm32.13.3.rel1.win32_1.0.0.202411081344/tools/bin/../lib/gcc/arm-none-eabi/13.3.1/../../../../arm-none-eabi/lib/thumb/v7e-m+fp/hard\libc_nano.a(libc_a-exit.o) (__stdio_exit_handler)
C:/ST/STM32CubeIDE_1.19.0/STM32CubeIDE/plugins/com.st.stm32cube.ide.mcu.externaltools.gnu-tools-for-stm32.13.3.rel1.win32_1.0.0.202411081344/tools/bin/../lib/gcc/arm-none-eabi/13.3.1/../../../../arm-none-eabi/lib/thumb/v7e-m+fp/hard\libc_nano.a(libc_a-fwalk.o)
                              C:/ST/STM32CubeIDE_1.19.0/STM32CubeIDE/plugins/com.st.stm32cube.ide.mcu.externaltools.gnu-tools-for-stm32.13.3.rel1.win32_1.0.0.202411081344/tools/bin/../lib/gcc/arm-none-eabi/13.3.1/../../../../arm-none-eabi/lib/thumb/v7e-m+fp/hard\libc_nano.a(libc_a-findfp.o) (_fwalk_sglue)
C:/ST/STM32CubeIDE_1.19.0/STM32CubeIDE/plugins/com.st.stm32cube.ide.mcu.externaltools.gnu-tools-for-stm32.13.3.rel1.win32_1.0.0.202411081344/tools/bin/../lib/gcc/arm-none-eabi/13.3.1/../../../../arm-none-eabi/lib/thumb/v7e-m+fp/hard\libc_nano.a(libc_a-stdio.o)
                              C:/ST/STM32CubeIDE_1.19.0/STM32CubeIDE/plugins/com.st.stm32cube.ide.mcu.externaltools.gnu-tools-for-stm32.13.3.rel1.win32_1.0.0.202411081344/tools/bin/../lib/gcc/arm-none-eabi/13.3.1/../../../../arm-none-eabi/lib/thumb/v7e-m+fp/hard\libc_nano.a(libc_a-findfp.o) (__sread)
C:/ST/STM32CubeIDE_1.19.0/STM32CubeIDE/plugins/com.st.stm32cube.ide.mcu.externaltools.gnu-tools-for-stm32.13.3.rel1.win32_1.0.0.202411081344/tools/bin/../lib/gcc/arm-none-eabi/13.3.1/../../../../arm-none-eabi/lib/thumb/v7e-m+fp/hard\libc_nano.a(libc_a-memset.o)
                              C:/ST/STM32CubeIDE_1.19.0/STM32CubeIDE/plugins/com.st.stm32cube.ide.mcu.externaltools.gnu-tools-for-stm32.13.3.rel1.win32_1.0.0.202411081344/tools/bin/../lib/gcc/arm-none-eabi/13.3.1/../../../../arm-none-eabi/lib/thumb/v7e-m+fp/hard/crt0.o (memset)
C:/ST/STM32CubeIDE_1.19.0/STM32CubeIDE/plugins/com.st.stm32cube.ide.mcu.externaltools.gnu-tools-for-stm32.13.3.rel1.win32_1.0.0.202411081344/tools/bin/../lib/gcc/arm-none-eabi/13.3.1/../../../../arm-none-eabi/lib/thumb/v7e-m+fp/hard\libc_nano.a(libc_a-closer.o)
                              C:/ST/STM32CubeIDE_1.19.0/STM32CubeIDE/plugins/com.st.stm32cube.ide.mcu.externaltools.gnu-tools-for-stm32.13.3.rel1.win32_1.0.0.202411081344/tools/bin/../lib/gcc/arm-none-eabi/13.3.1/../../../../arm-none-eabi/lib/thumb/v7e-m+fp/hard\libc_nano.a(libc_a-stdio.o) (_close_r)
C:/ST/STM32CubeIDE_1.19.0/STM32CubeIDE/plugins/com.st.stm32cube.ide.mcu.externaltools.gnu-tools-for-stm32.13.3.rel1.win32_1.0.0.202411081344/tools/bin/../lib/gcc/arm-none-eabi/13.3.1/../../../../arm-none-eabi/lib/thumb/v7e-m+fp/hard\libc_nano.a(libc_a-reent.o)
                              C:/ST/STM32CubeIDE_1.19.0/STM32CubeIDE/plugins/com.st.stm32cube.ide.mcu.externaltools.gnu-tools-for-stm32.13.3.rel1.win32_1.0.0.202411081344/tools/bin/../lib/gcc/arm-none-eabi/13.3.1/../../../../arm-none-eabi/lib/thumb/v7e-m+fp/hard\libc_nano.a(libc_a-closer.o) (errno)
C:/ST/STM32CubeIDE_1.19.0/STM32CubeIDE/plugins/com.st.stm32cube.ide.mcu.externaltools.gnu-tools-for-stm32.13.3.rel1.win32_1.0.0.202411081344/tools/bin/../lib/gcc/arm-none-eabi/13.3.1/../../../../arm-none-eabi/lib/thumb/v7e-m+fp/hard\libc_nano.a(libc_a-impure.o)
                              C:/ST/STM32CubeIDE_1.19.0/STM32CubeIDE/plugins/com.st.stm32cube.ide.mcu.externaltools.gnu-tools-for-stm32.13.3.rel1.win32_1.0.0.202411081344/tools/bin/../lib/gcc/arm-none-eabi/13.3.1/../../../../arm-none-eabi/lib/thumb/v7e-m+fp/hard\libc_nano.a(libc_a-reent.o) (_impure_ptr)
C:/ST/STM32CubeIDE_1.19.0/STM32CubeIDE/plugins/com.st.stm32cube.ide.mcu.externaltools.gnu-tools-for-stm32.13.3.rel1.win32_1.0.0.202411081344/tools/bin/../lib/gcc/arm-none-eabi/13.3.1/../../../../arm-none-eabi/lib/thumb/v7e-m+fp/hard\libc_nano.a(libc_a-lseekr.o)
[...]
Memory Configuration

Name             Origin             Length             Attributes
RAM              0x20000000         0x00018000         xrw
RAM2             0x10000000         0x00008000         xrw
FLASH            0x08000000         0x00100000         xr
*default*        0x00000000         0xffffffff

Linker script and memory map

LOAD C:/ST/STM32CubeIDE_1.19.0/STM32CubeIDE/plugins/com.st.stm32cube.ide.mcu.externaltools.gnu-tools-for-stm32.13.3.rel1.win32_1.0.0.202411081344/tools/bin/../lib/gcc/arm-none-eabi/13.3.1/thumb/v7e-m+fp/hard/crti.o
LOAD C:/ST/STM32CubeIDE_1.19.0/STM32CubeIDE/plugins/com.st.stm32cube.ide.mcu.externaltools.gnu-tools-for-stm32.13.3.rel1.win32_1.0.0.202411081344/tools/bin/../lib/gcc/arm-none-eabi/13.3.1/thumb/v7e-m+fp/hard/crtbegin.o
LOAD C:/ST/STM32CubeIDE_1.19.0/STM32CubeIDE/plugins/com.st.stm32cube.ide.mcu.externaltools.gnu-tools-for-stm32.13.3.rel1.win32_1.0.0.202411081344/tools/bin/../lib/gcc/arm-none-eabi/13.3.1/../../../../arm-none-eabi/lib/thumb/v7e-m+fp/hard/crt0.o
LOAD ./Core/Src/main.o
LOAD ./Core/Src/stm32l4xx_hal_msp.o
LOAD ./Core/Src/stm32l4xx_it.o
LOAD ./Core/Src/syscalls.o
LOAD ./Core/Src/sysmem.o
LOAD ./Core/Src/system_stm32l4xx.o
LOAD ./Core/Startup/startup_stm32l476rgtx.o
LOAD ./Drivers/STM32L4xx_HAL_Driver/Src/stm32l4xx_hal.o
LOAD ./Drivers/STM32L4xx_HAL_Driver/Src/stm32l4xx_hal_cortex.o
LOAD ./Drivers/STM32L4xx_HAL_Driver/Src/stm32l4xx_hal_dma.o
LOAD ./Drivers/STM32L4xx_HAL_Driver/Src/stm32l4xx_hal_dma_ex.o
LOAD ./Drivers/STM32L4xx_HAL_Driver/Src/stm32l4xx_hal_exti.o
LOAD ./Drivers/STM32L4xx_HAL_Driver/Src/stm32l4xx_hal_flash.o
LOAD ./Drivers/STM32L4xx_HAL_Driver/Src/stm32l4xx_hal_flash_ex.o
LOAD ./Drivers/STM32L4xx_HAL_Driver/Src/stm32l4xx_hal_flash_ramfunc.o
LOAD ./Drivers/STM32L4xx_HAL_Driver/Src/stm32l4xx_hal_gpio.o
LOAD ./Drivers/STM32L4xx_HAL_Driver/Src/stm32l4xx_hal_i2c.o
LOAD ./Drivers/STM32L4xx_HAL_Driver/Src/stm32l4xx_hal_i2c_ex.o
LOAD ./Drivers/STM32L4xx_HAL_Driver/Src/stm32l4xx_hal_pcd.o
LOAD ./Drivers/STM32L4xx_HAL_Driver/Src/stm32l4xx_hal_pcd_ex.o
LOAD ./Drivers/STM32L4xx_HAL_Driver/Src/stm32l4xx_hal_pwr.o
LOAD ./Drivers/STM32L4xx_HAL_Driver/Src/stm32l4xx_hal_pwr_ex.o
LOAD ./Drivers/STM32L4xx_HAL_Driver/Src/stm32l4xx_hal_rcc.o
LOAD ./Drivers/STM32L4xx_HAL_Driver/Src/stm32l4xx_hal_rcc_ex.o
LOAD ./Drivers/STM32L4xx_HAL_Driver/Src/stm32l4xx_hal_uart.o
LOAD ./Drivers/STM32L4xx_HAL_Driver/Src/stm32l4xx_hal_uart_ex.o
LOAD ./Drivers/STM32L4xx_HAL_Driver/Src/stm32l4xx_ll_usb.o
LOAD ./Middlewares/ST/STM32_USB_Device_Library/Class/CustomHID/Src/usbd_customhid.o
LOAD ./Middlewares/ST/STM32_USB_Device_Library/Core/Src/usbd_core.o
LOAD ./Middlewares/ST/STM32_USB_Device_Library/Core/Src/usbd_ctlreq.o
LOAD ./Middlewares/ST/STM32_USB_Device_Library/Core/Src/usbd_ioreq.o
LOAD ./USB_DEVICE/App/usb_device.o
LOAD ./USB_DEVICE/App/usbd_custom_hid_if.o
LOAD ./USB_DEVICE/App/usbd_desc.o
LOAD ./USB_DEVICE/Target/usbd_conf.o
START GROUP
LOAD C:/ST/STM32CubeIDE_1.19.0/STM32CubeIDE/plugins/com.st.stm32cube.ide.mcu.externaltools.gnu-tools-for-stm32.13.3.rel1.win32_1.0.0.202411081344/tools/bin/../lib/gcc/arm-none-eabi/13.3.1/../../../../arm-none-eabi/lib/thumb/v7e-m+fp/hard\libc_nano.a
LOAD C:/ST/STM32CubeIDE_1.19.0/STM32CubeIDE/plugins/com.st.stm32cube.ide.mcu.externaltools.gnu-tools-for-stm32.13.3.rel1.win32_1.0.0.202411081344/tools/bin/../lib/gcc/arm-none-eabi/13.3.1/../../../../arm-none-eabi/lib/thumb/v7e-m+fp/hard\libm.a
END GROUP
START GROUP
LOAD C:/ST/STM32CubeIDE_1.19.0/STM32CubeIDE/plugins/com.st.stm32cube.ide.mcu.externaltools.gnu-tools-for-stm32.13.3.rel1.win32_1.0.0.202411081344/tools/bin/../lib/gcc/arm-none-eabi/13.3.1/thumb/v7e-m+fp/hard\libgcc.a
LOAD C:/ST/STM32CubeIDE_1.19.0/STM32CubeIDE/plugins/com.st.stm32cube.ide.mcu.externaltools.gnu-tools-for-stm32.13.3.rel1.win32_1.0.0.202411081344/tools/bin/../lib/gcc/arm-none-eabi/13.3.1/../../../../arm-none-eabi/lib/thumb/v7e-m+fp/hard\libc_nano.a
END GROUP
START GROUP
LOAD C:/ST/STM32CubeIDE_1.19.0/STM32CubeIDE/plugins/com.st.stm32cube.ide.mcu.externaltools.gnu-tools-for-stm32.13.3.rel1.win32_1.0.0.202411081344/tools/bin/../lib/gcc/arm-none-eabi/13.3.1/thumb/v7e-m+fp/hard\libgcc.a
LOAD C:/ST/STM32CubeIDE_1.19.0/STM32CubeIDE/plugins/com.st.stm32cube.ide.mcu.externaltools.gnu-tools-for-stm32.13.3.rel1.win32_1.0.0.202411081344/tools/bin/../lib/gcc/arm-none-eabi/13.3.1/../../../../arm-none-eabi/lib/thumb/v7e-m+fp/hard\libc_nano.a
LOAD C:/ST/STM32CubeIDE_1.19.0/STM32CubeIDE/plugins/com.st.stm32cube.ide.mcu.externaltools.gnu-tools-for-stm32.13.3.rel1.win32_1.0.0.202411081344/tools/bin/../lib/gcc/arm-none-eabi/13.3.1/../../../../arm-none-eabi/lib/thumb/v7e-m+fp/hard\libnosys.a
END GROUP
START GROUP
LOAD C:/ST/STM32CubeIDE_1.19.0/STM32CubeIDE/plugins/com.st.stm32cube.ide.mcu.externaltools.gnu-tools-for-stm32.13.3.rel1.win32_1.0.0.202411081344/tools/bin/../lib/gcc/arm-none-eabi/13.3.1/thumb/v7e-m+fp/hard\libgcc.a
LOAD C:/ST/STM32CubeIDE_1.19.0/STM32CubeIDE/plugins/com.st.stm32cube.ide.mcu.externaltools.gnu-tools-for-stm32.13.3.rel1.win32_1.0.0.202411081344/tools/bin/../lib/gcc/arm-none-eabi/13.3.1/../../../../arm-none-eabi/lib/thumb/v7e-m+fp/hard\libc_nano.a
LOAD C:/ST/STM32CubeIDE_1.19.0/STM32CubeIDE/plugins/com.st.stm32cube.ide.mcu.externaltools.gnu-tools-for-stm32.13.3.rel1.win32_1.0.0.202411081344/tools/bin/../lib/gcc/arm-none-eabi/13.3.1/../../../../arm-none-eabi/lib/thumb/v7e-m+fp/hard\libnosys.a
END GROUP
LOAD C:/ST/STM32CubeIDE_1.19.0/STM32CubeIDE/plugins/com.st.stm32cube.ide.mcu.externaltools.gnu-tools-for-stm32.13.3.rel1.win32_1.0.0.202411081344/tools/bin/../lib/gcc/arm-none-eabi/13.3.1/thumb/v7e-m+fp/hard/crtend.o
LOAD C:/ST/STM32CubeIDE_1.19.0/STM32CubeIDE/plugins/com.st.stm32cube.ide.mcu.externaltools.gnu-tools-for-stm32.13.3.rel1.win32_1.0.0.202411081344/tools/bin/../lib/gcc/arm-none-eabi/13.3.1/thumb/v7e-m+fp/hard/crtn.o
                0x20018000                        _estack = (ORIGIN (RAM) + LENGTH (RAM))
                0x00000200                        _Min_Heap_Size = 0x200
                0x00000400                        _Min_Stack_Size = 0x400

.isr_vector     0x08000000      0x188
                0x08000000                        . = ALIGN (0x4)
 *(.isr_vector)
 .isr_vector    0x08000000      0x188 ./Core/Startup/startup_stm32l476rgtx.o
                0x08000000                g_pfnVectors
                0x08000188                        . = ALIGN (0x4)

.text           0x08000188     0x83dc
                0x08000188                        . = ALIGN (0x4)
 *(.text)
 .text          0x08000188       0x40 C:/ST/STM32CubeIDE_1.19.0/STM32CubeIDE/plugins/com.st.stm32cube.ide.mcu.externaltools.gnu-tools-for-stm32.13.3.rel1.win32_1.0.0.202411081344/tools/bin/../lib/gcc/arm-none-eabi/13.3.1/thumb/v7e-m+fp/hard/crtbegin.o
 .text          0x080001c8       0x30 C:/ST/STM32CubeIDE_1.19.0/STM32CubeIDE/plugins/com.st.stm32cube.ide.mcu.externaltools.gnu-tools-for-stm32.13.3.rel1.win32_1.0.0.202411081344/tools/bin/../lib/gcc/arm-none-eabi/13.3.1/thumb/v7e-m+fp/hard\libgcc.a(_aeabi_uldivmod.o)
                0x080001c8                __aeabi_uldivmod
 .text          0x080001f8      0x2f8 C:/ST/STM32CubeIDE_1.19.0/STM32CubeIDE/plugins/com.st.stm32cube.ide.mcu.externaltools.gnu-tools-for-stm32.13.3.rel1.win32_1.0.0.202411081344/tools/bin/../lib/gcc/arm-none-eabi/13.3.1/thumb/v7e-m+fp/hard\libgcc.a(_udivmoddi4.o)
                0x080001f8                __udivmoddi4
 .text          0x080004f0        0x4 C:/ST/STM32CubeIDE_1.19.0/STM32CubeIDE/plugins/com.st.stm32cube.ide.mcu.externaltools.gnu-tools-for-stm32.13.3.rel1.win32_1.0.0.202411081344/tools/bin/../lib/gcc/arm-none-eabi/13.3.1/thumb/v7e-m+fp/hard\libgcc.a(_dvmd_tls.o)
                0x080004f0                __aeabi_idiv0
                0x080004f0                __aeabi_ldiv0
 *(.text*)
 .text.main     0x080004f4       0xf8 ./Core/Src/main.o
                0x080004f4                main
 .text.SystemClock_Config
                0x080005ec       0xc4 ./Core/Src/main.o
                0x080005ec                SystemClock_Config
 .text.MX_USART2_UART_Init
                0x080006b0       0x60 ./Core/Src/main.o
 .text.MX_GPIO_Init
                0x08000710      0x11c ./Core/Src/main.o
 .text.HAL_GPIO_EXTI_Callback
                0x0800082c       0x40 ./Core/Src/main.o
                0x0800082c                HAL_GPIO_EXTI_Callback
 .text.Error_Handler
                0x0800086c        0xc ./Core/Src/main.o
                0x0800086c                Error_Handler
 .text.HAL_MspInit
                0x08000878       0x48 ./Core/Src/stm32l4xx_hal_msp.o
                0x08000878                HAL_MspInit
 .text.HAL_UART_MspInit
                0x080008c0       0xb8 ./Core/Src/stm32l4xx_hal_msp.o
                0x080008c0                HAL_UART_MspInit
 .text.NMI_Handler
                0x08000978        0x8 ./Core/Src/stm32l4xx_it.o
                0x08000978                NMI_Handler
 .text.HardFault_Handler
                0x08000980        0x8 ./Core/Src/stm32l4xx_it.o
                0x08000980                HardFault_Handler
 .text.MemManage_Handler
                0x08000988        0x8 ./Core/Src/stm32l4xx_it.o
                0x08000988                MemManage_Handler
 .text.BusFault_Handler
                0x08000990        0x8 ./Core/Src/stm32l4xx_it.o
                0x08000990                BusFault_Handler
 .text.UsageFault_Handler
                0x08000998        0x8 ./Core/Src/stm32l4xx_it.o
                0x08000998                UsageFault_Handler
 .text.SVC_Handler
                0x080009a0        0xe ./Core/Src/stm32l4xx_it.o
                0x080009a0                SVC_Handler
 .text.DebugMon_Handler
                0x080009ae        0xe ./Core/Src/stm32l4xx_it.o
                0x080009ae                DebugMon_Handler
 .text.PendSV_Handler
                0x080009bc        0xe ./Core/Src/stm32l4xx_it.o
                0x080009bc                PendSV_Handler
 .text.SysTick_Handler
                0x080009ca        0xc ./Core/Src/stm32l4xx_it.o
                0x080009ca                SysTick_Handler
 .text.EXTI0_IRQHandler
                0x080009d6        0xe ./Core/Src/stm32l4xx_it.o
                0x080009d6                EXTI0_IRQHandler
 .text.EXTI1_IRQHandler
                0x080009e4        0xe ./Core/Src/stm32l4xx_it.o
                0x080009e4                EXTI1_IRQHandler
 .text.EXTI2_IRQHandler
                0x080009f2        0xe ./Core/Src/stm32l4xx_it.o
                0x080009f2                EXTI2_IRQHandler
 .text.EXTI3_IRQHandler
                0x08000a00        0xe ./Core/Src/stm32l4xx_it.o
                0x08000a00                EXTI3_IRQHandler
 *fill*         0x08000a0e        0x2 
 .text.OTG_FS_IRQHandler
                0x08000a10       0x14 ./Core/Src/stm32l4xx_it.o
                0x08000a10                OTG_FS_IRQHandler
 .text.SystemInit
                0x08000a24       0x24 ./Core/Src/system_stm32l4xx.o
                0x08000a24                SystemInit
 .text.Reset_Handler
                0x08000a48       0x50 ./Core/Startup/startup_stm32l476rgtx.o
                0x08000a48                Reset_Handler
 .text.Default_Handler
                0x08000a98        0x2 ./Core/Startup/startup_stm32l476rgtx.o
                0x08000a98                RTC_Alarm_IRQHandler
                0x08000a98                TIM8_TRG_COM_IRQHandler
                0x08000a98                TIM8_CC_IRQHandler
                0x08000a98                TIM1_CC_IRQHandler
                0x08000a98                TSC_IRQHandler
                0x08000a98                TAMP_STAMP_IRQHandler
                0x08000a98                LPTIM2_IRQHandler
                0x08000a98                DFSDM1_FLT1_IRQHandler
                0x08000a98                I2C3_ER_IRQHandler
                0x08000a98                DFSDM1_FLT2_IRQHandler
                0x08000a98                I2C2_EV_IRQHandler
                0x08000a98                CAN1_RX0_IRQHandler
                0x08000a98                FPU_IRQHandler
                0x08000a98                TIM1_UP_TIM16_IRQHandler
                0x08000a98                ADC1_2_IRQHandler
                0x08000a98                SPI1_IRQHandler
                0x08000a98                TIM6_DAC_IRQHandler
                0x08000a98                TIM8_UP_IRQHandler
                0x08000a98                DMA2_Channel2_IRQHandler
                0x08000a98                DMA1_Channel4_IRQHandler
                0x08000a98                SAI2_IRQHandler
                0x08000a98                DFSDM1_FLT3_IRQHandler
                0x08000a98                USART3_IRQHandler
                0x08000a98                DMA1_Channel7_IRQHandler
                0x08000a98                CAN1_RX1_IRQHandler
                0x08000a98                LCD_IRQHandler
                0x08000a98                UART5_IRQHandler
                0x08000a98                ADC3_IRQHandler
                0x08000a98                TIM4_IRQHandler
                0x08000a98                DMA2_Channel1_IRQHandler
                0x08000a98                QUADSPI_IRQHandler
                0x08000a98                I2C1_EV_IRQHandler
                0x08000a98                DMA1_Channel6_IRQHandler
                0x08000a98                UART4_IRQHandler
                0x08000a98                DMA2_Channel4_IRQHandler
                0x08000a98                TIM3_IRQHandler
                0x08000a98                RCC_IRQHandler
                0x08000a98                DMA1_Channel1_IRQHandler
                0x08000a98                Default_Handler
                0x08000a98                DMA2_Channel7_IRQHandler
                0x08000a98                EXTI15_10_IRQHandler
                0x08000a98                TIM7_IRQHandler
                0x08000a98                SDMMC1_IRQHandler
                0x08000a98                TIM5_IRQHandler
                0x08000a98                I2C3_EV_IRQHandler
                0x08000a98                EXTI9_5_IRQHandler
                0x08000a98                RTC_WKUP_IRQHandler
                0x08000a98                PVD_PVM_IRQHandler
                0x08000a98                SPI2_IRQHandler
                0x08000a98                CAN1_TX_IRQHandler
                0x08000a98                DMA2_Channel5_IRQHandler
                0x08000a98                DMA1_Channel5_IRQHandler
                0x08000a98                EXTI4_IRQHandler
                0x08000a98                RNG_IRQHandler
                0x08000a98                TIM1_TRG_COM_TIM17_IRQHandler
                0x08000a98                DMA1_Channel3_IRQHandler
                0x08000a98                COMP_IRQHandler
                0x08000a98                WWDG_IRQHandler
                0x08000a98                LPUART1_IRQHandler
                0x08000a98                DMA2_Channel6_IRQHandler
                0x08000a98                TIM2_IRQHandler
                0x08000a98                USART2_IRQHandler
                0x08000a98                DFSDM1_FLT0_IRQHandler
                0x08000a98                I2C2_ER_IRQHandler
                0x08000a98                DMA1_Channel2_IRQHandler
                0x08000a98                TIM8_BRK_IRQHandler
                0x08000a98                CAN1_SCE_IRQHandler
                0x08000a98                FLASH_IRQHandler
                0x08000a98                USART1_IRQHandler
                0x08000a98                SPI3_IRQHandler
                0x08000a98                I2C1_ER_IRQHandler
                0x08000a98                FMC_IRQHandler
                0x08000a98                SWPMI1_IRQHandler
                0x08000a98                LPTIM1_IRQHandler
                0x08000a98                SAI1_IRQHandler
                0x08000a98                DMA2_Channel3_IRQHandler
                0x08000a98                TIM1_BRK_TIM15_IRQHandler
 .text.HAL_Init
                0x08000a9a       0x30 ./Drivers/STM32L4xx_HAL_Driver/Src/stm32l4xx_hal.o
                0x08000a9a                HAL_Init
 *fill*         0x08000aca        0x2 
 .text.HAL_InitTick
                0x08000acc       0x78 ./Drivers/STM32L4xx_HAL_Driver/Src/stm32l4xx_hal.o
                0x08000acc                HAL_InitTick
 .text.HAL_IncTick
                0x08000b44       0x28 ./Drivers/STM32L4xx_HAL_Driver/Src/stm32l4xx_hal.o
                0x08000b44                HAL_IncTick
 .text.HAL_GetTick
                0x08000b6c       0x18 ./Drivers/STM32L4xx_HAL_Driver/Src/stm32l4xx_hal.o
                0x08000b6c                HAL_GetTick
 .text.HAL_Delay
                0x08000b84       0x48 ./Drivers/STM32L4xx_HAL_Driver/Src/stm32l4xx_hal.o
                0x08000b84                HAL_Delay
 .text.__NVIC_SetPriorityGrouping
                0x08000bcc       0x48 ./Drivers/STM32L4xx_HAL_Driver/Src/stm32l4xx_hal_cortex.o
 .text.__NVIC_GetPriorityGrouping
                0x08000c14       0x1c ./Drivers/STM32L4xx_HAL_Driver/Src/stm32l4xx_hal_cortex.o
 .text.__NVIC_EnableIRQ
                0x08000c30       0x3c ./Drivers/STM32L4xx_HAL_Driver/Src/stm32l4xx_hal_cortex.o
 .text.__NVIC_SetPriority
                0x08000c6c       0x54 ./Drivers/STM32L4xx_HAL_Driver/Src/stm32l4xx_hal_cortex.o
 .text.NVIC_EncodePriority
                0x08000cc0       0x66 ./Drivers/STM32L4xx_HAL_Driver/Src/stm32l4xx_hal_cortex.o
 *fill*         0x08000d26        0x2 
 .text.SysTick_Config
                0x08000d28       0x44 ./Drivers/STM32L4xx_HAL_Driver/Src/stm32l4xx_hal_cortex.o
 .text.HAL_NVIC_SetPriorityGrouping
                0x08000d6c       0x16 ./Drivers/STM32L4xx_HAL_Driver/Src/stm32l4xx_hal_cortex.o
                0x08000d6c                HAL_NVIC_SetPriorityGrouping
 .text.HAL_NVIC_SetPriority
                0x08000d82       0x38 ./Drivers/STM32L4xx_HAL_Driver/Src/stm32l4xx_hal_cortex.o
                0x08000d82                HAL_NVIC_SetPriority
 .text.HAL_NVIC_EnableIRQ
                0x08000dba       0x1c ./Drivers/STM32L4xx_HAL_Driver/Src/stm32l4xx_hal_cortex.o
                0x08000dba                HAL_NVIC_EnableIRQ
 .text.HAL_SYSTICK_Config
                0x08000dd6       0x18 ./Drivers/STM32L4xx_HAL_Driver/Src/stm32l4xx_hal_cortex.o
                0x08000dd6                HAL_SYSTICK_Config
 *fill*         0x08000dee        0x2 
 .text.HAL_GPIO_Init
                0x08000df0      0x354 ./Drivers/STM32L4xx_HAL_Driver/Src/stm32l4xx_hal_gpio.o
                0x08000df0                HAL_GPIO_Init
 .text.HAL_GPIO_ReadPin
                0x08001144       0x30 ./Drivers/STM32L4xx_HAL_Driver/Src/stm32l4xx_hal_gpio.o
                0x08001144                HAL_GPIO_ReadPin
 .text.HAL_GPIO_WritePin
                0x08001174       0x30 ./Drivers/STM32L4xx_HAL_Driver/Src/stm32l4xx_hal_gpio.o
                0x08001174                HAL_GPIO_WritePin
 .text.HAL_GPIO_EXTI_IRQHandler
                0x080011a4       0x30 ./Drivers/STM32L4xx_HAL_Driver/Src/stm32l4xx_hal_gpio.o
                0x080011a4                HAL_GPIO_EXTI_IRQHandler
 .text.HAL_PCD_Init
                0x080011d4      0x21e ./Drivers/STM32L4xx_HAL_Driver/Src/stm32l4xx_hal_pcd.o
                0x080011d4                HAL_PCD_Init
 .text.HAL_PCD_Start
                0x080013f2       0x5e ./Drivers/STM32L4xx_HAL_Driver/Src/stm32l4xx_hal_pcd.o
                0x080013f2                HAL_PCD_Start
 .text.HAL_PCD_IRQHandler
                0x08001450      0x960 ./Drivers/STM32L4xx_HAL_Driver/Src/stm32l4xx_hal_pcd.o
                0x08001450                HAL_PCD_IRQHandler
 .text.HAL_PCD_SetAddress
                0x08001db0       0x48 ./Drivers/STM32L4xx_HAL_Driver/Src/stm32l4xx_hal_pcd.o
                0x08001db0                HAL_PCD_SetAddress
 .text.HAL_PCD_EP_Open
                0x08001df8       0xd4 ./Drivers/STM32L4xx_HAL_Driver/Src/stm32l4xx_hal_pcd.o
                0x08001df8                HAL_PCD_EP_Open
 .text.HAL_PCD_EP_Close
                0x08001ecc       0x94 ./Drivers/STM32L4xx_HAL_Driver/Src/stm32l4xx_hal_pcd.o
                0x08001ecc                HAL_PCD_EP_Close
 .text.HAL_PCD_EP_Receive
                0x08001f60       0x64 ./Drivers/STM32L4xx_HAL_Driver/Src/stm32l4xx_hal_pcd.o
                0x08001f60                HAL_PCD_EP_Receive
 .text.HAL_PCD_EP_Transmit
                0x08001fc4       0x62 ./Drivers/STM32L4xx_HAL_Driver/Src/stm32l4xx_hal_pcd.o
                0x08001fc4                HAL_PCD_EP_Transmit
 .text.HAL_PCD_EP_SetStall
                0x08002026       0xc4 ./Drivers/STM32L4xx_HAL_Driver/Src/stm32l4xx_hal_pcd.o
                0x08002026                HAL_PCD_EP_SetStall
 .text.HAL_PCD_EP_ClrStall
                0x080020ea       0xac ./Drivers/STM32L4xx_HAL_Driver/Src/stm32l4xx_hal_pcd.o
                0x080020ea                HAL_PCD_EP_ClrStall
 .text.HAL_PCD_EP_Abort
                0x08002196       0x62 ./Drivers/STM32L4xx_HAL_Driver/Src/stm32l4xx_hal_pcd.o
                0x08002196                HAL_PCD_EP_Abort
 .text.PCD_WriteEmptyTxFifo
                0x080021f8      0x110 ./Drivers/STM32L4xx_HAL_Driver/Src/stm32l4xx_hal_pcd.o
 .text.PCD_EP_OutXfrComplete_int
                0x08002308       0x9c ./Drivers/STM32L4xx_HAL_Driver/Src/stm32l4xx_hal_pcd.o
 .text.PCD_EP_OutSetupPacket_int
                0x080023a4       0x68 ./Drivers/STM32L4xx_HAL_Driver/Src/stm32l4xx_hal_pcd.o
 .text.HAL_PCDEx_SetTxFiFo
                0x0800240c       0x8e ./Drivers/STM32L4xx_HAL_Driver/Src/stm32l4xx_hal_pcd_ex.o
                0x0800240c                HAL_PCDEx_SetTxFiFo
 .text.HAL_PCDEx_SetRxFiFo
                0x0800249a       0x22 ./Drivers/STM32L4xx_HAL_Driver/Src/stm32l4xx_hal_pcd_ex.o
                0x0800249a                HAL_PCDEx_SetRxFiFo
 .text.HAL_PCDEx_ActivateLPM
                0x080024bc       0x48 ./Drivers/STM32L4xx_HAL_Driver/Src/stm32l4xx_hal_pcd_ex.o
                0x080024bc                HAL_PCDEx_ActivateLPM
 .text.HAL_PWR_EnableBkUpAccess
                0x08002504       0x20 ./Drivers/STM32L4xx_HAL_Driver/Src/stm32l4xx_hal_pwr.o
                0x08002504                HAL_PWR_EnableBkUpAccess
 .text.HAL_PWREx_GetVoltageRange
                0x08002524       0x1c ./Drivers/STM32L4xx_HAL_Driver/Src/stm32l4xx_hal_pwr_ex.o
                0x08002524                HAL_PWREx_GetVoltageRange
 .text.HAL_PWREx_ControlVoltageScaling
                0x08002540       0xac ./Drivers/STM32L4xx_HAL_Driver/Src/stm32l4xx_hal_pwr_ex.o
                0x08002540                HAL_PWREx_ControlVoltageScaling
 .text.HAL_PWREx_EnableVddUSB
                0x080025ec       0x20 ./Drivers/STM32L4xx_HAL_Driver/Src/stm32l4xx_hal_pwr_ex.o
                0x080025ec                HAL_PWREx_EnableVddUSB
 .text.HAL_RCC_OscConfig
                0x0800260c      0x7b8 ./Drivers/STM32L4xx_HAL_Driver/Src/stm32l4xx_hal_rcc.o
                0x0800260c                HAL_RCC_OscConfig
 .text.HAL_RCC_ClockConfig
                0x08002dc4      0x200 ./Drivers/STM32L4xx_HAL_Driver/Src/stm32l4xx_hal_rcc.o
                0x08002dc4                HAL_RCC_ClockConfig
 .text.HAL_RCC_GetSysClockFreq
                0x08002fc4      0x118 ./Drivers/STM32L4xx_HAL_Driver/Src/stm32l4xx_hal_rcc.o
                0x08002fc4                HAL_RCC_GetSysClockFreq
 .text.HAL_RCC_GetHCLKFreq
                0x080030dc       0x18 ./Drivers/STM32L4xx_HAL_Driver/Src/stm32l4xx_hal_rcc.o
                0x080030dc                HAL_RCC_GetHCLKFreq
 .text.HAL_RCC_GetPCLK1Freq
                0x080030f4       0x2c ./Drivers/STM32L4xx_HAL_Driver/Src/stm32l4xx_hal_rcc.o
                0x080030f4                HAL_RCC_GetPCLK1Freq
 .text.HAL_RCC_GetPCLK2Freq
                0x08003120       0x2c ./Drivers/STM32L4xx_HAL_Driver/Src/stm32l4xx_hal_rcc.o
                0x08003120                HAL_RCC_GetPCLK2Freq
 .text.RCC_SetFlashLatencyFromMSIRange
                0x0800314c       0xc0 ./Drivers/STM32L4xx_HAL_Driver/Src/stm32l4xx_hal_rcc.o
 .text.HAL_RCCEx_PeriphCLKConfig
                0x0800320c      0x5d4 ./Drivers/STM32L4xx_HAL_Driver/Src/stm32l4xx_hal_rcc_ex.o
                0x0800320c                HAL_RCCEx_PeriphCLKConfig
 .text.HAL_RCCEx_EnableMSIPLLMode
                0x080037e0       0x20 ./Drivers/STM32L4xx_HAL_Driver/Src/stm32l4xx_hal_rcc_ex.o
                0x080037e0                HAL_RCCEx_EnableMSIPLLMode
 .text.RCCEx_PLLSAI1_Config
                0x08003800      0x1e8 ./Drivers/STM32L4xx_HAL_Driver/Src/stm32l4xx_hal_rcc_ex.o
 .text.RCCEx_PLLSAI2_Config
                0x080039e8      0x1bc ./Drivers/STM32L4xx_HAL_Driver/Src/stm32l4xx_hal_rcc_ex.o
 .text.HAL_UART_Init
                0x08003ba4       0x9c ./Drivers/STM32L4xx_HAL_Driver/Src/stm32l4xx_hal_uart.o
                0x08003ba4                HAL_UART_Init
 .text.UART_SetConfig
                0x08003c40      0x570 ./Drivers/STM32L4xx_HAL_Driver/Src/stm32l4xx_hal_uart.o
                0x08003c40                UART_SetConfig
 .text.UART_AdvFeatureConfig
                0x080041b0      0x144 ./Drivers/STM32L4xx_HAL_Driver/Src/stm32l4xx_hal_uart.o
                0x080041b0                UART_AdvFeatureConfig
 .text.UART_CheckIdleState
                0x080042f4      0x150 ./Drivers/STM32L4xx_HAL_Driver/Src/stm32l4xx_hal_uart.o
                0x080042f4                UART_CheckIdleState
 .text.UART_WaitOnFlagUntilTimeout
                0x08004444       0xda ./Drivers/STM32L4xx_HAL_Driver/Src/stm32l4xx_hal_uart.o
                0x08004444                UART_WaitOnFlagUntilTimeout
 .text.UART_EndRxTransfer
                0x0800451e       0xc8 ./Drivers/STM32L4xx_HAL_Driver/Src/stm32l4xx_hal_uart.o
 .text.USB_CoreInit
                0x080045e6       0x5a ./Drivers/STM32L4xx_HAL_Driver/Src/stm32l4xx_ll_usb.o
                0x080045e6                USB_CoreInit
 .text.USB_SetTurnaroundTime
                0x08004640      0x138 ./Drivers/STM32L4xx_HAL_Driver/Src/stm32l4xx_ll_usb.o
                0x08004640                USB_SetTurnaroundTime
 .text.USB_EnableGlobalInt
                0x08004778       0x22 ./Drivers/STM32L4xx_HAL_Driver/Src/stm32l4xx_ll_usb.o
                0x08004778                USB_EnableGlobalInt
 .text.USB_DisableGlobalInt
                0x0800479a       0x22 ./Drivers/STM32L4xx_HAL_Driver/Src/stm32l4xx_ll_usb.o
                0x0800479a                USB_DisableGlobalInt
 .text.USB_SetCurrentMode
                0x080047bc       0x98 ./Drivers/STM32L4xx_HAL_Driver/Src/stm32l4xx_ll_usb.o
                0x080047bc                USB_SetCurrentMode
 .text.USB_DevInit
                0x08004854      0x290 ./Drivers/STM32L4xx_HAL_Driver/Src/stm32l4xx_ll_usb.o
                0x08004854                USB_DevInit
 .text.USB_FlushTxFifo
                0x08004ae4       0x64 ./Drivers/STM32L4xx_HAL_Driver/Src/stm32l4xx_ll_usb.o
                0x08004ae4                USB_FlushTxFifo
 .text.USB_FlushRxFifo
                0x08004b48       0x5c ./Drivers/STM32L4xx_HAL_Driver/Src/stm32l4xx_ll_usb.o
                0x08004b48                USB_FlushRxFifo
 .text.USB_SetDevSpeed
                0x08004ba4       0x32 ./Drivers/STM32L4xx_HAL_Driver/Src/stm32l4xx_ll_usb.o
                0x08004ba4                USB_SetDevSpeed
 .text.USB_GetDevSpeed
                0x08004bd6       0x3e ./Drivers/STM32L4xx_HAL_Driver/Src/stm32l4xx_ll_usb.o
                0x08004bd6                USB_GetDevSpeed
 .text.USB_ActivateEndpoint
                0x08004c14      0x10e ./Drivers/STM32L4xx_HAL_Driver/Src/stm32l4xx_ll_usb.o
                0x08004c14                USB_ActivateEndpoint
 *fill*         0x08004d22        0x2 
 .text.USB_DeactivateEndpoint
                0x08004d24      0x1b8 ./Drivers/STM32L4xx_HAL_Driver/Src/stm32l4xx_ll_usb.o
                0x08004d24                USB_DeactivateEndpoint
 .text.USB_EPStartXfer
                0x08004edc      0x470 ./Drivers/STM32L4xx_HAL_Driver/Src/stm32l4xx_ll_usb.o
                0x08004edc                USB_EPStartXfer
 .text.USB_EPStopXfer
                0x0800534c      0x1fa ./Drivers/STM32L4xx_HAL_Driver/Src/stm32l4xx_ll_usb.o
                0x0800534c                USB_EPStopXfer
 .text.USB_EPSetStall
                0x08005546       0xdc ./Drivers/STM32L4xx_HAL_Driver/Src/stm32l4xx_ll_usb.o
                0x08005546                USB_EPSetStall
 .text.USB_EPClearStall
                0x08005622       0xcc ./Drivers/STM32L4xx_HAL_Driver/Src/stm32l4xx_ll_usb.o
                0x08005622                USB_EPClearStall
 .text.USB_WritePacket
                0x080056ee       0x74 ./Drivers/STM32L4xx_HAL_Driver/Src/stm32l4xx_ll_usb.o
                0x080056ee                USB_WritePacket
 .text.USB_ReadPacket
                0x08005762       0xb0 ./Drivers/STM32L4xx_HAL_Driver/Src/stm32l4xx_ll_usb.o
                0x08005762                USB_ReadPacket
 .text.USB_SetDevAddress
                0x08005812       0x4c ./Drivers/STM32L4xx_HAL_Driver/Src/stm32l4xx_ll_usb.o
                0x08005812                USB_SetDevAddress
 .text.USB_DevConnect
                0x0800585e       0x42 ./Drivers/STM32L4xx_HAL_Driver/Src/stm32l4xx_ll_usb.o
                0x0800585e                USB_DevConnect
 .text.USB_DevDisconnect
                0x080058a0       0x42 ./Drivers/STM32L4xx_HAL_Driver/Src/stm32l4xx_ll_usb.o
                0x080058a0                USB_DevDisconnect
 .text.USB_ReadInterrupts
                0x080058e2       0x26 ./Drivers/STM32L4xx_HAL_Driver/Src/stm32l4xx_ll_usb.o
                0x080058e2                USB_ReadInterrupts
 .text.USB_ReadDevAllOutEpInterrupt
                0x08005908       0x34 ./Drivers/STM32L4xx_HAL_Driver/Src/stm32l4xx_ll_usb.o
                0x08005908                USB_ReadDevAllOutEpInterrupt
 .text.USB_ReadDevAllInEpInterrupt
                0x0800593c       0x34 ./Drivers/STM32L4xx_HAL_Driver/Src/stm32l4xx_ll_usb.o
                0x0800593c                USB_ReadDevAllInEpInterrupt
 .text.USB_ReadDevOutEPInterrupt
                0x08005970       0x3c ./Drivers/STM32L4xx_HAL_Driver/Src/stm32l4xx_ll_usb.o
                0x08005970                USB_ReadDevOutEPInterrupt
 .text.USB_ReadDevInEPInterrupt
                0x080059ac       0x5c ./Drivers/STM32L4xx_HAL_Driver/Src/stm32l4xx_ll_usb.o
                0x080059ac                USB_ReadDevInEPInterrupt
 .text.USB_GetMode
                0x08005a08       0x1c ./Drivers/STM32L4xx_HAL_Driver/Src/stm32l4xx_ll_usb.o
                0x08005a08                USB_GetMode
 .text.USB_ActivateSetup
                0x08005a24       0x46 ./Drivers/STM32L4xx_HAL_Driver/Src/stm32l4xx_ll_usb.o
                0x08005a24                USB_ActivateSetup
 *fill*         0x08005a6a        0x2 
 .text.USB_EP0_OutStart
                0x08005a6c       0x90 ./Drivers/STM32L4xx_HAL_Driver/Src/stm32l4xx_ll_usb.o
                0x08005a6c                USB_EP0_OutStart
 .text.USB_CoreReset
                0x08005afc       0x70 ./Drivers/STM32L4xx_HAL_Driver/Src/stm32l4xx_ll_usb.o
 .text.USBD_CUSTOM_HID_Init
                0x08005b6c      0x154 ./Middlewares/ST/STM32_USB_Device_Library/Class/CustomHID/Src/usbd_customhid.o
 .text.USBD_CUSTOM_HID_DeInit
                0x08005cc0       0xf4 ./Middlewares/ST/STM32_USB_Device_Library/Class/CustomHID/Src/usbd_customhid.o
 .text.USBD_CUSTOM_HID_Setup
                0x08005db4      0x254 ./Middlewares/ST/STM32_USB_Device_Library/Class/CustomHID/Src/usbd_customhid.o
 .text.USBD_CUSTOM_HID_SendReport
                0x08006008       0x64 ./Middlewares/ST/STM32_USB_Device_Library/Class/CustomHID/Src/usbd_customhid.o
                0x08006008                USBD_CUSTOM_HID_SendReport
 .text.USBD_CUSTOM_HID_GetFSCfgDesc
                0x0800606c       0x64 ./Middlewares/ST/STM32_USB_Device_Library/Class/CustomHID/Src/usbd_customhid.o
 .text.USBD_CUSTOM_HID_GetHSCfgDesc
                0x080060d0       0x64 ./Middlewares/ST/STM32_USB_Device_Library/Class/CustomHID/Src/usbd_customhid.o
 .text.USBD_CUSTOM_HID_GetOtherSpeedCfgDesc
                0x08006134       0x64 ./Middlewares/ST/STM32_USB_Device_Library/Class/CustomHID/Src/usbd_customhid.o
 .text.USBD_CUSTOM_HID_DataIn
                0x08006198       0x2c ./Middlewares/ST/STM32_USB_Device_Library/Class/CustomHID/Src/usbd_customhid.o
 .text.USBD_CUSTOM_HID_DataOut
                0x080061c4       0x5a ./Middlewares/ST/STM32_USB_Device_Library/Class/CustomHID/Src/usbd_customhid.o
 *fill*         0x0800621e        0x2 
 .text.USBD_CUSTOM_HID_ReceivePacket
                0x08006220       0x4c ./Middlewares/ST/STM32_USB_Device_Library/Class/CustomHID/Src/usbd_customhid.o
                0x08006220                USBD_CUSTOM_HID_ReceivePacket
 .text.USBD_CUSTOM_HID_EP0_RxReady
                0x0800626c       0x58 ./Middlewares/ST/STM32_USB_Device_Library/Class/CustomHID/Src/usbd_customhid.o
 .text.USBD_CUSTOM_HID_GetDeviceQualifierDesc
                0x080062c4       0x20 ./Middlewares/ST/STM32_USB_Device_Library/Class/CustomHID/Src/usbd_customhid.o
 .text.USBD_CUSTOM_HID_RegisterInterface
                0x080062e4       0x34 ./Middlewares/ST/STM32_USB_Device_Library/Class/CustomHID/Src/usbd_customhid.o
                0x080062e4                USBD_CUSTOM_HID_RegisterInterface
 .text.USBD_Init
                0x08006318       0x60 ./Middlewares/ST/STM32_USB_Device_Library/Core/Src/usbd_core.o
                0x08006318                USBD_Init
 .text.USBD_RegisterClass
                0x08006378       0x6c ./Middlewares/ST/STM32_USB_Device_Library/Core/Src/usbd_core.o
                0x08006378                USBD_RegisterClass
 .text.USBD_Start
                0x080063e4       0x18 ./Middlewares/ST/STM32_USB_Device_Library/Core/Src/usbd_core.o
                0x080063e4                USBD_Start
 .text.USBD_RunTestMode
                0x080063fc       0x16 ./Middlewares/ST/STM32_USB_Device_Library/Core/Src/usbd_core.o
                0x080063fc                USBD_RunTestMode
 .text.USBD_SetClassConfig
                0x08006412       0x38 ./Middlewares/ST/STM32_USB_Device_Library/Core/Src/usbd_core.o
                0x08006412                USBD_SetClassConfig
 .text.USBD_ClrClassConfig
                0x0800644a       0x34 ./Middlewares/ST/STM32_USB_Device_Library/Core/Src/usbd_core.o
                0x0800644a                USBD_ClrClassConfig
 .text.USBD_LL_SetupStage
                0x0800647e       0xaa ./Middlewares/ST/STM32_USB_Device_Library/Core/Src/usbd_core.o
                0x0800647e                USBD_LL_SetupStage
 .text.USBD_LL_DataOutStage
                0x08006528      0x178 ./Middlewares/ST/STM32_USB_Device_Library/Core/Src/usbd_core.o
                0x08006528                USBD_LL_DataOutStage
 .text.USBD_LL_DataInStage
                0x080066a0      0x176 ./Middlewares/ST/STM32_USB_Device_Library/Core/Src/usbd_core.o
                0x080066a0                USBD_LL_DataInStage
 .text.USBD_LL_Reset
                0x08006816       0xa6 ./Middlewares/ST/STM32_USB_Device_Library/Core/Src/usbd_core.o
                0x08006816                USBD_LL_Reset
 .text.USBD_LL_SetSpeed
                0x080068bc       0x20 ./Middlewares/ST/STM32_USB_Device_Library/Core/Src/usbd_core.o
                0x080068bc                USBD_LL_SetSpeed
 .text.USBD_LL_Suspend
                0x080068dc       0x38 ./Middlewares/ST/STM32_USB_Device_Library/Core/Src/usbd_core.o
                0x080068dc                USBD_LL_Suspend
 .text.USBD_LL_Resume
                0x08006914       0x30 ./Middlewares/ST/STM32_USB_Device_Library/Core/Src/usbd_core.o
                0x08006914                USBD_LL_Resume
 .text.USBD_LL_SOF
                0x08006944       0x40 ./Middlewares/ST/STM32_USB_Device_Library/Core/Src/usbd_core.o
                0x08006944                USBD_LL_SOF
 .text.USBD_LL_IsoINIncomplete
                0x08006984       0x64 ./Middlewares/ST/STM32_USB_Device_Library/Core/Src/usbd_core.o
                0x08006984                USBD_LL_IsoINIncomplete
 .text.USBD_LL_IsoOUTIncomplete
                0x080069e8       0x64 ./Middlewares/ST/STM32_USB_Device_Library/Core/Src/usbd_core.o
                0x080069e8                USBD_LL_IsoOUTIncomplete
 .text.USBD_LL_DevConnected
                0x08006a4c       0x16 ./Middlewares/ST/STM32_USB_Device_Library/Core/Src/usbd_core.o
                0x08006a4c                USBD_LL_DevConnected
 .text.USBD_LL_DevDisconnected
                0x08006a62       0x46 ./Middlewares/ST/STM32_USB_Device_Library/Core/Src/usbd_core.o
                0x08006a62                USBD_LL_DevDisconnected
 .text.USBD_CoreFindIF
                0x08006aa8       0x1a ./Middlewares/ST/STM32_USB_Device_Library/Core/Src/usbd_core.o
                0x08006aa8                USBD_CoreFindIF
 .text.USBD_CoreFindEP
                0x08006ac2       0x1a ./Middlewares/ST/STM32_USB_Device_Library/Core/Src/usbd_core.o
                0x08006ac2                USBD_CoreFindEP
 .text.USBD_GetEpDesc
                0x08006adc       0x70 ./Middlewares/ST/STM32_USB_Device_Library/Core/Src/usbd_core.o
                0x08006adc                USBD_GetEpDesc
 .text.USBD_GetNextDesc
                0x08006b4c       0x38 ./Middlewares/ST/STM32_USB_Device_Library/Core/Src/usbd_core.o
                0x08006b4c                USBD_GetNextDesc
 .text.SWAPBYTE
                0x08006b84       0x3e ./Middlewares/ST/STM32_USB_Device_Library/Core/Src/usbd_ctlreq.o
 *fill*         0x08006bc2        0x2 
 .text.USBD_StdDevReq
                0x08006bc4       0xe4 ./Middlewares/ST/STM32_USB_Device_Library/Core/Src/usbd_ctlreq.o
                0x08006bc4                USBD_StdDevReq
 .text.USBD_StdItfReq
                0x08006ca8       0xd8 ./Middlewares/ST/STM32_USB_Device_Library/Core/Src/usbd_ctlreq.o
                0x08006ca8                USBD_StdItfReq
 .text.USBD_StdEPReq
                0x08006d80      0x33e ./Middlewares/ST/STM32_USB_Device_Library/Core/Src/usbd_ctlreq.o
                0x08006d80                USBD_StdEPReq
 *fill*         0x080070be        0x2 
 .text.USBD_GetDescriptor
                0x080070c0      0x328 ./Middlewares/ST/STM32_USB_Device_Library/Core/Src/usbd_ctlreq.o
 .text.USBD_SetAddress
                0x080073e8       0x88 ./Middlewares/ST/STM32_USB_Device_Library/Core/Src/usbd_ctlreq.o
 .text.USBD_SetConfig
                0x08007470      0x154 ./Middlewares/ST/STM32_USB_Device_Library/Core/Src/usbd_ctlreq.o
 .text.USBD_GetConfig
                0x080075c4       0x6c ./Middlewares/ST/STM32_USB_Device_Library/Core/Src/usbd_ctlreq.o
 .text.USBD_GetStatus
                0x08007630       0x68 ./Middlewares/ST/STM32_USB_Device_Library/Core/Src/usbd_ctlreq.o
 .text.USBD_SetFeature
                0x08007698       0x52 ./Middlewares/ST/STM32_USB_Device_Library/Core/Src/usbd_ctlreq.o
 .text.USBD_ClrFeature
                0x080076ea       0x44 ./Middlewares/ST/STM32_USB_Device_Library/Core/Src/usbd_ctlreq.o
 .text.USBD_ParseSetupRequest
                0x0800772e       0x74 ./Middlewares/ST/STM32_USB_Device_Library/Core/Src/usbd_ctlreq.o
                0x0800772e                USBD_ParseSetupRequest
 .text.USBD_CtlError
                0x080077a2       0x22 ./Middlewares/ST/STM32_USB_Device_Library/Core/Src/usbd_ctlreq.o
                0x080077a2                USBD_CtlError
 .text.USBD_GetString
                0x080077c4       0xa4 ./Middlewares/ST/STM32_USB_Device_Library/Core/Src/usbd_ctlreq.o
                0x080077c4                USBD_GetString
 .text.USBD_GetLen
                0x08007868       0x34 ./Middlewares/ST/STM32_USB_Device_Library/Core/Src/usbd_ctlreq.o
 .text.USBD_CtlSendData
                0x0800789c       0x3c ./Middlewares/ST/STM32_USB_Device_Library/Core/Src/usbd_ioreq.o
                0x0800789c                USBD_CtlSendData
 .text.USBD_CtlContinueSendData
                0x080078d8       0x22 ./Middlewares/ST/STM32_USB_Device_Library/Core/Src/usbd_ioreq.o
                0x080078d8                USBD_CtlContinueSendData
 .text.USBD_CtlPrepareRx
                0x080078fa       0x42 ./Middlewares/ST/STM32_USB_Device_Library/Core/Src/usbd_ioreq.o
                0x080078fa                USBD_CtlPrepareRx
 .text.USBD_CtlContinueRx
                0x0800793c       0x22 ./Middlewares/ST/STM32_USB_Device_Library/Core/Src/usbd_ioreq.o
                0x0800793c                USBD_CtlContinueRx
 .text.USBD_CtlSendStatus
                0x0800795e       0x26 ./Middlewares/ST/STM32_USB_Device_Library/Core/Src/usbd_ioreq.o
                0x0800795e                USBD_CtlSendStatus
 .text.USBD_CtlReceiveStatus
                0x08007984       0x26 ./Middlewares/ST/STM32_USB_Device_Library/Core/Src/usbd_ioreq.o
                0x08007984                USBD_CtlReceiveStatus
 *fill*         0x080079aa        0x2 
 .text.MX_USB_DEVICE_Init
                0x080079ac       0x60 ./USB_DEVICE/App/usb_device.o
                0x080079ac                MX_USB_DEVICE_Init
 .text.CUSTOM_HID_Init_FS
                0x08007a0c       0x10 ./USB_DEVICE/App/usbd_custom_hid_if.o
 .text.CUSTOM_HID_DeInit_FS
                0x08007a1c       0x10 ./USB_DEVICE/App/usbd_custom_hid_if.o
 .text.CUSTOM_HID_OutEvent_FS
                0x08007a2c       0x24 ./USB_DEVICE/App/usbd_custom_hid_if.o
 .text.USBD_FS_DeviceDescriptor
                0x08007a50       0x24 ./USB_DEVICE/App/usbd_desc.o
                0x08007a50                USBD_FS_DeviceDescriptor
 .text.USBD_FS_LangIDStrDescriptor
                0x08007a74       0x24 ./USB_DEVICE/App/usbd_desc.o
                0x08007a74                USBD_FS_LangIDStrDescriptor
 .text.USBD_FS_ProductStrDescriptor
                0x08007a98       0x3c ./USB_DEVICE/App/usbd_desc.o
                0x08007a98                USBD_FS_ProductStrDescriptor
 .text.USBD_FS_ManufacturerStrDescriptor
                0x08007ad4       0x28 ./USB_DEVICE/App/usbd_desc.o
                0x08007ad4                USBD_FS_ManufacturerStrDescriptor
 .text.USBD_FS_SerialStrDescriptor
                0x08007afc       0x24 ./USB_DEVICE/App/usbd_desc.o
                0x08007afc                USBD_FS_SerialStrDescriptor
 .text.USBD_FS_ConfigStrDescriptor
                0x08007b20       0x3c ./USB_DEVICE/App/usbd_desc.o
                0x08007b20                USBD_FS_ConfigStrDescriptor
 .text.USBD_FS_InterfaceStrDescriptor
                0x08007b5c       0x3c ./USB_DEVICE/App/usbd_desc.o
                0x08007b5c                USBD_FS_InterfaceStrDescriptor
 .text.USBD_FS_USR_BOSDescriptor
                0x08007b98       0x24 ./USB_DEVICE/App/usbd_desc.o
                0x08007b98                USBD_FS_USR_BOSDescriptor
 .text.Get_SerialNum
                0x08007bbc       0x58 ./USB_DEVICE/App/usbd_desc.o
 .text.IntToUnicode
                0x08007c14       0x7e ./USB_DEVICE/App/usbd_desc.o
 *fill*         0x08007c92        0x2 
 .text.HAL_PCD_MspInit
                0x08007c94      0x124 ./USB_DEVICE/Target/usbd_conf.o
                0x08007c94                HAL_PCD_MspInit
 .text.HAL_PCD_SetupStageCallback
                0x08007db8       0x24 ./USB_DEVICE/Target/usbd_conf.o
                0x08007db8                HAL_PCD_SetupStageCallback
 .text.HAL_PCD_DataOutStageCallback
                0x08007ddc       0x36 ./USB_DEVICE/Target/usbd_conf.o
                0x08007ddc                HAL_PCD_DataOutStageCallback
 .text.HAL_PCD_DataInStageCallback
                0x08007e12       0x34 ./USB_DEVICE/Target/usbd_conf.o
                0x08007e12                HAL_PCD_DataInStageCallback
 .text.HAL_PCD_SOFCallback
                0x08007e46       0x1c ./USB_DEVICE/Target/usbd_conf.o
                0x08007e46                HAL_PCD_SOFCallback
 .text.HAL_PCD_ResetCallback
                0x08007e62       0x3c ./USB_DEVICE/Target/usbd_conf.o
                0x08007e62                HAL_PCD_ResetCallback
 *fill*         0x08007e9e        0x2 
 .text.HAL_PCD_SuspendCallback
                0x08007ea0       0x4c ./USB_DEVICE/Target/usbd_conf.o
                0x08007ea0                HAL_PCD_SuspendCallback
 .text.HAL_PCD_ResumeCallback
                0x08007eec       0x50 ./USB_DEVICE/Target/usbd_conf.o
                0x08007eec                HAL_PCD_ResumeCallback
 .text.HAL_PCD_ISOOUTIncompleteCallback
                0x08007f3c       0x24 ./USB_DEVICE/Target/usbd_conf.o
                0x08007f3c                HAL_PCD_ISOOUTIncompleteCallback
 .text.HAL_PCD_ISOINIncompleteCallback
                0x08007f60       0x24 ./USB_DEVICE/Target/usbd_conf.o
                0x08007f60                HAL_PCD_ISOINIncompleteCallback
 .text.HAL_PCD_ConnectCallback
                0x08007f84       0x1c ./USB_DEVICE/Target/usbd_conf.o
                0x08007f84                HAL_PCD_ConnectCallback
 .text.HAL_PCD_DisconnectCallback
                0x08007fa0       0x1c ./USB_DEVICE/Target/usbd_conf.o
                0x08007fa0                HAL_PCD_DisconnectCallback
 .text.USBD_LL_Init
                0x08007fbc       0x98 ./USB_DEVICE/Target/usbd_conf.o
                0x08007fbc                USBD_LL_Init
 .text.USBD_LL_Start
                0x08008054       0x64 ./USB_DEVICE/Target/usbd_conf.o
                0x08008054                USBD_LL_Start
 .text.USBD_LL_OpenEP
                0x080080b8       0x7c ./USB_DEVICE/Target/usbd_conf.o
                0x080080b8                USBD_LL_OpenEP
 .text.USBD_LL_CloseEP
                0x08008134       0x6c ./USB_DEVICE/Target/usbd_conf.o
                0x08008134                USBD_LL_CloseEP
 .text.USBD_LL_StallEP
                0x080081a0       0x6c ./USB_DEVICE/Target/usbd_conf.o
                0x080081a0                USBD_LL_StallEP
 .text.USBD_LL_ClearStallEP
                0x0800820c       0x6c ./USB_DEVICE/Target/usbd_conf.o
                0x0800820c                USBD_LL_ClearStallEP
 .text.USBD_LL_IsStallEP
                0x08008278       0x58 ./USB_DEVICE/Target/usbd_conf.o
                0x08008278                USBD_LL_IsStallEP
 .text.USBD_LL_SetUSBAddress
                0x080082d0       0x6c ./USB_DEVICE/Target/usbd_conf.o
                0x080082d0                USBD_LL_SetUSBAddress
 .text.USBD_LL_Transmit
                0x0800833c       0x70 ./USB_DEVICE/Target/usbd_conf.o
                0x0800833c                USBD_LL_Transmit
 .text.USBD_LL_PrepareReceive
                0x080083ac       0x70 ./USB_DEVICE/Target/usbd_conf.o
                0x080083ac                USBD_LL_PrepareReceive
 .text.HAL_PCDEx_LPM_Callback
                0x0800841c       0x9c ./USB_DEVICE/Target/usbd_conf.o
                0x0800841c                HAL_PCDEx_LPM_Callback
 .text.USBD_static_malloc
                0x080084b8       0x1c ./USB_DEVICE/Target/usbd_conf.o
                0x080084b8                USBD_static_malloc
 .text.USBD_static_free
                0x080084d4       0x14 ./USB_DEVICE/Target/usbd_conf.o
                0x080084d4                USBD_static_free
 .text.SystemClockConfig_Resume
                0x080084e8        0xc ./USB_DEVICE/Target/usbd_conf.o
 .text.memset   0x080084f4       0x10 C:/ST/STM32CubeIDE_1.19.0/STM32CubeIDE/plugins/com.st.stm32cube.ide.mcu.externaltools.gnu-tools-for-stm32.13.3.rel1.win32_1.0.0.202411081344/tools/bin/../lib/gcc/arm-none-eabi/13.3.1/../../../../arm-none-eabi/lib/thumb/v7e-m+fp/hard\libc_nano.a(libc_a-memset.o)
                0x080084f4                memset
 .text.__libc_init_array
                0x08008504       0x48 C:/ST/STM32CubeIDE_1.19.0/STM32CubeIDE/plugins/com.st.stm32cube.ide.mcu.externaltools.gnu-tools-for-stm32.13.3.rel1.win32_1.0.0.202411081344/tools/bin/../lib/gcc/arm-none-eabi/13.3.1/../../../../arm-none-eabi/lib/thumb/v7e-m+fp/hard\libc_nano.a(libc_a-init.o)
                0x08008504                __libc_init_array
 *(.glue_7)
 .glue_7        0x0800854c        0x0 linker stubs
 *(.glue_7t)
 .glue_7t       0x0800854c        0x0 linker stubs
 *(.eh_frame)
 .eh_frame      0x0800854c        0x0 C:/ST/STM32CubeIDE_1.19.0/STM32CubeIDE/plugins/com.st.stm32cube.ide.mcu.externaltools.gnu-tools-for-stm32.13.3.rel1.win32_1.0.0.202411081344/tools/bin/../lib/gcc/arm-none-eabi/13.3.1/thumb/v7e-m+fp/hard/crtbegin.o
 *(.init)
 .init          0x0800854c        0x4 C:/ST/STM32CubeIDE_1.19.0/STM32CubeIDE/plugins/com.st.stm32cube.ide.mcu.externaltools.gnu-tools-for-stm32.13.3.rel1.win32_1.0.0.202411081344/tools/bin/../lib/gcc/arm-none-eabi/13.3.1/thumb/v7e-m+fp/hard/crti.o
                0x0800854c                _init
 .init          0x08008550        0x8 C:/ST/STM32CubeIDE_1.19.0/STM32CubeIDE/plugins/com.st.stm32cube.ide.mcu.externaltools.gnu-tools-for-stm32.13.3.rel1.win32_1.0.0.202411081344/tools/bin/../lib/gcc/arm-none-eabi/13.3.1/thumb/v7e-m+fp/hard/crtn.o
 *(.fini)
 .fini          0x08008558        0x4 C:/ST/STM32CubeIDE_1.19.0/STM32CubeIDE/plugins/com.st.stm32cube.ide.mcu.externaltools.gnu-tools-for-stm32.13.3.rel1.win32_1.0.0.202411081344/tools/bin/../lib/gcc/arm-none-eabi/13.3.1/thumb/v7e-m+fp/hard/crti.o
                0x08008558                _fini
 .fini          0x0800855c        0x8 C:/ST/STM32CubeIDE_1.19.0/STM32CubeIDE/plugins/com.st.stm32cube.ide.mcu.externaltools.gnu-tools-for-stm32.13.3.rel1.win32_1.0.0.202411081344/tools/bin/../lib/gcc/arm-none-eabi/13.3.1/thumb/v7e-m+fp/hard/crtn.o
                0x08008564                        . = ALIGN (0x4)
                0x08008564                        _etext = .

.vfp11_veneer   0x08008564        0x0
 .vfp11_veneer  0x08008564        0x0 linker stubs

.v4_bx          0x08008564        0x0
 .v4_bx         0x08008564        0x0 linker stubs

.iplt           0x08008564        0x0
 .iplt          0x08008564        0x0 C:/ST/STM32CubeIDE_1.19.0/STM32CubeIDE/plugins/com.st.stm32cube.ide.mcu.externaltools.gnu-tools-for-stm32.13.3.rel1.win32_1.0.0.202411081344/tools/bin/../lib/gcc/arm-none-eabi/13.3.1/thumb/v7e-m+fp/hard/crtbegin.o

.rodata         0x08008564       0xa8
                0x08008564                        . = ALIGN (0x4)
 *(.rodata)
 .rodata        0x08008564       0x5d ./USB_DEVICE/App/usbd_desc.o
 *(.rodata*)
 *fill*         0x080085c1        0x3 
 .rodata.AHBPrescTable
                0x080085c4       0x10 ./Core/Src/system_stm32l4xx.o
                0x080085c4                AHBPrescTable
 .rodata.APBPrescTable
                0x080085d4        0x8 ./Core/Src/system_stm32l4xx.o
                0x080085d4                APBPrescTable
 .rodata.MSIRangeTable
                0x080085dc       0x30 ./Core/Src/system_stm32l4xx.o
                0x080085dc                MSIRangeTable
                0x0800860c                        . = ALIGN (0x4)

.ARM.extab      0x0800860c        0x0
                0x0800860c                        . = ALIGN (0x4)
 *(.ARM.extab* .gnu.linkonce.armextab.*)
                0x0800860c                        . = ALIGN (0x4)

.ARM            0x0800860c        0x8
                0x0800860c                        . = ALIGN (0x4)
                0x0800860c                        __exidx_start = .
 *(.ARM.exidx*)
 .ARM.exidx     0x0800860c        0x8 C:/ST/STM32CubeIDE_1.19.0/STM32CubeIDE/plugins/com.st.stm32cube.ide.mcu.externaltools.gnu-tools-for-stm32.13.3.rel1.win32_1.0.0.202411081344/tools/bin/../lib/gcc/arm-none-eabi/13.3.1/thumb/v7e-m+fp/hard\libgcc.a(_udivmoddi4.o)
                0x08008614                        __exidx_end = .
                0x08008614                        . = ALIGN (0x4)

.preinit_array  0x08008614        0x0
                0x08008614                        . = ALIGN (0x4)
                0x08008614                        PROVIDE (__preinit_array_start = .)
 *(.preinit_array*)
                0x08008614                        PROVIDE (__preinit_array_end = .)
                0x08008614                        . = ALIGN (0x4)

.init_array     0x08008614        0x4
                0x08008614                        . = ALIGN (0x4)
                0x08008614                        PROVIDE (__init_array_start = .)
 *(SORT_BY_NAME(.init_array.*))
 *(.init_array*)
 .init_array    0x08008614        0x4 C:/ST/STM32CubeIDE_1.19.0/STM32CubeIDE/plugins/com.st.stm32cube.ide.mcu.externaltools.gnu-tools-for-stm32.13.3.rel1.win32_1.0.0.202411081344/tools/bin/../lib/gcc/arm-none-eabi/13.3.1/thumb/v7e-m+fp/hard/crtbegin.o
                0x08008618                        PROVIDE (__init_array_end = .)
                0x08008618                        . = ALIGN (0x4)

.fini_array     0x08008618        0x4
                0x08008618                        . = ALIGN (0x4)
                [!provide]                        PROVIDE (__fini_array_start = .)
 *(SORT_BY_NAME(.fini_array.*))
 *(.fini_array*)
 .fini_array    0x08008618        0x4 C:/ST/STM32CubeIDE_1.19.0/STM32CubeIDE/plugins/com.st.stm32cube.ide.mcu.externaltools.gnu-tools-for-stm32.13.3.rel1.win32_1.0.0.202411081344/tools/bin/../lib/gcc/arm-none-eabi/13.3.1/thumb/v7e-m+fp/hard/crtbegin.o
                [!provide]                        PROVIDE (__fini_array_end = .)
                0x0800861c                        . = ALIGN (0x4)
                0x0800861c                        _sidata = LOADADDR (.data)

.rel.dyn        0x0800861c        0x0
 .rel.iplt      0x0800861c        0x0 C:/ST/STM32CubeIDE_1.19.0/STM32CubeIDE/plugins/com.st.stm32cube.ide.mcu.externaltools.gnu-tools-for-stm32.13.3.rel1.win32_1.0.0.202411081344/tools/bin/../lib/gcc/arm-none-eabi/13.3.1/thumb/v7e-m+fp/hard/crtbegin.o

.data           0x20000000      0x138 load address 0x0800861c
                0x20000000                        . = ALIGN (0x4)
                0x20000000                        _sdata = .
 *(.data)
 *(.data*)
 .data.SystemCoreClock
                0x20000000        0x4 ./Core/Src/system_stm32l4xx.o
                0x20000000                SystemCoreClock
 .data.uwTickPrio
                0x20000004        0x4 ./Drivers/STM32L4xx_HAL_Driver/Src/stm32l4xx_hal.o
                0x20000004                uwTickPrio
 .data.uwTickFreq
                0x20000008        0x1 ./Drivers/STM32L4xx_HAL_Driver/Src/stm32l4xx_hal.o
                0x20000008                uwTickFreq
 *fill*         0x20000009        0x3 
 .data.USBD_CUSTOM_HID
                0x2000000c       0x38 ./Middlewares/ST/STM32_USB_Device_Library/Class/CustomHID/Src/usbd_customhid.o
                0x2000000c                USBD_CUSTOM_HID
 .data.USBD_CUSTOM_HID_CfgDesc
                0x20000044       0x29 ./Middlewares/ST/STM32_USB_Device_Library/Class/CustomHID/Src/usbd_customhid.o
 *fill*         0x2000006d        0x3 
 .data.USBD_CUSTOM_HID_Desc
                0x20000070        0x9 ./Middlewares/ST/STM32_USB_Device_Library/Class/CustomHID/Src/usbd_customhid.o
 *fill*         0x20000079        0x3 
 .data.USBD_CUSTOM_HID_DeviceQualifierDesc
                0x2000007c        0xa ./Middlewares/ST/STM32_USB_Device_Library/Class/CustomHID/Src/usbd_customhid.o
 .data.CUSTOMHIDInEpAdd
                0x20000086        0x1 ./Middlewares/ST/STM32_USB_Device_Library/Class/CustomHID/Src/usbd_customhid.o
 .data.CUSTOMHIDOutEpAdd
                0x20000087        0x1 ./Middlewares/ST/STM32_USB_Device_Library/Class/CustomHID/Src/usbd_customhid.o
 .data.CUSTOM_HID_ReportDesc_FS
                0x20000088       0x3f ./USB_DEVICE/App/usbd_custom_hid_if.o
 *fill*         0x200000c7        0x1 
 .data.USBD_CustomHID_fops_FS
                0x200000c8       0x10 ./USB_DEVICE/App/usbd_custom_hid_if.o
                0x200000c8                USBD_CustomHID_fops_FS
 .data.FS_Desc  0x200000d8       0x20 ./USB_DEVICE/App/usbd_desc.o
                0x200000d8                FS_Desc
 .data.USBD_FS_DeviceDesc
                0x200000f8       0x12 ./USB_DEVICE/App/usbd_desc.o
                0x200000f8                USBD_FS_DeviceDesc
 *fill*         0x2000010a        0x2 
 .data.USBD_FS_BOSDesc
                0x2000010c        0xc ./USB_DEVICE/App/usbd_desc.o
                0x2000010c                USBD_FS_BOSDesc
 .data.USBD_LangIDDesc
                0x20000118        0x4 ./USB_DEVICE/App/usbd_desc.o
                0x20000118                USBD_LangIDDesc
 .data.USBD_StringSerial
                0x2000011c       0x1a ./USB_DEVICE/App/usbd_desc.o
                0x2000011c                USBD_StringSerial
 *(.RamFunc)
 *(.RamFunc*)
                0x20000138                        . = ALIGN (0x4)
 *fill*         0x20000136        0x2 
                0x20000138                        _edata = .

.igot.plt       0x20000138        0x0 load address 0x08008754
 .igot.plt      0x20000138        0x0 C:/ST/STM32CubeIDE_1.19.0/STM32CubeIDE/plugins/com.st.stm32cube.ide.mcu.externaltools.gnu-tools-for-stm32.13.3.rel1.win32_1.0.0.202411081344/tools/bin/../lib/gcc/arm-none-eabi/13.3.1/thumb/v7e-m+fp/hard/crtbegin.o
                0x20000138                        . = ALIGN (0x4)

.bss            0x20000138      0xa94 load address 0x08008754
                0x20000138                        _sbss = .
                0x20000138                        __bss_start__ = _sbss
 *(.bss)
 .bss           0x20000138       0x1c C:/ST/STM32CubeIDE_1.19.0/STM32CubeIDE/plugins/com.st.stm32cube.ide.mcu.externaltools.gnu-tools-for-stm32.13.3.rel1.win32_1.0.0.202411081344/tools/bin/../lib/gcc/arm-none-eabi/13.3.1/thumb/v7e-m+fp/hard/crtbegin.o
 *(.bss*)
 .bss.huart2    0x20000154       0x88 ./Core/Src/main.o
                0x20000154                huart2
 .bss.keyboardReport
                0x200001dc        0x8 ./Core/Src/main.o
                0x200001dc                keyboardReport
 .bss.event_detected
                0x200001e4        0x1 ./Core/Src/main.o
                0x200001e4                event_detected
 *fill*         0x200001e5        0x3 
 .bss.uwTick    0x200001e8        0x4 ./Drivers/STM32L4xx_HAL_Driver/Src/stm32l4xx_hal.o
                0x200001e8                uwTick
 .bss.cfgidx.0  0x200001ec        0x1 ./Middlewares/ST/STM32_USB_Device_Library/Core/Src/usbd_ctlreq.o
 *fill*         0x200001ed        0x3 
 .bss.hUsbDeviceFS
                0x200001f0      0x2dc ./USB_DEVICE/App/usb_device.o
                0x200001f0                hUsbDeviceFS
 .bss.USBD_StrDesc
                0x200004cc      0x200 ./USB_DEVICE/App/usbd_desc.o
                0x200004cc                USBD_StrDesc
 .bss.hpcd_USB_OTG_FS
                0x200006cc      0x4e4 ./USB_DEVICE/Target/usbd_conf.o
                0x200006cc                hpcd_USB_OTG_FS
 .bss.mem.0     0x20000bb0       0x1c ./USB_DEVICE/Target/usbd_conf.o
 *(COMMON)
                0x20000bcc                        . = ALIGN (0x4)
                0x20000bcc                        _ebss = .
                0x20000bcc                        __bss_end__ = _ebss

._user_heap_stack
                0x20000bcc      0x604 load address 0x08008754
                0x20000bd0                        . = ALIGN (0x8)
 *fill*         0x20000bcc        0x4 
                [!provide]                        PROVIDE (end = .)
                0x20000bd0                        PROVIDE (_end = .)
                0x20000dd0                        . = (. + _Min_Heap_Size)
 *fill*         0x20000bd0      0x200 
                0x200011d0                        . = (. + _Min_Stack_Size)
 *fill*         0x20000dd0      0x400 
                0x200011d0                        . = ALIGN (0x8)

/DISCARD/
 libc.a(*)
 libm.a(*)
 libgcc.a(*)

.ARM.attributes
                0x00000000       0x30
 *(.ARM.attributes)
 .ARM.attributes
                0x00000000       0x22 C:/ST/STM32CubeIDE_1.19.0/STM32CubeIDE/plugins/com.st.stm32cube.ide.mcu.externaltools.gnu-tools-for-stm32.13.3.rel1.win32_1.0.0.202411081344/tools/bin/../lib/gcc/arm-none-eabi/13.3.1/thumb/v7e-m+fp/hard/crti.o
 .ARM.attributes
                0x00000022       0x34 C:/ST/STM32CubeIDE_1.19.0/STM32CubeIDE/plugins/com.st.stm32cube.ide.mcu.externaltools.gnu-tools-for-stm32.13.3.rel1.win32_1.0.0.202411081344/tools/bin/../lib/gcc/arm-none-eabi/13.3.1/thumb/v7e-m+fp/hard/crtbegin.o
 .ARM.attributes
                0x00000056       0x34 ./Core/Src/main.o
 .ARM.attributes
                0x0000008a       0x34 ./Core/Src/stm32l4xx_hal_msp.o
 .ARM.attributes
                0x000000be       0x34 ./Core/Src/stm32l4xx_it.o
 .ARM.attributes
                0x000000f2       0x34 ./Core/Src/system_stm32l4xx.o
 .ARM.attributes
                0x00000126       0x21 ./Core/Startup/startup_stm32l476rgtx.o
 .ARM.attributes
                0x00000147       0x34 ./Drivers/STM32L4xx_HAL_Driver/Src/stm32l4xx_hal.o
 .ARM.attributes
                0x0000017b       0x34 ./Drivers/STM32L4xx_HAL_Driver/Src/stm32l4xx_hal_cortex.o
 .ARM.attributes
                0x000001af       0x34 ./Drivers/STM32L4xx_HAL_Driver/Src/stm32l4xx_hal_gpio.o
 .ARM.attributes
                0x000001e3       0x34 ./Drivers/STM32L4xx_HAL_Driver/Src/stm32l4xx_hal_pcd.o
 .ARM.attributes
                0x00000217       0x34 ./Drivers/STM32L4xx_HAL_Driver/Src/stm32l4xx_hal_pcd_ex.o
 .ARM.attributes
                0x0000024b       0x34 ./Drivers/STM32L4xx_HAL_Driver/Src/stm32l4xx_hal_pwr.o
 .ARM.attributes
                0x0000027f       0x34 ./Drivers/STM32L4xx_HAL_Driver/Src/stm32l4xx_hal_pwr_ex.o
 .ARM.attributes
                0x000002b3       0x34 ./Drivers/STM32L4xx_HAL_Driver/Src/stm32l4xx_hal_rcc.o
 .ARM.attributes
                0x000002e7       0x34 ./Drivers/STM32L4xx_HAL_Driver/Src/stm32l4xx_hal_rcc_ex.o
 .ARM.attributes
                0x0000031b       0x34 ./Drivers/STM32L4xx_HAL_Driver/Src/stm32l4xx_hal_uart.o
 .ARM.attributes
                0x0000034f       0x34 ./Drivers/STM32L4xx_HAL_Driver/Src/stm32l4xx_ll_usb.o
 .ARM.attributes
                0x00000383       0x34 ./Middlewares/ST/STM32_USB_Device_Library/Class/CustomHID/Src/usbd_customhid.o
 .ARM.attributes
                0x000003b7       0x34 ./Middlewares/ST/STM32_USB_Device_Library/Core/Src/usbd_core.o
 .ARM.attributes
                0x000003eb       0x34 ./Middlewares/ST/STM32_USB_Device_Library/Core/Src/usbd_ctlreq.o
 .ARM.attributes
                0x0000041f       0x34 ./Middlewares/ST/STM32_USB_Device_Library/Core/Src/usbd_ioreq.o
 .ARM.attributes
                0x00000453       0x34 ./USB_DEVICE/App/usb_device.o
 .ARM.attributes
                0x00000487       0x34 ./USB_DEVICE/App/usbd_custom_hid_if.o
 .ARM.attributes
                0x000004bb       0x34 ./USB_DEVICE/App/usbd_desc.o
 .ARM.attributes
                0x000004ef       0x34 ./USB_DEVICE/Target/usbd_conf.o
 .ARM.attributes
                0x00000523       0x34 C:/ST/STM32CubeIDE_1.19.0/STM32CubeIDE/plugins/com.st.stm32cube.ide.mcu.externaltools.gnu-tools-for-stm32.13.3.rel1.win32_1.0.0.202411081344/tools/bin/../lib/gcc/arm-none-eabi/13.3.1/../../../../arm-none-eabi/lib/thumb/v7e-m+fp/hard\libc_nano.a(libc_a-memset.o)
 .ARM.attributes
                0x00000557       0x34 C:/ST/STM32CubeIDE_1.19.0/STM32CubeIDE/plugins/com.st.stm32cube.ide.mcu.externaltools.gnu-tools-for-stm32.13.3.rel1.win32_1.0.0.202411081344/tools/bin/../lib/gcc/arm-none-eabi/13.3.1/../../../../arm-none-eabi/lib/thumb/v7e-m+fp/hard\libc_nano.a(libc_a-init.o)
 .ARM.attributes
                0x0000058b       0x22 C:/ST/STM32CubeIDE_1.19.0/STM32CubeIDE/plugins/com.st.stm32cube.ide.mcu.externaltools.gnu-tools-for-stm32.13.3.rel1.win32_1.0.0.202411081344/tools/bin/../lib/gcc/arm-none-eabi/13.3.1/thumb/v7e-m+fp/hard\libgcc.a(_aeabi_uldivmod.o)
 .ARM.attributes
                0x000005ad       0x34 C:/ST/STM32CubeIDE_1.19.0/STM32CubeIDE/plugins/com.st.stm32cube.ide.mcu.externaltools.gnu-tools-for-stm32.13.3.rel1.win32_1.0.0.202411081344/tools/bin/../lib/gcc/arm-none-eabi/13.3.1/thumb/v7e-m+fp/hard\libgcc.a(_udivmoddi4.o)
 .ARM.attributes
                0x000005e1       0x22 C:/ST/STM32CubeIDE_1.19.0/STM32CubeIDE/plugins/com.st.stm32cube.ide.mcu.externaltools.gnu-tools-for-stm32.13.3.rel1.win32_1.0.0.202411081344/tools/bin/../lib/gcc/arm-none-eabi/13.3.1/thumb/v7e-m+fp/hard\libgcc.a(_dvmd_tls.o)
 .ARM.attributes
                0x00000603       0x22 C:/ST/STM32CubeIDE_1.19.0/STM32CubeIDE/plugins/com.st.stm32cube.ide.mcu.externaltools.gnu-tools-for-stm32.13.3.rel1.win32_1.0.0.202411081344/tools/bin/../lib/gcc/arm-none-eabi/13.3.1/thumb/v7e-m+fp/hard/crtn.o
OUTPUT(Nucleo2DDR-kbrd.elf elf32-littlearm)
LOAD linker stubs
LOAD C:/ST/STM32CubeIDE_1.19.0/STM32CubeIDE/plugins/com.st.stm32cube.ide.mcu.externaltools.gnu-tools-for-stm32.13.3.rel1.win32_1.0.0.202411081344/tools/bin/../lib/gcc/arm-none-eabi/13.3.1/../../../../arm-none-eabi/lib/thumb/v7e-m+fp/hard\libc.a
LOAD C:/ST/STM32CubeIDE_1.19.0/STM32CubeIDE/plugins/com.st.stm32cube.ide.mcu.externaltools.gnu-tools-for-stm32.13.3.rel1.win32_1.0.0.202411081344/tools/bin/../lib/gcc/arm-none-eabi/13.3.1/../../../../arm-none-eabi/lib/thumb/v7e-m+fp/hard\libm.a
LOAD C:/ST/STM32CubeIDE_1.19.0/STM32CubeIDE/plugins/com.st.stm32cube.ide.mcu.externaltools.gnu-tools-for-stm32.13.3.rel1.win32_1.0.0.202411081344/tools/bin/../lib/gcc/arm-none-eabi/13.3.1/thumb/v7e-m+fp/hard\libgcc.a

.debug_info     0x00000000    0x14e66
 .debug_info    0x00000000     0x156f ./Core/Src/main.o
 .debug_info    0x0000156f      0xd15 ./Core/Src/stm32l4xx_hal_msp.o
 .debug_info    0x00002284      0x721 ./Core/Src/stm32l4xx_it.o
 .debug_info    0x000029a5      0x5e2 ./Core/Src/system_stm32l4xx.o
 .debug_info    0x00002f87       0x30 ./Core/Startup/startup_stm32l476rgtx.o
 .debug_info    0x00002fb7      0xb2d ./Drivers/STM32L4xx_HAL_Driver/Src/stm32l4xx_hal.o
 .debug_info    0x00003ae4      0xdad ./Drivers/STM32L4xx_HAL_Driver/Src/stm32l4xx_hal_cortex.o
 .debug_info    0x00004891      0x79f ./Drivers/STM32L4xx_HAL_Driver/Src/stm32l4xx_hal_gpio.o
 .debug_info    0x00005030     0x14fd ./Drivers/STM32L4xx_HAL_Driver/Src/stm32l4xx_hal_pcd.o
 .debug_info    0x0000652d      0x8d2 ./Drivers/STM32L4xx_HAL_Driver/Src/stm32l4xx_hal_pcd_ex.o
 .debug_info    0x00006dff      0x94a ./Drivers/STM32L4xx_HAL_Driver/Src/stm32l4xx_hal_pwr.o
 .debug_info    0x00007749      0x9ca ./Drivers/STM32L4xx_HAL_Driver/Src/stm32l4xx_hal_pwr_ex.o
 .debug_info    0x00008113      0xc45 ./Drivers/STM32L4xx_HAL_Driver/Src/stm32l4xx_hal_rcc.o
 .debug_info    0x00008d58      0xe58 ./Drivers/STM32L4xx_HAL_Driver/Src/stm32l4xx_hal_rcc_ex.o
 .debug_info    0x00009bb0     0x3b8e ./Drivers/STM32L4xx_HAL_Driver/Src/stm32l4xx_hal_uart.o
 .debug_info    0x0000d73e     0x15ed ./Drivers/STM32L4xx_HAL_Driver/Src/stm32l4xx_ll_usb.o
 .debug_info    0x0000ed2b      0xc9c ./Middlewares/ST/STM32_USB_Device_Library/Class/CustomHID/Src/usbd_customhid.o
 .debug_info    0x0000f9c7      0xe4b ./Middlewares/ST/STM32_USB_Device_Library/Core/Src/usbd_core.o
 .debug_info    0x00010812      0xb24 ./Middlewares/ST/STM32_USB_Device_Library/Core/Src/usbd_ctlreq.o
 .debug_info    0x00011336      0x79b ./Middlewares/ST/STM32_USB_Device_Library/Core/Src/usbd_ioreq.o
 .debug_info    0x00011ad1      0x70a ./USB_DEVICE/App/usb_device.o
 .debug_info    0x000121db      0x6fc ./USB_DEVICE/App/usbd_custom_hid_if.o
 .debug_info    0x000128d7      0x4e6 ./USB_DEVICE/App/usbd_desc.o
 .debug_info    0x00012dbd     0x20a9 ./USB_DEVICE/Target/usbd_conf.o

.debug_abbrev   0x00000000     0x35d5
 .debug_abbrev  0x00000000      0x316 ./Core/Src/main.o
 .debug_abbrev  0x00000316      0x1d1 ./Core/Src/stm32l4xx_hal_msp.o
 .debug_abbrev  0x000004e7      0x1d5 ./Core/Src/stm32l4xx_it.o
 .debug_abbrev  0x000006bc      0x117 ./Core/Src/system_stm32l4xx.o
 .debug_abbrev  0x000007d3       0x24 ./Core/Startup/startup_stm32l476rgtx.o
 .debug_abbrev  0x000007f7      0x243 ./Drivers/STM32L4xx_HAL_Driver/Src/stm32l4xx_hal.o
 .debug_abbrev  0x00000a3a      0x31c ./Drivers/STM32L4xx_HAL_Driver/Src/stm32l4xx_hal_cortex.o
 .debug_abbrev  0x00000d56      0x1d1 ./Drivers/STM32L4xx_HAL_Driver/Src/stm32l4xx_hal_gpio.o
 .debug_abbrev  0x00000f27      0x2eb ./Drivers/STM32L4xx_HAL_Driver/Src/stm32l4xx_hal_pcd.o
 .debug_abbrev  0x00001212      0x25c ./Drivers/STM32L4xx_HAL_Driver/Src/stm32l4xx_hal_pcd_ex.o
 .debug_abbrev  0x0000146e      0x1e5 ./Drivers/STM32L4xx_HAL_Driver/Src/stm32l4xx_hal_pwr.o
 .debug_abbrev  0x00001653      0x1f9 ./Drivers/STM32L4xx_HAL_Driver/Src/stm32l4xx_hal_pwr_ex.o
 .debug_abbrev  0x0000184c      0x2dc ./Drivers/STM32L4xx_HAL_Driver/Src/stm32l4xx_hal_rcc.o
 .debug_abbrev  0x00001b28      0x2a5 ./Drivers/STM32L4xx_HAL_Driver/Src/stm32l4xx_hal_rcc_ex.o
 .debug_abbrev  0x00001dcd      0x2f3 ./Drivers/STM32L4xx_HAL_Driver/Src/stm32l4xx_hal_uart.o
 .debug_abbrev  0x000020c0      0x2b1 ./Drivers/STM32L4xx_HAL_Driver/Src/stm32l4xx_ll_usb.o
 .debug_abbrev  0x00002371      0x2d6 ./Middlewares/ST/STM32_USB_Device_Library/Class/CustomHID/Src/usbd_customhid.o
 .debug_abbrev  0x00002647      0x294 ./Middlewares/ST/STM32_USB_Device_Library/Core/Src/usbd_core.o
 .debug_abbrev  0x000028db      0x276 ./Middlewares/ST/STM32_USB_Device_Library/Core/Src/usbd_ctlreq.o
 .debug_abbrev  0x00002b51      0x1b2 ./Middlewares/ST/STM32_USB_Device_Library/Core/Src/usbd_ioreq.o
 .debug_abbrev  0x00002d03      0x1ac ./USB_DEVICE/App/usb_device.o
 .debug_abbrev  0x00002eaf      0x1d8 ./USB_DEVICE/App/usbd_custom_hid_if.o
 .debug_abbrev  0x00003087      0x1fb ./USB_DEVICE/App/usbd_desc.o
 .debug_abbrev  0x00003282      0x353 ./USB_DEVICE/Target/usbd_conf.o

.debug_aranges  0x00000000     0x1090
 .debug_aranges
                0x00000000       0x48 ./Core/Src/main.o
 .debug_aranges
                0x00000048       0x30 ./Core/Src/stm32l4xx_hal_msp.o
 .debug_aranges
                0x00000078       0x88 ./Core/Src/stm32l4xx_it.o
 .debug_aranges
                0x00000100       0x28 ./Core/Src/system_stm32l4xx.o
 .debug_aranges
                0x00000128       0x28 ./Core/Startup/startup_stm32l476rgtx.o
 .debug_aranges
                0x00000150      0x130 ./Drivers/STM32L4xx_HAL_Driver/Src/stm32l4xx_hal.o
 .debug_aranges
                0x00000280      0x128 ./Drivers/STM32L4xx_HAL_Driver/Src/stm32l4xx_hal_cortex.o
 .debug_aranges
                0x000003a8       0x58 ./Drivers/STM32L4xx_HAL_Driver/Src/stm32l4xx_hal_gpio.o
 .debug_aranges
                0x00000400      0x138 ./Drivers/STM32L4xx_HAL_Driver/Src/stm32l4xx_hal_pcd.o
 .debug_aranges
                0x00000538       0x60 ./Drivers/STM32L4xx_HAL_Driver/Src/stm32l4xx_hal_pcd_ex.o
 .debug_aranges
                0x00000598       0x98 ./Drivers/STM32L4xx_HAL_Driver/Src/stm32l4xx_hal_pwr.o
 .debug_aranges
                0x00000630      0x160 ./Drivers/STM32L4xx_HAL_Driver/Src/stm32l4xx_hal_pwr_ex.o
 .debug_aranges
                0x00000790       0x90 ./Drivers/STM32L4xx_HAL_Driver/Src/stm32l4xx_hal_rcc.o
 .debug_aranges
                0x00000820       0xc0 ./Drivers/STM32L4xx_HAL_Driver/Src/stm32l4xx_hal_rcc_ex.o
 .debug_aranges
                0x000008e0      0x228 ./Drivers/STM32L4xx_HAL_Driver/Src/stm32l4xx_hal_uart.o
 .debug_aranges
                0x00000b08      0x180 ./Drivers/STM32L4xx_HAL_Driver/Src/stm32l4xx_ll_usb.o
 .debug_aranges
                0x00000c88       0x80 ./Middlewares/ST/STM32_USB_Device_Library/Class/CustomHID/Src/usbd_customhid.o
 .debug_aranges
                0x00000d08       0xd8 ./Middlewares/ST/STM32_USB_Device_Library/Core/Src/usbd_core.o
 .debug_aranges
                0x00000de0       0x90 ./Middlewares/ST/STM32_USB_Device_Library/Core/Src/usbd_ctlreq.o
 .debug_aranges
                0x00000e70       0x50 ./Middlewares/ST/STM32_USB_Device_Library/Core/Src/usbd_ioreq.o
 .debug_aranges
                0x00000ec0       0x20 ./USB_DEVICE/App/usb_device.o
 .debug_aranges
                0x00000ee0       0x30 ./USB_DEVICE/App/usbd_custom_hid_if.o
 .debug_aranges
                0x00000f10       0x68 ./USB_DEVICE/App/usbd_desc.o
 .debug_aranges
                0x00000f78      0x118 ./USB_DEVICE/Target/usbd_conf.o

.debug_rnglists
                0x00000000      0xc7f
 .debug_rnglists
                0x00000000       0x34 ./Core/Src/main.o
 .debug_rnglists
                0x00000034       0x20 ./Core/Src/stm32l4xx_hal_msp.o
 .debug_rnglists
                0x00000054       0x61 ./Core/Src/stm32l4xx_it.o
 .debug_rnglists
                0x000000b5       0x1a ./Core/Src/system_stm32l4xx.o
 .debug_rnglists
                0x000000cf       0x19 ./Core/Startup/startup_stm32l476rgtx.o
 .debug_rnglists
                0x000000e8       0xdf ./Drivers/STM32L4xx_HAL_Driver/Src/stm32l4xx_hal.o
 .debug_rnglists
                0x000001c7       0xda ./Drivers/STM32L4xx_HAL_Driver/Src/stm32l4xx_hal_cortex.o
 .debug_rnglists
                0x000002a1       0x3f ./Drivers/STM32L4xx_HAL_Driver/Src/stm32l4xx_hal_gpio.o
 .debug_rnglists
                0x000002e0       0xed ./Drivers/STM32L4xx_HAL_Driver/Src/stm32l4xx_hal_pcd.o
 .debug_rnglists
                0x000003cd       0x45 ./Drivers/STM32L4xx_HAL_Driver/Src/stm32l4xx_hal_pcd_ex.o
 .debug_rnglists
                0x00000412       0x6e ./Drivers/STM32L4xx_HAL_Driver/Src/stm32l4xx_hal_pwr.o
 .debug_rnglists
                0x00000480      0x109 ./Drivers/STM32L4xx_HAL_Driver/Src/stm32l4xx_hal_pwr_ex.o
 .debug_rnglists
                0x00000589       0x6d ./Drivers/STM32L4xx_HAL_Driver/Src/stm32l4xx_hal_rcc.o
 .debug_rnglists
                0x000005f6       0x95 ./Drivers/STM32L4xx_HAL_Driver/Src/stm32l4xx_hal_rcc_ex.o
 .debug_rnglists
                0x0000068b      0x1da ./Drivers/STM32L4xx_HAL_Driver/Src/stm32l4xx_hal_uart.o
 .debug_rnglists
                0x00000865      0x12b ./Drivers/STM32L4xx_HAL_Driver/Src/stm32l4xx_ll_usb.o
 .debug_rnglists
                0x00000990       0x5e ./Middlewares/ST/STM32_USB_Device_Library/Class/CustomHID/Src/usbd_customhid.o
 .debug_rnglists
                0x000009ee       0xa1 ./Middlewares/ST/STM32_USB_Device_Library/Core/Src/usbd_core.o
 .debug_rnglists
                0x00000a8f       0x6e ./Middlewares/ST/STM32_USB_Device_Library/Core/Src/usbd_ctlreq.o
 .debug_rnglists
                0x00000afd       0x37 ./Middlewares/ST/STM32_USB_Device_Library/Core/Src/usbd_ioreq.o
 .debug_rnglists
                0x00000b34       0x13 ./USB_DEVICE/App/usb_device.o
 .debug_rnglists
                0x00000b47       0x1f ./USB_DEVICE/App/usbd_custom_hid_if.o
 .debug_rnglists
                0x00000b66       0x49 ./USB_DEVICE/App/usbd_desc.o
 .debug_rnglists
                0x00000baf       0xd0 ./USB_DEVICE/Target/usbd_conf.o

.debug_macro    0x00000000    0x28b50
 .debug_macro   0x00000000      0x3a5 ./Core/Src/main.o
 .debug_macro   0x000003a5      0xad8 ./Core/Src/main.o
 .debug_macro   0x00000e7d      0x1a7 ./Core/Src/main.o
 .debug_macro   0x00001024       0x2e ./Core/Src/main.o
 .debug_macro   0x00001052       0x28 ./Core/Src/main.o
 .debug_macro   0x0000107a       0x22 ./Core/Src/main.o
 .debug_macro   0x0000109c       0x8e ./Core/Src/main.o
 .debug_macro   0x0000112a       0x51 ./Core/Src/main.o
 .debug_macro   0x0000117b      0x103 ./Core/Src/main.o
 .debug_macro   0x0000127e       0x6a ./Core/Src/main.o
 .debug_macro   0x000012e8      0x1df ./Core/Src/main.o
 .debug_macro   0x000014c7       0x1c ./Core/Src/main.o
 .debug_macro   0x000014e3       0x22 ./Core/Src/main.o
 .debug_macro   0x00001505       0xfb ./Core/Src/main.o
 .debug_macro   0x00001600     0x1011 ./Core/Src/main.o
 .debug_macro   0x00002611      0x11f ./Core/Src/main.o
 .debug_macro   0x00002730    0x1a192 ./Core/Src/main.o
 .debug_macro   0x0001c8c2       0x6d ./Core/Src/main.o
 .debug_macro   0x0001c92f     0x38fb ./Core/Src/main.o
 .debug_macro   0x0002022a      0x190 ./Core/Src/main.o
 .debug_macro   0x000203ba       0x5c ./Core/Src/main.o
 .debug_macro   0x00020416     0x159e ./Core/Src/main.o
 .debug_macro   0x000219b4      0x5a5 ./Core/Src/main.o
 .debug_macro   0x00021f59      0x1b9 ./Core/Src/main.o
 .debug_macro   0x00022112      0x18b ./Core/Src/main.o
 .debug_macro   0x0002229d      0x2c4 ./Core/Src/main.o
 .debug_macro   0x00022561      0x27a ./Core/Src/main.o
 .debug_macro   0x000227db      0x23d ./Core/Src/main.o
 .debug_macro   0x00022a18      0x241 ./Core/Src/main.o
 .debug_macro   0x00022c59      0x37c ./Core/Src/main.o
 .debug_macro   0x00022fd5       0xd6 ./Core/Src/main.o
 .debug_macro   0x000230ab      0x215 ./Core/Src/main.o
 .debug_macro   0x000232c0       0x97 ./Core/Src/main.o
 .debug_macro   0x00023357      0x122 ./Core/Src/main.o
 .debug_macro   0x00023479      0x3ef ./Core/Src/main.o
 .debug_macro   0x00023868      0x5cf ./Core/Src/main.o
 .debug_macro   0x00023e37       0x44 ./Core/Src/main.o
 .debug_macro   0x00023e7b      0x330 ./Core/Src/main.o
 .debug_macro   0x000241ab       0x64 ./Core/Src/main.o
 .debug_macro   0x0002420f       0x61 ./Core/Src/main.o
 .debug_macro   0x00024270       0x2a ./Core/Src/main.o
 .debug_macro   0x0002429a       0x43 ./Core/Src/main.o
 .debug_macro   0x000242dd       0x34 ./Core/Src/main.o
 .debug_macro   0x00024311       0x16 ./Core/Src/main.o
 .debug_macro   0x00024327       0x3c ./Core/Src/main.o
 .debug_macro   0x00024363      0x370 ./Core/Src/main.o
 .debug_macro   0x000246d3       0x10 ./Core/Src/main.o
 .debug_macro   0x000246e3       0x16 ./Core/Src/main.o
 .debug_macro   0x000246f9       0x4a ./Core/Src/main.o
 .debug_macro   0x00024743       0x34 ./Core/Src/main.o
 .debug_macro   0x00024777       0x10 ./Core/Src/main.o
 .debug_macro   0x00024787       0x58 ./Core/Src/main.o
 .debug_macro   0x000247df       0x8e ./Core/Src/main.o
 .debug_macro   0x0002486d       0x1c ./Core/Src/main.o
 .debug_macro   0x00024889      0x185 ./Core/Src/main.o
 .debug_macro   0x00024a0e       0x16 ./Core/Src/main.o
 .debug_macro   0x00024a24       0x16 ./Core/Src/main.o
 .debug_macro   0x00024a3a      0x146 ./Core/Src/main.o
 .debug_macro   0x00024b80       0x16 ./Core/Src/main.o
 .debug_macro   0x00024b96       0x16 ./Core/Src/main.o
 .debug_macro   0x00024bac       0x29 ./Core/Src/main.o
 .debug_macro   0x00024bd5       0x16 ./Core/Src/main.o
 .debug_macro   0x00024beb       0x20 ./Core/Src/main.o
 .debug_macro   0x00024c0b       0x72 ./Core/Src/main.o
 .debug_macro   0x00024c7d      0x20f ./Core/Src/main.o
 .debug_macro   0x00024e8c       0x65 ./Core/Src/main.o
 .debug_macro   0x00024ef1      0x1ee ./Core/Src/stm32l4xx_hal_msp.o
 .debug_macro   0x000250df      0x1f8 ./Core/Src/stm32l4xx_it.o
 .debug_macro   0x000252d7      0x1df ./Core/Src/system_stm32l4xx.o
 .debug_macro   0x000254b6      0x22d ./Drivers/STM32L4xx_HAL_Driver/Src/stm32l4xx_hal.o
 .debug_macro   0x000256e3      0x1df ./Drivers/STM32L4xx_HAL_Driver/Src/stm32l4xx_hal_cortex.o
 .debug_macro   0x000258c2      0x1e6 ./Drivers/STM32L4xx_HAL_Driver/Src/stm32l4xx_hal_gpio.o
 .debug_macro   0x00025aa8      0x1eb ./Drivers/STM32L4xx_HAL_Driver/Src/stm32l4xx_hal_pcd.o
 .debug_macro   0x00025c93      0x1df ./Drivers/STM32L4xx_HAL_Driver/Src/stm32l4xx_hal_pcd_ex.o
 .debug_macro   0x00025e72      0x1f7 ./Drivers/STM32L4xx_HAL_Driver/Src/stm32l4xx_hal_pwr.o
 .debug_macro   0x00026069      0x203 ./Drivers/STM32L4xx_HAL_Driver/Src/stm32l4xx_hal_pwr_ex.o
 .debug_macro   0x0002626c      0x221 ./Drivers/STM32L4xx_HAL_Driver/Src/stm32l4xx_hal_rcc.o
 .debug_macro   0x0002648d      0x215 ./Drivers/STM32L4xx_HAL_Driver/Src/stm32l4xx_hal_rcc_ex.o
 .debug_macro   0x000266a2      0x20a ./Drivers/STM32L4xx_HAL_Driver/Src/stm32l4xx_hal_uart.o
 .debug_macro   0x000268ac      0x1df ./Drivers/STM32L4xx_HAL_Driver/Src/stm32l4xx_ll_usb.o
 .debug_macro   0x00026a8b      0x37d ./Middlewares/ST/STM32_USB_Device_Library/Class/CustomHID/Src/usbd_customhid.o
 .debug_macro   0x00026e08       0x9e ./Middlewares/ST/STM32_USB_Device_Library/Class/CustomHID/Src/usbd_customhid.o
 .debug_macro   0x00026ea6      0x112 ./Middlewares/ST/STM32_USB_Device_Library/Class/CustomHID/Src/usbd_customhid.o
 .debug_macro   0x00026fb8       0x56 ./Middlewares/ST/STM32_USB_Device_Library/Class/CustomHID/Src/usbd_customhid.o
 .debug_macro   0x0002700e      0x364 ./Middlewares/ST/STM32_USB_Device_Library/Core/Src/usbd_core.o
 .debug_macro   0x00027372      0x215 ./Middlewares/ST/STM32_USB_Device_Library/Core/Src/usbd_core.o
 .debug_macro   0x00027587      0x36e ./Middlewares/ST/STM32_USB_Device_Library/Core/Src/usbd_ctlreq.o
 .debug_macro   0x000278f5      0x36a ./Middlewares/ST/STM32_USB_Device_Library/Core/Src/usbd_ioreq.o
 .debug_macro   0x00027c5f      0x39e ./USB_DEVICE/App/usb_device.o
 .debug_macro   0x00027ffd       0x6a ./USB_DEVICE/App/usb_device.o
 .debug_macro   0x00028067       0x22 ./USB_DEVICE/App/usb_device.o
 .debug_macro   0x00028089      0x383 ./USB_DEVICE/App/usbd_custom_hid_if.o
 .debug_macro   0x0002840c      0x3a7 ./USB_DEVICE/App/usbd_desc.o
 .debug_macro   0x000287b3       0x1c ./USB_DEVICE/App/usbd_desc.o
 .debug_macro   0x000287cf      0x381 ./USB_DEVICE/Target/usbd_conf.o

.debug_line     0x00000000    0x15211
 .debug_line    0x00000000      0xbec ./Core/Src/main.o
 .debug_line    0x00000bec      0x7d6 ./Core/Src/stm32l4xx_hal_msp.o
 .debug_line    0x000013c2      0x89a ./Core/Src/stm32l4xx_it.o
 .debug_line    0x00001c5c      0x811 ./Core/Src/system_stm32l4xx.o
 .debug_line    0x0000246d       0x7a ./Core/Startup/startup_stm32l476rgtx.o
 .debug_line    0x000024e7      0xb79 ./Drivers/STM32L4xx_HAL_Driver/Src/stm32l4xx_hal.o
 .debug_line    0x00003060      0xd14 ./Drivers/STM32L4xx_HAL_Driver/Src/stm32l4xx_hal_cortex.o
 .debug_line    0x00003d74      0xbcd ./Drivers/STM32L4xx_HAL_Driver/Src/stm32l4xx_hal_gpio.o
 .debug_line    0x00004941     0x135a ./Drivers/STM32L4xx_HAL_Driver/Src/stm32l4xx_hal_pcd.o
 .debug_line    0x00005c9b      0x979 ./Drivers/STM32L4xx_HAL_Driver/Src/stm32l4xx_hal_pcd_ex.o
 .debug_line    0x00006614      0x944 ./Drivers/STM32L4xx_HAL_Driver/Src/stm32l4xx_hal_pwr.o
 .debug_line    0x00006f58      0xd5b ./Drivers/STM32L4xx_HAL_Driver/Src/stm32l4xx_hal_pwr_ex.o
 .debug_line    0x00007cb3     0x10ce ./Drivers/STM32L4xx_HAL_Driver/Src/stm32l4xx_hal_rcc.o
 .debug_line    0x00008d81     0x159c ./Drivers/STM32L4xx_HAL_Driver/Src/stm32l4xx_hal_rcc_ex.o
 .debug_line    0x0000a31d     0x2dac ./Drivers/STM32L4xx_HAL_Driver/Src/stm32l4xx_hal_uart.o
 .debug_line    0x0000d0c9     0x17e6 ./Drivers/STM32L4xx_HAL_Driver/Src/stm32l4xx_ll_usb.o
 .debug_line    0x0000e8af      0xe08 ./Middlewares/ST/STM32_USB_Device_Library/Class/CustomHID/Src/usbd_customhid.o
 .debug_line    0x0000f6b7      0xf8a ./Middlewares/ST/STM32_USB_Device_Library/Core/Src/usbd_core.o
 .debug_line    0x00010641     0x1169 ./Middlewares/ST/STM32_USB_Device_Library/Core/Src/usbd_ctlreq.o
 .debug_line    0x000117aa      0xa91 ./Middlewares/ST/STM32_USB_Device_Library/Core/Src/usbd_ioreq.o
 .debug_line    0x0001223b      0xa6a ./USB_DEVICE/App/usb_device.o
 .debug_line    0x00012ca5      0xa55 ./USB_DEVICE/App/usbd_custom_hid_if.o
 .debug_line    0x000136fa      0xb1b ./USB_DEVICE/App/usbd_desc.o
 .debug_line    0x00014215      0xffc ./USB_DEVICE/Target/usbd_conf.o

.debug_str      0x00000000    0xed014
 .debug_str     0x00000000    0xed014 ./Core/Src/main.o
                              0xe9047 (size before relaxing)
 .debug_str     0x000ed014    0xe4144 ./Core/Src/stm32l4xx_hal_msp.o
 .debug_str     0x000ed014    0xe3d81 ./Core/Src/stm32l4xx_it.o
 .debug_str     0x000ed014    0xe38d5 ./Core/Src/system_stm32l4xx.o
 .debug_str     0x000ed014       0x9a ./Core/Startup/startup_stm32l476rgtx.o
 .debug_str     0x000ed014    0xe447d ./Drivers/STM32L4xx_HAL_Driver/Src/stm32l4xx_hal.o
 .debug_str     0x000ed014    0xe414e ./Drivers/STM32L4xx_HAL_Driver/Src/stm32l4xx_hal_cortex.o
 .debug_str     0x000ed014    0xe3a60 ./Drivers/STM32L4xx_HAL_Driver/Src/stm32l4xx_hal_gpio.o
 .debug_str     0x000ed014    0xe4356 ./Drivers/STM32L4xx_HAL_Driver/Src/stm32l4xx_hal_pcd.o
 .debug_str     0x000ed014    0xe3d24 ./Drivers/STM32L4xx_HAL_Driver/Src/stm32l4xx_hal_pcd_ex.o
 .debug_str     0x000ed014    0xe3c40 ./Drivers/STM32L4xx_HAL_Driver/Src/stm32l4xx_hal_pwr.o
 .debug_str     0x000ed014    0xe3e30 ./Drivers/STM32L4xx_HAL_Driver/Src/stm32l4xx_hal_pwr_ex.o
 .debug_str     0x000ed014    0xe3f1b ./Drivers/STM32L4xx_HAL_Driver/Src/stm32l4xx_hal_rcc.o
 .debug_str     0x000ed014    0xe40a6 ./Drivers/STM32L4xx_HAL_Driver/Src/stm32l4xx_hal_rcc_ex.o
 .debug_str     0x000ed014    0xe462d ./Drivers/STM32L4xx_HAL_Driver/Src/stm32l4xx_hal_uart.o
 .debug_str     0x000ed014    0xe4010 ./Drivers/STM32L4xx_HAL_Driver/Src/stm32l4xx_ll_usb.o
 .debug_str     0x000ed014    0xe8677 ./Middlewares/ST/STM32_USB_Device_Library/Class/CustomHID/Src/usbd_customhid.o
 .debug_str     0x000ed014    0xe8411 ./Middlewares/ST/STM32_USB_Device_Library/Core/Src/usbd_core.o
 .debug_str     0x000ed014    0xe823c ./Middlewares/ST/STM32_USB_Device_Library/Core/Src/usbd_ctlreq.o
 .debug_str     0x000ed014    0xe8111 ./Middlewares/ST/STM32_USB_Device_Library/Core/Src/usbd_ioreq.o
 .debug_str     0x000ed014    0xe83b9 ./USB_DEVICE/App/usb_device.o
 .debug_str     0x000ed014    0xe8323 ./USB_DEVICE/App/usbd_custom_hid_if.o
 .debug_str     0x000ed014    0xe8048 ./USB_DEVICE/App/usbd_desc.o
 .debug_str     0x000ed014    0xe95e3 ./USB_DEVICE/Target/usbd_conf.o

.comment        0x00000000       0x43
 .comment       0x00000000       0x43 ./Core/Src/main.o
                                 0x44 (size before relaxing)
 .comment       0x00000043       0x44 ./Core/Src/stm32l4xx_hal_msp.o
 .comment       0x00000043       0x44 ./Core/Src/stm32l4xx_it.o
 .comment       0x00000043       0x44 ./Core/Src/system_stm32l4xx.o
 .comment       0x00000043       0x44 ./Drivers/STM32L4xx_HAL_Driver/Src/stm32l4xx_hal.o
 .comment       0x00000043       0x44 ./Drivers/STM32L4xx_HAL_Driver/Src/stm32l4xx_hal_cortex.o
 .comment       0x00000043       0x44 ./Drivers/STM32L4xx_HAL_Driver/Src/stm32l4xx_hal_gpio.o
 .comment       0x00000043       0x44 ./Drivers/STM32L4xx_HAL_Driver/Src/stm32l4xx_hal_pcd.o
 .comment       0x00000043       0x44 ./Drivers/STM32L4xx_HAL_Driver/Src/stm32l4xx_hal_pcd_ex.o
 .comment       0x00000043       0x44 ./Drivers/STM32L4xx_HAL_Driver/Src/stm32l4xx_hal_pwr.o
 .comment       0x00000043       0x44 ./Drivers/STM32L4xx_HAL_Driver/Src/stm32l4xx_hal_pwr_ex.o
 .comment       0x00000043       0x44 ./Drivers/STM32L4xx_HAL_Driver/Src/stm32l4xx_hal_rcc.o
 .comment       0x00000043       0x44 ./Drivers/STM32L4xx_HAL_Driver/Src/stm32l4xx_hal_rcc_ex.o
 .comment       0x00000043       0x44 ./Drivers/STM32L4xx_HAL_Driver/Src/stm32l4xx_hal_uart.o
 .comment       0x00000043       0x44 ./Drivers/STM32L4xx_HAL_Driver/Src/stm32l4xx_ll_usb.o
 .comment       0x00000043       0x44 ./Middlewares/ST/STM32_USB_Device_Library/Class/CustomHID/Src/usbd_customhid.o
 .comment       0x00000043       0x44 ./Middlewares/ST/STM32_USB_Device_Library/Core/Src/usbd_core.o
 .comment       0x00000043       0x44 ./Middlewares/ST/STM32_USB_Device_Library/Core/Src/usbd_ctlreq.o
 .comment       0x00000043       0x44 ./Middlewares/ST/STM32_USB_Device_Library/Core/Src/usbd_ioreq.o
 .comment       0x00000043       0x44 ./USB_DEVICE/App/usb_device.o
 .comment       0x00000043       0x44 ./USB_DEVICE/App/usbd_custom_hid_if.o
 .comment       0x00000043       0x44 ./USB_DEVICE/App/usbd_desc.o
 .comment       0x00000043       0x44 ./USB_DEVICE/Target/usbd_conf.o

.debug_frame    0x00000000     0x42f8
 .debug_frame   0x00000000       0xd0 ./Core/Src/main.o
 .debug_frame   0x000000d0       0x84 ./Core/Src/stm32l4xx_hal_msp.o
 .debug_frame   0x00000154      0x190 ./Core/Src/stm32l4xx_it.o
 .debug_frame   0x000002e4       0x58 ./Core/Src/system_stm32l4xx.o
 .debug_frame   0x0000033c      0x498 ./Drivers/STM32L4xx_HAL_Driver/Src/stm32l4xx_hal.o
 .debug_frame   0x000007d4      0x4e8 ./Drivers/STM32L4xx_HAL_Driver/Src/stm32l4xx_hal_cortex.o
 .debug_frame   0x00000cbc      0x14c ./Drivers/STM32L4xx_HAL_Driver/Src/stm32l4xx_hal_gpio.o
 .debug_frame   0x00000e08      0x564 ./Drivers/STM32L4xx_HAL_Driver/Src/stm32l4xx_hal_pcd.o
 .debug_frame   0x0000136c      0x174 ./Drivers/STM32L4xx_HAL_Driver/Src/stm32l4xx_hal_pcd_ex.o
 .debug_frame   0x000014e0      0x230 ./Drivers/STM32L4xx_HAL_Driver/Src/stm32l4xx_hal_pwr.o
 .debug_frame   0x00001710      0x584 ./Drivers/STM32L4xx_HAL_Driver/Src/stm32l4xx_hal_pwr_ex.o
 .debug_frame   0x00001c94      0x21c ./Drivers/STM32L4xx_HAL_Driver/Src/stm32l4xx_hal_rcc.o
 .debug_frame   0x00001eb0      0x2fc ./Drivers/STM32L4xx_HAL_Driver/Src/stm32l4xx_hal_rcc_ex.o
 .debug_frame   0x000021ac      0x9f4 ./Drivers/STM32L4xx_HAL_Driver/Src/stm32l4xx_hal_uart.o
 .debug_frame   0x00002ba0      0x720 ./Drivers/STM32L4xx_HAL_Driver/Src/stm32l4xx_ll_usb.o
 .debug_frame   0x000032c0      0x1f4 ./Middlewares/ST/STM32_USB_Device_Library/Class/CustomHID/Src/usbd_customhid.o
 .debug_frame   0x000034b4      0x390 ./Middlewares/ST/STM32_USB_Device_Library/Core/Src/usbd_core.o
 .debug_frame   0x00003844      0x23c ./Middlewares/ST/STM32_USB_Device_Library/Core/Src/usbd_ctlreq.o
 .debug_frame   0x00003a80      0x10c ./Middlewares/ST/STM32_USB_Device_Library/Core/Src/usbd_ioreq.o
 .debug_frame   0x00003b8c       0x2c ./USB_DEVICE/App/usb_device.o
 .debug_frame   0x00003bb8       0x74 ./USB_DEVICE/App/usbd_custom_hid_if.o
 .debug_frame   0x00003c2c      0x188 ./USB_DEVICE/App/usbd_desc.o
 .debug_frame   0x00003db4      0x498 ./USB_DEVICE/Target/usbd_conf.o
 .debug_frame   0x0000424c       0x20 C:/ST/STM32CubeIDE_1.19.0/STM32CubeIDE/plugins/com.st.stm32cube.ide.mcu.externaltools.gnu-tools-for-stm32.13.3.rel1.win32_1.0.0.202411081344/tools/bin/../lib/gcc/arm-none-eabi/13.3.1/../../../../arm-none-eabi/lib/thumb/v7e-m+fp/hard\libc_nano.a(libc_a-memset.o)
 .debug_frame   0x0000426c       0x2c C:/ST/STM32CubeIDE_1.19.0/STM32CubeIDE/plugins/com.st.stm32cube.ide.mcu.externaltools.gnu-tools-for-stm32.13.3.rel1.win32_1.0.0.202411081344/tools/bin/../lib/gcc/arm-none-eabi/13.3.1/../../../../arm-none-eabi/lib/thumb/v7e-m+fp/hard\libc_nano.a(libc_a-init.o)
 .debug_frame   0x00004298       0x2c C:/ST/STM32CubeIDE_1.19.0/STM32CubeIDE/plugins/com.st.stm32cube.ide.mcu.externaltools.gnu-tools-for-stm32.13.3.rel1.win32_1.0.0.202411081344/tools/bin/../lib/gcc/arm-none-eabi/13.3.1/thumb/v7e-m+fp/hard\libgcc.a(_aeabi_uldivmod.o)
 .debug_frame   0x000042c4       0x34 C:/ST/STM32CubeIDE_1.19.0/STM32CubeIDE/plugins/com.st.stm32cube.ide.mcu.externaltools.gnu-tools-for-stm32.13.3.rel1.win32_1.0.0.202411081344/tools/bin/../lib/gcc/arm-none-eabi/13.3.1/thumb/v7e-m+fp/hard\libgcc.a(_udivmoddi4.o)

.debug_line_str
                0x00000000       0x7e
 .debug_line_str
                0x00000000       0x7e ./Core/Startup/startup_stm32l476rgtx.o
