Archive member included to satisfy reference by file (symbol)

C:/ST/STM32CubeIDE_1.19.0/STM32CubeIDE/plugins/com.st.stm32cube.ide.mcu.externaltools.gnu-tools-for-stm32.13.3.rel1.win32_1.0.0.202411081344/tools/bin/../lib/gcc/arm-none-eabi/13.3.1/../../../../arm-none-eabi/lib/thumb/v7e-m+fp/hard\libc_nano.a(libc_a-exit.o)
                              C:/ST/STM32CubeIDE_1.19.0/STM32CubeIDE/plugins/com.st.stm32cube.ide.mcu.externaltools.gnu-tools-for-stm32.13.3.rel1.win32_1.0.0.202411081344/tools/bin/../lib/gcc/arm-none-eabi/13.3.1/../../../../arm-none-eabi/lib/thumb/v7e-m+fp/hard/crt0.o (exit)
C:/ST/STM32CubeIDE_1.19.0/STM32CubeIDE/plugins/com.st.stm32cube.ide.mcu.externaltools.gnu-tools-for-stm32.13.3.rel1.win32_1.0.0.202411081344/tools/bin/../lib/gcc/arm-none-eabi/13.3.1/../../../../arm-none-eabi/lib/thumb/v7e-m+fp/hard\libc_nano.a(libc_a-findfp.o)
                              C:/ST/STM32CubeIDE_1.19.0/STM32CubeIDE/plugins/com.st.stm32cube.ide.mcu.externaltools.gnu-tools-for-stm32.13.3.rel1.win32_1.0.0.202411081344/tools/bin/../lib/gcc/arm-none-eabi/13.3.1/../../../../arm-none-eabi/lib/thumb/v7e-m+fp/hard\libc_nano.a(libc_a-exit.o) (__stdio_exit_handler)
C:/ST/STM32CubeIDE_1.19.0/STM32CubeIDE/plugins/com.st.stm32cube.ide.mcu.externaltools.gnu-tools-for-stm32.13.3.rel1.win32_1.0.0.202411081344/tools/bin/../lib/gcc/arm-none-eabi/13.3.1/../../../../arm-none-eabi/lib/thumb/v7e-m+fp/hard\libc_nano.a(libc_a-fwalk.o)
                              C:/ST/STM32CubeIDE_1.19.0/STM32CubeIDE/plugins/com.st.stm32cube.ide.mcu.externaltools.gnu-tools-for-stm32.13.3.rel1.win32_1.0.0.202411081344/tools/bin/../lib/gcc/arm-none-eabi/13.3.1/../../../../arm-none-eabi/lib/thumb/v7e-m+fp/hard\libc_nano.a(libc_a-findfp.o) (_fwalk_sglue)
C:/ST/STM32CubeIDE_1.19.0/STM32CubeIDE/plugins/com.st.stm32cube.ide.mcu.externaltools.gnu-tools-for-stm32.13.3.rel1.win32_1.0.0.202411081344/tools/bin/../lib/gcc/arm-none-eabi/13.3.1/../../../../arm-none-eabi/lib/thumb/v7e-m+fp/hard\libc_nano.a(libc_a-stdio.o)
                              C:/ST/STM32CubeIDE_1.19.0/STM32CubeIDE/plugins/com.st.stm32cube.ide.mcu.externaltools.gnu-tools-for-stm32.13.3.rel1.win32_1.0.0.202411081344/tools/bin/../lib/gcc/arm-none-eabi/13.3.1/../../../../arm-none-eabi/lib/thumb/v7e-m+fp/hard\libc_nano.a(libc_a-findfp.o) (__sread)
C:/ST/STM32CubeIDE_1.19.0/STM32CubeIDE/plugins/com.st.stm32cube.ide.mcu.externaltools.gnu-tools-for-stm32.13.3.rel1.win32_1.0.0.202411081344/tools/bin/../lib/gcc/arm-none-eabi/13.3.1/../../../../arm-none-eabi/lib/thumb/v7e-m+fp/hard\libc_nano.a(libc_a-memset.o)
                              C:/ST/STM32CubeIDE_1.19.0/STM32CubeIDE/plugins/com.st.stm32cube.ide.mcu.externaltools.gnu-tools-for-stm32.13.3.rel1.win32_1.0.0.202411081344/tools/bin/../lib/gcc/arm-none-eabi/13.3.1/../../../../arm-none-eabi/lib/thumb/v7e-m+fp/hard/crt0.o (memset)
C:/ST/STM32CubeIDE_1.19.0/STM32CubeIDE/plugins/com.st.stm32cube.ide.mcu.externaltools.gnu-tools-for-stm32.13.3.rel1.win32_1.0.0.202411081344/tools/bin/../lib/gcc/arm-none-eabi/13.3.1/../../../../arm-none-eabi/lib/thumb/v7e-m+fp/hard\libc_nano.a(libc_a-closer.o)
                              C:/ST/STM32CubeIDE_1.19.0/STM32CubeIDE/plugins/com.st.stm32cube.ide.mcu.externaltools.gnu-tools-for-stm32.13.3.rel1.win32_1.0.0.202411081344/tools/bin/../lib/gcc/arm-none-eabi/13.3.1/../../../../arm-none-eabi/lib/thumb/v7e-m+fp/hard\libc_nano.a(libc_a-stdio.o) (_close_r)
C:/ST/STM32CubeIDE_1.19.0/STM32CubeIDE/plugins/com.st.stm32cube.ide.mcu.externaltools.gnu-tools-for-stm32.13.3.rel1.win32_1.0.0.202411081344/tools/bin/../lib/gcc/arm-none-eabi/13.3.1/../../../../arm-none-eabi/lib/thumb/v7e-m+fp/hard\libc_nano.a(libc_a-reent.o)
                              C:/ST/STM32CubeIDE_1.19.0/STM32CubeIDE/plugins/com.st.stm32cube.ide.mcu.externaltools.gnu-tools-for-stm32.13.3.rel1.win32_1.0.0.202411081344/tools/bin/../lib/gcc/arm-none-eabi/13.3.1/../../../../arm-none-eabi/lib/thumb/v7e-m+fp/hard\libc_nano.a(libc_a-closer.o) (errno)
C:/ST/STM32CubeIDE_1.19.0/STM32CubeIDE/plugins/com.st.stm32cube.ide.mcu.externaltools.gnu-tools-for-stm32.13.3.rel1.win32_1.0.0.202411081344/tools/bin/../lib/gcc/arm-none-eabi/13.3.1/../../../../arm-none-eabi/lib/thumb/v7e-m+fp/hard\libc_nano.a(libc_a-impure.o)
                              C:/ST/STM32CubeIDE_1.19.0/STM32CubeIDE/plugins/com.st.stm32cube.ide.mcu.externaltools.gnu-tools-for-stm32.13.3.rel1.win32_1.0.0.202411081344/tools/bin/../lib/gcc/arm-none-eabi/13.3.1/../../../../arm-none-eabi/lib/thumb/v7e-m+fp/hard\libc_nano.a(libc_a-reent.o) (_impure_ptr)
C:/ST/STM32CubeIDE_1.19.0/STM32CubeIDE/plugins/com.st.stm32cube.ide.mcu.externaltools.gnu-tools-for-stm32.13.3.rel1.win32_1.0.0.202411081344/tools/bin/../lib/gcc/arm-none-eabi/13.3.1/../../../../arm-none-eabi/lib/thumb/v7e-m+fp/hard\libc_nano.a(libc_a-lseekr.o)
[...]
Memory Configuration

Name             Origin             Length             Attributes
RAM              0x20000000         0x00018000         xrw
RAM2             0x10000000         0x00008000         xrw
FLASH            0x08000000         0x00100000         xr
*default*        0x00000000         0xffffffff

Linker script and memory map

LOAD C:/ST/STM32CubeIDE_1.19.0/STM32CubeIDE/plugins/com.st.stm32cube.ide.mcu.externaltools.gnu-tools-for-stm32.13.3.rel1.win32_1.0.0.202411081344/tools/bin/../lib/gcc/arm-none-eabi/13.3.1/thumb/v7e-m+fp/hard/crti.o
LOAD C:/ST/STM32CubeIDE_1.19.0/STM32CubeIDE/plugins/com.st.stm32cube.ide.mcu.externaltools.gnu-tools-for-stm32.13.3.rel1.win32_1.0.0.202411081344/tools/bin/../lib/gcc/arm-none-eabi/13.3.1/thumb/v7e-m+fp/hard/crtbegin.o
LOAD C:/ST/STM32CubeIDE_1.19.0/STM32CubeIDE/plugins/com.st.stm32cube.ide.mcu.externaltools.gnu-tools-for-stm32.13.3.rel1.win32_1.0.0.202411081344/tools/bin/../lib/gcc/arm-none-eabi/13.3.1/../../../../arm-none-eabi/lib/thumb/v7e-m+fp/hard/crt0.o
LOAD ./Core/Src/main.o
LOAD ./Core/Src/stm32l4xx_hal_msp.o
LOAD ./Core/Src/stm32l4xx_it.o
LOAD ./Core/Src/syscalls.o
LOAD ./Core/Src/sysmem.o
LOAD ./Core/Src/system_stm32l4xx.o
LOAD ./Core/Startup/startup_stm32l476rgtx.o
LOAD ./Drivers/STM32L4xx_HAL_Driver/Src/stm32l4xx_hal.o
LOAD ./Drivers/STM32L4xx_HAL_Driver/Src/stm32l4xx_hal_cortex.o
LOAD ./Drivers/STM32L4xx_HAL_Driver/Src/stm32l4xx_hal_dma.o
LOAD ./Drivers/STM32L4xx_HAL_Driver/Src/stm32l4xx_hal_dma_ex.o
LOAD ./Drivers/STM32L4xx_HAL_Driver/Src/stm32l4xx_hal_exti.o
LOAD ./Drivers/STM32L4xx_HAL_Driver/Src/stm32l4xx_hal_flash.o
LOAD ./Drivers/STM32L4xx_HAL_Driver/Src/stm32l4xx_hal_flash_ex.o
LOAD ./Drivers/STM32L4xx_HAL_Driver/Src/stm32l4xx_hal_flash_ramfunc.o
LOAD ./Drivers/STM32L4xx_HAL_Driver/Src/stm32l4xx_hal_gpio.o
LOAD ./Drivers/STM32L4xx_HAL_Driver/Src/stm32l4xx_hal_i2c.o
LOAD ./Drivers/STM32L4xx_HAL_Driver/Src/stm32l4xx_hal_i2c_ex.o
LOAD ./Drivers/STM32L4xx_HAL_Driver/Src/stm32l4xx_hal_pcd.o
LOAD ./Drivers/STM32L4xx_HAL_Driver/Src/stm32l4xx_hal_pcd_ex.o
LOAD ./Drivers/STM32L4xx_HAL_Driver/Src/stm32l4xx_hal_pwr.o
LOAD ./Drivers/STM32L4xx_HAL_Driver/Src/stm32l4xx_hal_pwr_ex.o
LOAD ./Drivers/STM32L4xx_HAL_Driver/Src/stm32l4xx_hal_rcc.o
LOAD ./Drivers/STM32L4xx_HAL_Driver/Src/stm32l4xx_hal_rcc_ex.o
LOAD ./Drivers/STM32L4xx_HAL_Driver/Src/stm32l4xx_hal_uart.o
LOAD ./Drivers/STM32L4xx_HAL_Driver/Src/stm32l4xx_hal_uart_ex.o
LOAD ./Drivers/STM32L4xx_HAL_Driver/Src/stm32l4xx_ll_usb.o
LOAD ./Middlewares/ST/STM32_USB_Device_Library/Class/CustomHID/Src/usbd_customhid.o
LOAD ./Middlewares/ST/STM32_USB_Device_Library/Core/Src/usbd_core.o
LOAD ./Middlewares/ST/STM32_USB_Device_Library/Core/Src/usbd_ctlreq.o
LOAD ./Middlewares/ST/STM32_USB_Device_Library/Core/Src/usbd_ioreq.o
LOAD ./USB_DEVICE/App/usb_device.o
LOAD ./USB_DEVICE/App/usbd_custom_hid_if.o
LOAD ./USB_DEVICE/App/usbd_desc.o
LOAD ./USB_DEVICE/Target/usbd_conf.o
START GROUP
LOAD C:/ST/STM32CubeIDE_1.19.0/STM32CubeIDE/plugins/com.st.stm32cube.ide.mcu.externaltools.gnu-tools-for-stm32.13.3.rel1.win32_1.0.0.202411081344/tools/bin/../lib/gcc/arm-none-eabi/13.3.1/../../../../arm-none-eabi/lib/thumb/v7e-m+fp/hard\libc_nano.a
LOAD C:/ST/STM32CubeIDE_1.19.0/STM32CubeIDE/plugins/com.st.stm32cube.ide.mcu.externaltools.gnu-tools-for-stm32.13.3.rel1.win32_1.0.0.202411081344/tools/bin/../lib/gcc/arm-none-eabi/13.3.1/../../../../arm-none-eabi/lib/thumb/v7e-m+fp/hard\libm.a
END GROUP
START GROUP
LOAD C:/ST/STM32CubeIDE_1.19.0/STM32CubeIDE/plugins/com.st.stm32cube.ide.mcu.externaltools.gnu-tools-for-stm32.13.3.rel1.win32_1.0.0.202411081344/tools/bin/../lib/gcc/arm-none-eabi/13.3.1/thumb/v7e-m+fp/hard\libgcc.a
LOAD C:/ST/STM32CubeIDE_1.19.0/STM32CubeIDE/plugins/com.st.stm32cube.ide.mcu.externaltools.gnu-tools-for-stm32.13.3.rel1.win32_1.0.0.202411081344/tools/bin/../lib/gcc/arm-none-eabi/13.3.1/../../../../arm-none-eabi/lib/thumb/v7e-m+fp/hard\libc_nano.a
END GROUP
START GROUP
LOAD C:/ST/STM32CubeIDE_1.19.0/STM32CubeIDE/plugins/com.st.stm32cube.ide.mcu.externaltools.gnu-tools-for-stm32.13.3.rel1.win32_1.0.0.202411081344/tools/bin/../lib/gcc/arm-none-eabi/13.3.1/thumb/v7e-m+fp/hard\libgcc.a
LOAD C:/ST/STM32CubeIDE_1.19.0/STM32CubeIDE/plugins/com.st.stm32cube.ide.mcu.externaltools.gnu-tools-for-stm32.13.3.rel1.win32_1.0.0.202411081344/tools/bin/../lib/gcc/arm-none-eabi/13.3.1/../../../../arm-none-eabi/lib/thumb/v7e-m+fp/hard\libc_nano.a
LOAD C:/ST/STM32CubeIDE_1.19.0/STM32CubeIDE/plugins/com.st.stm32cube.ide.mcu.externaltools.gnu-tools-for-stm32.13.3.rel1.win32_1.0.0.202411081344/tools/bin/../lib/gcc/arm-none-eabi/13.3.1/../../../../arm-none-eabi/lib/thumb/v7e-m+fp/hard\libnosys.a
END GROUP
START GROUP
LOAD C:/ST/STM32CubeIDE_1.19.0/STM32CubeIDE/plugins/com.st.stm32cube.ide.mcu.externaltools.gnu-tools-for-stm32.13.3.rel1.win32_1.0.0.202411081344/tools/bin/../lib/gcc/arm-none-eabi/13.3.1/thumb/v7e-m+fp/hard\libgcc.a
LOAD C:/ST/STM32CubeIDE_1.19.0/STM32CubeIDE/plugins/com.st.stm32cube.ide.mcu.externaltools.gnu-tools-for-stm32.13.3.rel1.win32_1.0.0.202411081344/tools/bin/../lib/gcc/arm-none-eabi/13.3.1/../../../../arm-none-eabi/lib/thumb/v7e-m+fp/hard\libc_nano.a
LOAD C:/ST/STM32CubeIDE_1.19.0/STM32CubeIDE/plugins/com.st.stm32cube.ide.mcu.externaltools.gnu-tools-for-stm32.13.3.rel1.win32_1.0.0.202411081344/tools/bin/../lib/gcc/arm-none-eabi/13.3.1/../../../../arm-none-eabi/lib/thumb/v7e-m+fp/hard\libnosys.a
END GROUP
LOAD C:/ST/STM32CubeIDE_1.19.0/STM32CubeIDE/plugins/com.st.stm32cube.ide.mcu.externaltools.gnu-tools-for-stm32.13.3.rel1.win32_1.0.0.202411081344/tools/bin/../lib/gcc/arm-none-eabi/13.3.1/thumb/v7e-m+fp/hard/crtend.o
LOAD C:/ST/STM32CubeIDE_1.19.0/STM32CubeIDE/plugins/com.st.stm32cube.ide.mcu.externaltools.gnu-tools-for-stm32.13.3.rel1.win32_1.0.0.202411081344/tools/bin/../lib/gcc/arm-none-eabi/13.3.1/thumb/v7e-m+fp/hard/crtn.o
                0x20018000                        _estack = (ORIGIN (RAM) + LENGTH (RAM))
                0x00000200                        _Min_Heap_Size = 0x200
                0x00000400                        _Min_Stack_Size = 0x400

.isr_vector     0x08000000      0x188
                0x08000000                        . = ALIGN (0x4)
 *(.isr_vector)
 .isr_vector    0x08000000      0x188 ./Core/Startup/startup_stm32l476rgtx.o
                0x08000000                g_pfnVectors
                0x08000188                        . = ALIGN (0x4)

.text           0x08000188     0x4190
                0x08000188                        . = ALIGN (0x4)
 *(.text)
 .text          0x08000188       0x40 C:/ST/STM32CubeIDE_1.19.0/STM32CubeIDE/plugins/com.st.stm32cube.ide.mcu.externaltools.gnu-tools-for-stm32.13.3.rel1.win32_1.0.0.202411081344/tools/bin/../lib/gcc/arm-none-eabi/13.3.1/thumb/v7e-m+fp/hard/crtbegin.o
 .text          0x080001c8       0x10 C:/ST/STM32CubeIDE_1.19.0/STM32CubeIDE/plugins/com.st.stm32cube.ide.mcu.externaltools.gnu-tools-for-stm32.13.3.rel1.win32_1.0.0.202411081344/tools/bin/../lib/gcc/arm-none-eabi/13.3.1/../../../../arm-none-eabi/lib/thumb/v7e-m+fp/hard\libc_nano.a(libc_a-strlen.o)
                0x080001c8                strlen
 .text          0x080001d8       0x30 C:/ST/STM32CubeIDE_1.19.0/STM32CubeIDE/plugins/com.st.stm32cube.ide.mcu.externaltools.gnu-tools-for-stm32.13.3.rel1.win32_1.0.0.202411081344/tools/bin/../lib/gcc/arm-none-eabi/13.3.1/thumb/v7e-m+fp/hard\libgcc.a(_aeabi_uldivmod.o)
                0x080001d8                __aeabi_uldivmod
 .text          0x08000208      0x2f8 C:/ST/STM32CubeIDE_1.19.0/STM32CubeIDE/plugins/com.st.stm32cube.ide.mcu.externaltools.gnu-tools-for-stm32.13.3.rel1.win32_1.0.0.202411081344/tools/bin/../lib/gcc/arm-none-eabi/13.3.1/thumb/v7e-m+fp/hard\libgcc.a(_udivmoddi4.o)
                0x08000208                __udivmoddi4
 .text          0x08000500        0x4 C:/ST/STM32CubeIDE_1.19.0/STM32CubeIDE/plugins/com.st.stm32cube.ide.mcu.externaltools.gnu-tools-for-stm32.13.3.rel1.win32_1.0.0.202411081344/tools/bin/../lib/gcc/arm-none-eabi/13.3.1/thumb/v7e-m+fp/hard\libgcc.a(_dvmd_tls.o)
                0x08000500                __aeabi_idiv0
                0x08000500                __aeabi_ldiv0
 *(.text*)
 .text.SystemClock_Config
                0x08000504       0x94 ./Core/Src/main.o
                0x08000504                SystemClock_Config
 .text.startup.main
                0x08000598      0x138 ./Core/Src/main.o
                0x08000598                main
 .text.HAL_GPIO_EXTI_Callback
                0x080006d0       0x1c ./Core/Src/main.o
                0x080006d0                HAL_GPIO_EXTI_Callback
 .text.Error_Handler
                0x080006ec        0x4 ./Core/Src/main.o
                0x080006ec                Error_Handler
 .text.HAL_MspInit
                0x080006f0       0x30 ./Core/Src/stm32l4xx_hal_msp.o
                0x080006f0                HAL_MspInit
 .text.HAL_UART_MspInit
                0x08000720       0x84 ./Core/Src/stm32l4xx_hal_msp.o
                0x08000720                HAL_UART_MspInit
 .text.NMI_Handler
                0x080007a4        0x2 ./Core/Src/stm32l4xx_it.o
                0x080007a4                NMI_Handler
 .text.HardFault_Handler
                0x080007a6        0x2 ./Core/Src/stm32l4xx_it.o
                0x080007a6                HardFault_Handler
 .text.MemManage_Handler
                0x080007a8        0x2 ./Core/Src/stm32l4xx_it.o
                0x080007a8                MemManage_Handler
 .text.BusFault_Handler
                0x080007aa        0x2 ./Core/Src/stm32l4xx_it.o
                0x080007aa                BusFault_Handler
 .text.UsageFault_Handler
                0x080007ac        0x2 ./Core/Src/stm32l4xx_it.o
                0x080007ac                UsageFault_Handler
 .text.SVC_Handler
                0x080007ae        0x2 ./Core/Src/stm32l4xx_it.o
                0x080007ae                SVC_Handler
 .text.DebugMon_Handler
                0x080007b0        0x2 ./Core/Src/stm32l4xx_it.o
                0x080007b0                DebugMon_Handler
 .text.PendSV_Handler
                0x080007b2        0x2 ./Core/Src/stm32l4xx_it.o
                0x080007b2                PendSV_Handler
 .text.SysTick_Handler
                0x080007b4        0x4 ./Core/Src/stm32l4xx_it.o
                0x080007b4                SysTick_Handler
 .text.EXTI15_10_IRQHandler
                0x080007b8        0x8 ./Core/Src/stm32l4xx_it.o
                0x080007b8                EXTI15_10_IRQHandler
 .text.OTG_FS_IRQHandler
                0x080007c0        0xc ./Core/Src/stm32l4xx_it.o
                0x080007c0                OTG_FS_IRQHandler
 .text.SystemInit
                0x080007cc       0x14 ./Core/Src/system_stm32l4xx.o
                0x080007cc                SystemInit
 .text.Reset_Handler
                0x080007e0       0x50 ./Core/Startup/startup_stm32l476rgtx.o
                0x080007e0                Reset_Handler
 .text.Default_Handler
                0x08000830        0x2 ./Core/Startup/startup_stm32l476rgtx.o
                0x08000830                RTC_Alarm_IRQHandler
                0x08000830                EXTI2_IRQHandler
                0x08000830                TIM8_TRG_COM_IRQHandler
                0x08000830                TIM8_CC_IRQHandler
                0x08000830                TIM1_CC_IRQHandler
                0x08000830                TSC_IRQHandler
                0x08000830                TAMP_STAMP_IRQHandler
                0x08000830                EXTI3_IRQHandler
                0x08000830                LPTIM2_IRQHandler
                0x08000830                DFSDM1_FLT1_IRQHandler
                0x08000830                I2C3_ER_IRQHandler
                0x08000830                DFSDM1_FLT2_IRQHandler
                0x08000830                EXTI0_IRQHandler
                0x08000830                I2C2_EV_IRQHandler
                0x08000830                CAN1_RX0_IRQHandler
                0x08000830                FPU_IRQHandler
                0x08000830                TIM1_UP_TIM16_IRQHandler
                0x08000830                ADC1_2_IRQHandler
                0x08000830                SPI1_IRQHandler
                0x08000830                TIM6_DAC_IRQHandler
                0x08000830                TIM8_UP_IRQHandler
                0x08000830                DMA2_Channel2_IRQHandler
                0x08000830                DMA1_Channel4_IRQHandler
                0x08000830                SAI2_IRQHandler
                0x08000830                DFSDM1_FLT3_IRQHandler
                0x08000830                USART3_IRQHandler
                0x08000830                DMA1_Channel7_IRQHandler
                0x08000830                CAN1_RX1_IRQHandler
                0x08000830                LCD_IRQHandler
                0x08000830                UART5_IRQHandler
                0x08000830                ADC3_IRQHandler
                0x08000830                TIM4_IRQHandler
                0x08000830                DMA2_Channel1_IRQHandler
                0x08000830                QUADSPI_IRQHandler
                0x08000830                I2C1_EV_IRQHandler
                0x08000830                DMA1_Channel6_IRQHandler
                0x08000830                UART4_IRQHandler
                0x08000830                DMA2_Channel4_IRQHandler
                0x08000830                TIM3_IRQHandler
                0x08000830                RCC_IRQHandler
                0x08000830                DMA1_Channel1_IRQHandler
                0x08000830                Default_Handler
                0x08000830                DMA2_Channel7_IRQHandler
                0x08000830                TIM7_IRQHandler
                0x08000830                SDMMC1_IRQHandler
                0x08000830                TIM5_IRQHandler
                0x08000830                I2C3_EV_IRQHandler
                0x08000830                EXTI9_5_IRQHandler
                0x08000830                RTC_WKUP_IRQHandler
                0x08000830                PVD_PVM_IRQHandler
                0x08000830                SPI2_IRQHandler
                0x08000830                CAN1_TX_IRQHandler
                0x08000830                DMA2_Channel5_IRQHandler
                0x08000830                DMA1_Channel5_IRQHandler
                0x08000830                EXTI4_IRQHandler
                0x08000830                RNG_IRQHandler
                0x08000830                TIM1_TRG_COM_TIM17_IRQHandler
                0x08000830                DMA1_Channel3_IRQHandler
                0x08000830                COMP_IRQHandler
                0x08000830                WWDG_IRQHandler
                0x08000830                LPUART1_IRQHandler
                0x08000830                DMA2_Channel6_IRQHandler
                0x08000830                TIM2_IRQHandler
                0x08000830                EXTI1_IRQHandler
                0x08000830                USART2_IRQHandler
                0x08000830                DFSDM1_FLT0_IRQHandler
                0x08000830                I2C2_ER_IRQHandler
                0x08000830                DMA1_Channel2_IRQHandler
                0x08000830                TIM8_BRK_IRQHandler
                0x08000830                CAN1_SCE_IRQHandler
                0x08000830                FLASH_IRQHandler
                0x08000830                USART1_IRQHandler
                0x08000830                SPI3_IRQHandler
                0x08000830                I2C1_ER_IRQHandler
                0x08000830                FMC_IRQHandler
                0x08000830                SWPMI1_IRQHandler
                0x08000830                LPTIM1_IRQHandler
                0x08000830                SAI1_IRQHandler
                0x08000830                DMA2_Channel3_IRQHandler
                0x08000830                TIM1_BRK_TIM15_IRQHandler
 *fill*         0x08000832        0x2 
 .text.HAL_InitTick
                0x08000834       0x4c ./Drivers/STM32L4xx_HAL_Driver/Src/stm32l4xx_hal.o
                0x08000834                HAL_InitTick
 .text.HAL_Init
                0x08000880       0x1e ./Drivers/STM32L4xx_HAL_Driver/Src/stm32l4xx_hal.o
                0x08000880                HAL_Init
 *fill*         0x0800089e        0x2 
 .text.HAL_IncTick
                0x080008a0       0x18 ./Drivers/STM32L4xx_HAL_Driver/Src/stm32l4xx_hal.o
                0x080008a0                HAL_IncTick
 .text.HAL_GetTick
                0x080008b8        0xc ./Drivers/STM32L4xx_HAL_Driver/Src/stm32l4xx_hal.o
                0x080008b8                HAL_GetTick
 .text.HAL_Delay
                0x080008c4       0x28 ./Drivers/STM32L4xx_HAL_Driver/Src/stm32l4xx_hal.o
                0x080008c4                HAL_Delay
 .text.HAL_NVIC_SetPriorityGrouping
                0x080008ec       0x24 ./Drivers/STM32L4xx_HAL_Driver/Src/stm32l4xx_hal_cortex.o
                0x080008ec                HAL_NVIC_SetPriorityGrouping
 .text.HAL_NVIC_SetPriority
                0x08000910       0x64 ./Drivers/STM32L4xx_HAL_Driver/Src/stm32l4xx_hal_cortex.o
                0x08000910                HAL_NVIC_SetPriority
 .text.HAL_NVIC_EnableIRQ
                0x08000974       0x1c ./Drivers/STM32L4xx_HAL_Driver/Src/stm32l4xx_hal_cortex.o
                0x08000974                HAL_NVIC_EnableIRQ
 .text.HAL_SYSTICK_Config
                0x08000990       0x28 ./Drivers/STM32L4xx_HAL_Driver/Src/stm32l4xx_hal_cortex.o
                0x08000990                HAL_SYSTICK_Config
 .text.HAL_GPIO_Init
                0x080009b8      0x1b4 ./Drivers/STM32L4xx_HAL_Driver/Src/stm32l4xx_hal_gpio.o
                0x080009b8                HAL_GPIO_Init
 .text.HAL_GPIO_ReadPin
                0x08000b6c        0xc ./Drivers/STM32L4xx_HAL_Driver/Src/stm32l4xx_hal_gpio.o
                0x08000b6c                HAL_GPIO_ReadPin
 .text.HAL_GPIO_WritePin
                0x08000b78        0xa ./Drivers/STM32L4xx_HAL_Driver/Src/stm32l4xx_hal_gpio.o
                0x08000b78                HAL_GPIO_WritePin
 .text.HAL_GPIO_TogglePin
                0x08000b82       0x12 ./Drivers/STM32L4xx_HAL_Driver/Src/stm32l4xx_hal_gpio.o
                0x08000b82                HAL_GPIO_TogglePin
 .text.HAL_GPIO_EXTI_IRQHandler
                0x08000b94       0x18 ./Drivers/STM32L4xx_HAL_Driver/Src/stm32l4xx_hal_gpio.o
                0x08000b94                HAL_GPIO_EXTI_IRQHandler
 .text.HAL_PCD_Init
                0x08000bac       0xe2 ./Drivers/STM32L4xx_HAL_Driver/Src/stm32l4xx_hal_pcd.o
                0x08000bac                HAL_PCD_Init
 .text.HAL_PCD_Start
                0x08000c8e       0x38 ./Drivers/STM32L4xx_HAL_Driver/Src/stm32l4xx_hal_pcd.o
                0x08000c8e                HAL_PCD_Start
 .text.HAL_PCD_SetAddress
                0x08000cc6       0x26 ./Drivers/STM32L4xx_HAL_Driver/Src/stm32l4xx_hal_pcd.o
                0x08000cc6                HAL_PCD_SetAddress
 .text.HAL_PCD_EP_Open
                0x08000cec       0x72 ./Drivers/STM32L4xx_HAL_Driver/Src/stm32l4xx_hal_pcd.o
                0x08000cec                HAL_PCD_EP_Open
 .text.HAL_PCD_EP_Close
                0x08000d5e       0x5c ./Drivers/STM32L4xx_HAL_Driver/Src/stm32l4xx_hal_pcd.o
                0x08000d5e                HAL_PCD_EP_Close
 .text.HAL_PCD_EP_Receive
                0x08000dba       0x2c ./Drivers/STM32L4xx_HAL_Driver/Src/stm32l4xx_hal_pcd.o
                0x08000dba                HAL_PCD_EP_Receive
 .text.HAL_PCD_EP_Transmit
                0x08000de6       0x28 ./Drivers/STM32L4xx_HAL_Driver/Src/stm32l4xx_hal_pcd.o
                0x08000de6                HAL_PCD_EP_Transmit
 .text.HAL_PCD_EP_SetStall
                0x08000e0e       0x6c ./Drivers/STM32L4xx_HAL_Driver/Src/stm32l4xx_hal_pcd.o
                0x08000e0e                HAL_PCD_EP_SetStall
 .text.HAL_PCD_EP_ClrStall
                0x08000e7a       0x6a ./Drivers/STM32L4xx_HAL_Driver/Src/stm32l4xx_hal_pcd.o
                0x08000e7a                HAL_PCD_EP_ClrStall
 .text.HAL_PCD_EP_Abort
                0x08000ee4       0x20 ./Drivers/STM32L4xx_HAL_Driver/Src/stm32l4xx_hal_pcd.o
                0x08000ee4                HAL_PCD_EP_Abort
 .text.HAL_PCD_IRQHandler
                0x08000f04      0x610 ./Drivers/STM32L4xx_HAL_Driver/Src/stm32l4xx_hal_pcd.o
                0x08000f04                HAL_PCD_IRQHandler
 .text.HAL_PCDEx_SetTxFiFo
                0x08001514       0x3e ./Drivers/STM32L4xx_HAL_Driver/Src/stm32l4xx_hal_pcd_ex.o
                0x08001514                HAL_PCDEx_SetTxFiFo
 .text.HAL_PCDEx_SetRxFiFo
                0x08001552        0x8 ./Drivers/STM32L4xx_HAL_Driver/Src/stm32l4xx_hal_pcd_ex.o
                0x08001552                HAL_PCDEx_SetRxFiFo
 .text.HAL_PCDEx_ActivateLPM
                0x0800155a       0x26 ./Drivers/STM32L4xx_HAL_Driver/Src/stm32l4xx_hal_pcd_ex.o
                0x0800155a                HAL_PCDEx_ActivateLPM
 .text.HAL_PWR_EnableBkUpAccess
                0x08001580       0x10 ./Drivers/STM32L4xx_HAL_Driver/Src/stm32l4xx_hal_pwr.o
                0x08001580                HAL_PWR_EnableBkUpAccess
 .text.HAL_PWREx_GetVoltageRange
                0x08001590       0x10 ./Drivers/STM32L4xx_HAL_Driver/Src/stm32l4xx_hal_pwr_ex.o
                0x08001590                HAL_PWREx_GetVoltageRange
 .text.HAL_PWREx_ControlVoltageScaling
                0x080015a0       0x6c ./Drivers/STM32L4xx_HAL_Driver/Src/stm32l4xx_hal_pwr_ex.o
                0x080015a0                HAL_PWREx_ControlVoltageScaling
 .text.HAL_PWREx_EnableVddUSB
                0x0800160c       0x10 ./Drivers/STM32L4xx_HAL_Driver/Src/stm32l4xx_hal_pwr_ex.o
                0x0800160c                HAL_PWREx_EnableVddUSB
 .text.RCC_SetFlashLatencyFromMSIRange
                0x0800161c       0x84 ./Drivers/STM32L4xx_HAL_Driver/Src/stm32l4xx_hal_rcc.o
 .text.HAL_RCC_GetSysClockFreq
                0x080016a0       0x94 ./Drivers/STM32L4xx_HAL_Driver/Src/stm32l4xx_hal_rcc.o
                0x080016a0                HAL_RCC_GetSysClockFreq
 .text.HAL_RCC_OscConfig
                0x08001734      0x4fc ./Drivers/STM32L4xx_HAL_Driver/Src/stm32l4xx_hal_rcc.o
                0x08001734                HAL_RCC_OscConfig
 .text.HAL_RCC_ClockConfig
                0x08001c30      0x154 ./Drivers/STM32L4xx_HAL_Driver/Src/stm32l4xx_hal_rcc.o
                0x08001c30                HAL_RCC_ClockConfig
 .text.HAL_RCC_GetHCLKFreq
                0x08001d84        0xc ./Drivers/STM32L4xx_HAL_Driver/Src/stm32l4xx_hal_rcc.o
                0x08001d84                HAL_RCC_GetHCLKFreq
 .text.HAL_RCC_GetPCLK1Freq
                0x08001d90       0x24 ./Drivers/STM32L4xx_HAL_Driver/Src/stm32l4xx_hal_rcc.o
                0x08001d90                HAL_RCC_GetPCLK1Freq
 .text.HAL_RCC_GetPCLK2Freq
                0x08001db4       0x24 ./Drivers/STM32L4xx_HAL_Driver/Src/stm32l4xx_hal_rcc.o
                0x08001db4                HAL_RCC_GetPCLK2Freq
 .text.RCCEx_PLLSAI1_Config
                0x08001dd8      0x10c ./Drivers/STM32L4xx_HAL_Driver/Src/stm32l4xx_hal_rcc_ex.o
 .text.RCCEx_PLLSAI2_Config
                0x08001ee4       0xf4 ./Drivers/STM32L4xx_HAL_Driver/Src/stm32l4xx_hal_rcc_ex.o
 .text.HAL_RCCEx_PeriphCLKConfig
                0x08001fd8      0x3f4 ./Drivers/STM32L4xx_HAL_Driver/Src/stm32l4xx_hal_rcc_ex.o
                0x08001fd8                HAL_RCCEx_PeriphCLKConfig
 .text.HAL_RCCEx_EnableMSIPLLMode
                0x080023cc       0x10 ./Drivers/STM32L4xx_HAL_Driver/Src/stm32l4xx_hal_rcc_ex.o
                0x080023cc                HAL_RCCEx_EnableMSIPLLMode
 .text.UART_EndRxTransfer
                0x080023dc       0x50 ./Drivers/STM32L4xx_HAL_Driver/Src/stm32l4xx_hal_uart.o
 .text.UART_SetConfig
                0x0800242c      0x210 ./Drivers/STM32L4xx_HAL_Driver/Src/stm32l4xx_hal_uart.o
                0x0800242c                UART_SetConfig
 .text.UART_AdvFeatureConfig
                0x0800263c       0xa8 ./Drivers/STM32L4xx_HAL_Driver/Src/stm32l4xx_hal_uart.o
                0x0800263c                UART_AdvFeatureConfig
 .text.UART_WaitOnFlagUntilTimeout
                0x080026e4       0x90 ./Drivers/STM32L4xx_HAL_Driver/Src/stm32l4xx_hal_uart.o
                0x080026e4                UART_WaitOnFlagUntilTimeout
 .text.UART_CheckIdleState
                0x08002774       0xb2 ./Drivers/STM32L4xx_HAL_Driver/Src/stm32l4xx_hal_uart.o
                0x08002774                UART_CheckIdleState
 .text.HAL_UART_Init
                0x08002826       0x5c ./Drivers/STM32L4xx_HAL_Driver/Src/stm32l4xx_hal_uart.o
                0x08002826                HAL_UART_Init
 .text.USB_CoreInit
                0x08002882       0x7c ./Drivers/STM32L4xx_HAL_Driver/Src/stm32l4xx_ll_usb.o
                0x08002882                USB_CoreInit
 *fill*         0x080028fe        0x2 
 .text.USB_SetTurnaroundTime
                0x08002900       0xe0 ./Drivers/STM32L4xx_HAL_Driver/Src/stm32l4xx_ll_usb.o
                0x08002900                USB_SetTurnaroundTime
 .text.USB_EnableGlobalInt
                0x080029e0        0xc ./Drivers/STM32L4xx_HAL_Driver/Src/stm32l4xx_ll_usb.o
                0x080029e0                USB_EnableGlobalInt
 .text.USB_DisableGlobalInt
                0x080029ec        0xc ./Drivers/STM32L4xx_HAL_Driver/Src/stm32l4xx_ll_usb.o
                0x080029ec                USB_DisableGlobalInt
 .text.USB_SetCurrentMode
                0x080029f8       0x60 ./Drivers/STM32L4xx_HAL_Driver/Src/stm32l4xx_ll_usb.o
                0x080029f8                USB_SetCurrentMode
 .text.USB_FlushTxFifo
                0x08002a58       0x46 ./Drivers/STM32L4xx_HAL_Driver/Src/stm32l4xx_ll_usb.o
                0x08002a58                USB_FlushTxFifo
 .text.USB_FlushRxFifo
                0x08002a9e       0x42 ./Drivers/STM32L4xx_HAL_Driver/Src/stm32l4xx_ll_usb.o
                0x08002a9e                USB_FlushRxFifo
 .text.USB_SetDevSpeed
                0x08002ae0        0xe ./Drivers/STM32L4xx_HAL_Driver/Src/stm32l4xx_ll_usb.o
                0x08002ae0                USB_SetDevSpeed
 *fill*         0x08002aee        0x2 
 .text.USB_DevInit
                0x08002af0      0x14c ./Drivers/STM32L4xx_HAL_Driver/Src/stm32l4xx_ll_usb.o
                0x08002af0                USB_DevInit
 .text.USB_GetDevSpeed
                0x08002c3c       0x14 ./Drivers/STM32L4xx_HAL_Driver/Src/stm32l4xx_ll_usb.o
                0x08002c3c                USB_GetDevSpeed
 .text.USB_ActivateEndpoint
                0x08002c50       0x7e ./Drivers/STM32L4xx_HAL_Driver/Src/stm32l4xx_ll_usb.o
                0x08002c50                USB_ActivateEndpoint
 *fill*         0x08002cce        0x2 
 .text.USB_DeactivateEndpoint
                0x08002cd0       0xac ./Drivers/STM32L4xx_HAL_Driver/Src/stm32l4xx_ll_usb.o
                0x08002cd0                USB_DeactivateEndpoint
 .text.USB_EPStopXfer
                0x08002d7c       0xf0 ./Drivers/STM32L4xx_HAL_Driver/Src/stm32l4xx_ll_usb.o
                0x08002d7c                USB_EPStopXfer
 .text.USB_EPSetStall
                0x08002e6c       0x56 ./Drivers/STM32L4xx_HAL_Driver/Src/stm32l4xx_ll_usb.o
                0x08002e6c                USB_EPSetStall
 .text.USB_EPClearStall
                0x08002ec2       0x52 ./Drivers/STM32L4xx_HAL_Driver/Src/stm32l4xx_ll_usb.o
                0x08002ec2                USB_EPClearStall
 .text.USB_WritePacket
                0x08002f14       0x1e ./Drivers/STM32L4xx_HAL_Driver/Src/stm32l4xx_ll_usb.o
                0x08002f14                USB_WritePacket
 *fill*         0x08002f32        0x2 
 .text.USB_EPStartXfer
                0x08002f34      0x188 ./Drivers/STM32L4xx_HAL_Driver/Src/stm32l4xx_ll_usb.o
                0x08002f34                USB_EPStartXfer
 .text.USB_ReadPacket
                0x080030bc       0x40 ./Drivers/STM32L4xx_HAL_Driver/Src/stm32l4xx_ll_usb.o
                0x080030bc                USB_ReadPacket
 .text.USB_SetDevAddress
                0x080030fc       0x20 ./Drivers/STM32L4xx_HAL_Driver/Src/stm32l4xx_ll_usb.o
                0x080030fc                USB_SetDevAddress
 .text.USB_DevConnect
                0x0800311c       0x1c ./Drivers/STM32L4xx_HAL_Driver/Src/stm32l4xx_ll_usb.o
                0x0800311c                USB_DevConnect
 .text.USB_DevDisconnect
                0x08003138       0x1c ./Drivers/STM32L4xx_HAL_Driver/Src/stm32l4xx_ll_usb.o
                0x08003138                USB_DevDisconnect
 .text.USB_ReadInterrupts
                0x08003154        0x8 ./Drivers/STM32L4xx_HAL_Driver/Src/stm32l4xx_ll_usb.o
                0x08003154                USB_ReadInterrupts
 .text.USB_ReadDevAllOutEpInterrupt
                0x0800315c       0x10 ./Drivers/STM32L4xx_HAL_Driver/Src/stm32l4xx_ll_usb.o
                0x0800315c                USB_ReadDevAllOutEpInterrupt
 .text.USB_ReadDevAllInEpInterrupt
                0x0800316c       0x10 ./Drivers/STM32L4xx_HAL_Driver/Src/stm32l4xx_ll_usb.o
                0x0800316c                USB_ReadDevAllInEpInterrupt
 .text.USB_ReadDevOutEPInterrupt
                0x0800317c       0x12 ./Drivers/STM32L4xx_HAL_Driver/Src/stm32l4xx_ll_usb.o
                0x0800317c                USB_ReadDevOutEPInterrupt
 .text.USB_ReadDevInEPInterrupt
                0x0800318e       0x22 ./Drivers/STM32L4xx_HAL_Driver/Src/stm32l4xx_ll_usb.o
                0x0800318e                USB_ReadDevInEPInterrupt
 .text.USB_GetMode
                0x080031b0        0x8 ./Drivers/STM32L4xx_HAL_Driver/Src/stm32l4xx_ll_usb.o
                0x080031b0                USB_GetMode
 .text.USB_ActivateSetup
                0x080031b8       0x1c ./Drivers/STM32L4xx_HAL_Driver/Src/stm32l4xx_ll_usb.o
                0x080031b8                USB_ActivateSetup
 .text.USB_EP0_OutStart
                0x080031d4       0x38 ./Drivers/STM32L4xx_HAL_Driver/Src/stm32l4xx_ll_usb.o
                0x080031d4                USB_EP0_OutStart
 .text.USBD_CUSTOM_HID_DataIn
                0x0800320c       0x10 ./Middlewares/ST/STM32_USB_Device_Library/Class/CustomHID/Src/usbd_customhid.o
 .text.USBD_CUSTOM_HID_DataOut
                0x0800321c       0x24 ./Middlewares/ST/STM32_USB_Device_Library/Class/CustomHID/Src/usbd_customhid.o
 .text.USBD_CUSTOM_HID_EP0_RxReady
                0x08003240       0x30 ./Middlewares/ST/STM32_USB_Device_Library/Class/CustomHID/Src/usbd_customhid.o
 .text.USBD_CUSTOM_HID_GetDeviceQualifierDesc
                0x08003270        0xc ./Middlewares/ST/STM32_USB_Device_Library/Class/CustomHID/Src/usbd_customhid.o
 .text.USBD_CUSTOM_HID_GetFSCfgDesc
                0x0800327c       0x40 ./Middlewares/ST/STM32_USB_Device_Library/Class/CustomHID/Src/usbd_customhid.o
 .text.USBD_CUSTOM_HID_GetHSCfgDesc
                0x080032bc        0x4 ./Middlewares/ST/STM32_USB_Device_Library/Class/CustomHID/Src/usbd_customhid.o
 .text.USBD_CUSTOM_HID_GetOtherSpeedCfgDesc
                0x080032c0        0x4 ./Middlewares/ST/STM32_USB_Device_Library/Class/CustomHID/Src/usbd_customhid.o
 .text.USBD_CUSTOM_HID_Setup
                0x080032c4      0x110 ./Middlewares/ST/STM32_USB_Device_Library/Class/CustomHID/Src/usbd_customhid.o
 .text.USBD_CUSTOM_HID_DeInit
                0x080033d4       0x58 ./Middlewares/ST/STM32_USB_Device_Library/Class/CustomHID/Src/usbd_customhid.o
 .text.USBD_CUSTOM_HID_Init
                0x0800342c       0x6e ./Middlewares/ST/STM32_USB_Device_Library/Class/CustomHID/Src/usbd_customhid.o
 .text.USBD_CUSTOM_HID_SendReport
                0x0800349a       0x36 ./Middlewares/ST/STM32_USB_Device_Library/Class/CustomHID/Src/usbd_customhid.o
                0x0800349a                USBD_CUSTOM_HID_SendReport
 .text.USBD_CUSTOM_HID_ReceivePacket
                0x080034d0       0x1e ./Middlewares/ST/STM32_USB_Device_Library/Class/CustomHID/Src/usbd_customhid.o
                0x080034d0                USBD_CUSTOM_HID_ReceivePacket
 .text.USBD_CUSTOM_HID_RegisterInterface
                0x080034ee       0x16 ./Middlewares/ST/STM32_USB_Device_Library/Class/CustomHID/Src/usbd_customhid.o
                0x080034ee                USBD_CUSTOM_HID_RegisterInterface
 .text.USBD_Init
                0x08003504       0x26 ./Middlewares/ST/STM32_USB_Device_Library/Core/Src/usbd_core.o
                0x08003504                USBD_Init
 .text.USBD_RegisterClass
                0x0800352a       0x32 ./Middlewares/ST/STM32_USB_Device_Library/Core/Src/usbd_core.o
                0x0800352a                USBD_RegisterClass
 .text.USBD_Start
                0x0800355c        0x4 ./Middlewares/ST/STM32_USB_Device_Library/Core/Src/usbd_core.o
                0x0800355c                USBD_Start
 .text.USBD_SetClassConfig
                0x08003560        0xe ./Middlewares/ST/STM32_USB_Device_Library/Core/Src/usbd_core.o
                0x08003560                USBD_SetClassConfig
 .text.USBD_ClrClassConfig
                0x0800356e       0x12 ./Middlewares/ST/STM32_USB_Device_Library/Core/Src/usbd_core.o
                0x0800356e                USBD_ClrClassConfig
 .text.USBD_LL_SetupStage
                0x08003580       0x60 ./Middlewares/ST/STM32_USB_Device_Library/Core/Src/usbd_core.o
                0x08003580                USBD_LL_SetupStage
 .text.USBD_LL_DataOutStage
                0x080035e0       0x74 ./Middlewares/ST/STM32_USB_Device_Library/Core/Src/usbd_core.o
                0x080035e0                USBD_LL_DataOutStage
 .text.USBD_LL_DataInStage
                0x08003654       0xa8 ./Middlewares/ST/STM32_USB_Device_Library/Core/Src/usbd_core.o
                0x08003654                USBD_LL_DataInStage
 .text.USBD_LL_Reset
                0x080036fc       0x60 ./Middlewares/ST/STM32_USB_Device_Library/Core/Src/usbd_core.o
                0x080036fc                USBD_LL_Reset
 .text.USBD_LL_SetSpeed
                0x0800375c        0x6 ./Middlewares/ST/STM32_USB_Device_Library/Core/Src/usbd_core.o
                0x0800375c                USBD_LL_SetSpeed
 .text.USBD_LL_Suspend
                0x08003762       0x1c ./Middlewares/ST/STM32_USB_Device_Library/Core/Src/usbd_core.o
                0x08003762                USBD_LL_Suspend
 .text.USBD_LL_Resume
                0x0800377e       0x16 ./Middlewares/ST/STM32_USB_Device_Library/Core/Src/usbd_core.o
                0x0800377e                USBD_LL_Resume
 .text.USBD_LL_SOF
                0x08003794       0x1a ./Middlewares/ST/STM32_USB_Device_Library/Core/Src/usbd_core.o
                0x08003794                USBD_LL_SOF
 .text.USBD_LL_IsoINIncomplete
                0x080037ae       0x26 ./Middlewares/ST/STM32_USB_Device_Library/Core/Src/usbd_core.o
                0x080037ae                USBD_LL_IsoINIncomplete
 .text.USBD_LL_IsoOUTIncomplete
                0x080037d4       0x26 ./Middlewares/ST/STM32_USB_Device_Library/Core/Src/usbd_core.o
                0x080037d4                USBD_LL_IsoOUTIncomplete
 .text.USBD_LL_DevConnected
                0x080037fa        0x4 ./Middlewares/ST/STM32_USB_Device_Library/Core/Src/usbd_core.o
                0x080037fa                USBD_LL_DevConnected
 .text.USBD_LL_DevDisconnected
                0x080037fe       0x20 ./Middlewares/ST/STM32_USB_Device_Library/Core/Src/usbd_core.o
                0x080037fe                USBD_LL_DevDisconnected
 .text.USBD_CoreFindIF
                0x0800381e        0x4 ./Middlewares/ST/STM32_USB_Device_Library/Core/Src/usbd_core.o
                0x0800381e                USBD_CoreFindIF
 .text.USBD_CoreFindEP
                0x08003822        0x4 ./Middlewares/ST/STM32_USB_Device_Library/Core/Src/usbd_core.o
                0x08003822                USBD_CoreFindEP
 .text.USBD_GetEpDesc
                0x08003826       0x24 ./Middlewares/ST/STM32_USB_Device_Library/Core/Src/usbd_core.o
                0x08003826                USBD_GetEpDesc
 .text.USBD_CtlError.constprop.0
                0x0800384a       0x16 ./Middlewares/ST/STM32_USB_Device_Library/Core/Src/usbd_ctlreq.o
 .text.USBD_StdDevReq
                0x08003860      0x2f0 ./Middlewares/ST/STM32_USB_Device_Library/Core/Src/usbd_ctlreq.o
                0x08003860                USBD_StdDevReq
 .text.USBD_StdItfReq
                0x08003b50       0x5e ./Middlewares/ST/STM32_USB_Device_Library/Core/Src/usbd_ctlreq.o
                0x08003b50                USBD_StdItfReq
 .text.USBD_StdEPReq
                0x08003bae      0x148 ./Middlewares/ST/STM32_USB_Device_Library/Core/Src/usbd_ctlreq.o
                0x08003bae                USBD_StdEPReq
 .text.USBD_ParseSetupRequest
                0x08003cf6       0x16 ./Middlewares/ST/STM32_USB_Device_Library/Core/Src/usbd_ctlreq.o
                0x08003cf6                USBD_ParseSetupRequest
 .text.USBD_CtlError
                0x08003d0c       0x16 ./Middlewares/ST/STM32_USB_Device_Library/Core/Src/usbd_ctlreq.o
                0x08003d0c                USBD_CtlError
 .text.USBD_GetString
                0x08003d22       0x38 ./Middlewares/ST/STM32_USB_Device_Library/Core/Src/usbd_ctlreq.o
                0x08003d22                USBD_GetString
 .text.USBD_CtlSendData
                0x08003d5a       0x1c ./Middlewares/ST/STM32_USB_Device_Library/Core/Src/usbd_ioreq.o
                0x08003d5a                USBD_CtlSendData
 .text.USBD_CtlContinueSendData
                0x08003d76       0x10 ./Middlewares/ST/STM32_USB_Device_Library/Core/Src/usbd_ioreq.o
                0x08003d76                USBD_CtlContinueSendData
 .text.USBD_CtlPrepareRx
                0x08003d86       0x22 ./Middlewares/ST/STM32_USB_Device_Library/Core/Src/usbd_ioreq.o
                0x08003d86                USBD_CtlPrepareRx
 .text.USBD_CtlContinueRx
                0x08003da8       0x10 ./Middlewares/ST/STM32_USB_Device_Library/Core/Src/usbd_ioreq.o
                0x08003da8                USBD_CtlContinueRx
 .text.USBD_CtlSendStatus
                0x08003db8       0x16 ./Middlewares/ST/STM32_USB_Device_Library/Core/Src/usbd_ioreq.o
                0x08003db8                USBD_CtlSendStatus
 .text.USBD_CtlReceiveStatus
                0x08003dce       0x16 ./Middlewares/ST/STM32_USB_Device_Library/Core/Src/usbd_ioreq.o
                0x08003dce                USBD_CtlReceiveStatus
 .text.MX_USB_DEVICE_Init
                0x08003de4       0x50 ./USB_DEVICE/App/usb_device.o
                0x08003de4                MX_USB_DEVICE_Init
 .text.CUSTOM_HID_Init_FS
                0x08003e34        0x4 ./USB_DEVICE/App/usbd_custom_hid_if.o
 .text.CUSTOM_HID_OutEvent_FS
                0x08003e38       0x10 ./USB_DEVICE/App/usbd_custom_hid_if.o
 .text.CUSTOM_HID_DeInit_FS
                0x08003e48        0x4 ./USB_DEVICE/App/usbd_custom_hid_if.o
 .text.USBD_FS_DeviceDescriptor
                0x08003e4c        0xc ./USB_DEVICE/App/usbd_desc.o
                0x08003e4c                USBD_FS_DeviceDescriptor
 .text.USBD_FS_LangIDStrDescriptor
                0x08003e58        0xc ./USB_DEVICE/App/usbd_desc.o
                0x08003e58                USBD_FS_LangIDStrDescriptor
 .text.USBD_FS_USR_BOSDescriptor
                0x08003e64        0xc ./USB_DEVICE/App/usbd_desc.o
                0x08003e64                USBD_FS_USR_BOSDescriptor
 .text.IntToUnicode
                0x08003e70       0x2a ./USB_DEVICE/App/usbd_desc.o
 *fill*         0x08003e9a        0x2 
 .text.USBD_FS_SerialStrDescriptor
                0x08003e9c       0x3c ./USB_DEVICE/App/usbd_desc.o
                0x08003e9c                USBD_FS_SerialStrDescriptor
 .text.USBD_FS_ManufacturerStrDescriptor
                0x08003ed8       0x1c ./USB_DEVICE/App/usbd_desc.o
                0x08003ed8                USBD_FS_ManufacturerStrDescriptor
 .text.USBD_FS_ProductStrDescriptor
                0x08003ef4       0x1c ./USB_DEVICE/App/usbd_desc.o
                0x08003ef4                USBD_FS_ProductStrDescriptor
 .text.USBD_FS_ConfigStrDescriptor
                0x08003f10       0x1c ./USB_DEVICE/App/usbd_desc.o
                0x08003f10                USBD_FS_ConfigStrDescriptor
 .text.USBD_FS_InterfaceStrDescriptor
                0x08003f2c       0x1c ./USB_DEVICE/App/usbd_desc.o
                0x08003f2c                USBD_FS_InterfaceStrDescriptor
 .text.HAL_PCD_MspInit
                0x08003f48       0xe0 ./USB_DEVICE/Target/usbd_conf.o
                0x08003f48                HAL_PCD_MspInit
 .text.HAL_PCD_SetupStageCallback
                0x08004028        0xc ./USB_DEVICE/Target/usbd_conf.o
                0x08004028                HAL_PCD_SetupStageCallback
 .text.HAL_PCD_DataOutStageCallback
                0x08004034       0x12 ./USB_DEVICE/Target/usbd_conf.o
                0x08004034                HAL_PCD_DataOutStageCallback
 .text.HAL_PCD_DataInStageCallback
                0x08004046       0x10 ./USB_DEVICE/Target/usbd_conf.o
                0x08004046                HAL_PCD_DataInStageCallback
 .text.HAL_PCD_SOFCallback
                0x08004056        0x8 ./USB_DEVICE/Target/usbd_conf.o
                0x08004056                HAL_PCD_SOFCallback
 .text.HAL_PCD_ResetCallback
                0x0800405e       0x24 ./USB_DEVICE/Target/usbd_conf.o
                0x0800405e                HAL_PCD_ResetCallback
 *fill*         0x08004082        0x2 
 .text.HAL_PCD_SuspendCallback
                0x08004084       0x30 ./USB_DEVICE/Target/usbd_conf.o
                0x08004084                HAL_PCD_SuspendCallback
 .text.HAL_PCD_ResumeCallback
                0x080040b4       0x34 ./USB_DEVICE/Target/usbd_conf.o
                0x080040b4                HAL_PCD_ResumeCallback
 .text.HAL_PCD_ISOOUTIncompleteCallback
                0x080040e8        0x8 ./USB_DEVICE/Target/usbd_conf.o
                0x080040e8                HAL_PCD_ISOOUTIncompleteCallback
 .text.HAL_PCD_ISOINIncompleteCallback
                0x080040f0        0x8 ./USB_DEVICE/Target/usbd_conf.o
                0x080040f0                HAL_PCD_ISOINIncompleteCallback
 .text.HAL_PCD_ConnectCallback
                0x080040f8        0x8 ./USB_DEVICE/Target/usbd_conf.o
                0x080040f8                HAL_PCD_ConnectCallback
 .text.HAL_PCD_DisconnectCallback
                0x08004100        0x8 ./USB_DEVICE/Target/usbd_conf.o
                0x08004100                HAL_PCD_DisconnectCallback
 .text.USBD_LL_Init
                0x08004108       0x54 ./USB_DEVICE/Target/usbd_conf.o
                0x08004108                USBD_LL_Init
 .text.USBD_LL_Start
                0x0800415c       0x16 ./USB_DEVICE/Target/usbd_conf.o
                0x0800415c                USBD_LL_Start
 .text.USBD_LL_OpenEP
                0x08004172       0x1c ./USB_DEVICE/Target/usbd_conf.o
                0x08004172                USBD_LL_OpenEP
 .text.USBD_LL_CloseEP
                0x0800418e       0x16 ./USB_DEVICE/Target/usbd_conf.o
                0x0800418e                USBD_LL_CloseEP
 .text.USBD_LL_StallEP
                0x080041a4       0x16 ./USB_DEVICE/Target/usbd_conf.o
                0x080041a4                USBD_LL_StallEP
 .text.USBD_LL_ClearStallEP
                0x080041ba       0x16 ./USB_DEVICE/Target/usbd_conf.o
                0x080041ba                USBD_LL_ClearStallEP
 .text.USBD_LL_IsStallEP
                0x080041d0       0x24 ./USB_DEVICE/Target/usbd_conf.o
                0x080041d0                USBD_LL_IsStallEP
 .text.USBD_LL_SetUSBAddress
                0x080041f4       0x16 ./USB_DEVICE/Target/usbd_conf.o
                0x080041f4                USBD_LL_SetUSBAddress
 .text.USBD_LL_Transmit
                0x0800420a       0x16 ./USB_DEVICE/Target/usbd_conf.o
                0x0800420a                USBD_LL_Transmit
 .text.USBD_LL_PrepareReceive
                0x08004220       0x16 ./USB_DEVICE/Target/usbd_conf.o
                0x08004220                USBD_LL_PrepareReceive
 *fill*         0x08004236        0x2 
 .text.HAL_PCDEx_LPM_Callback
                0x08004238       0x64 ./USB_DEVICE/Target/usbd_conf.o
                0x08004238                HAL_PCDEx_LPM_Callback
 .text.USBD_static_malloc
                0x0800429c        0x8 ./USB_DEVICE/Target/usbd_conf.o
                0x0800429c                USBD_static_malloc
 .text.USBD_static_free
                0x080042a4        0x2 ./USB_DEVICE/Target/usbd_conf.o
                0x080042a4                USBD_static_free
 .text.memset   0x080042a6       0x10 C:/ST/STM32CubeIDE_1.19.0/STM32CubeIDE/plugins/com.st.stm32cube.ide.mcu.externaltools.gnu-tools-for-stm32.13.3.rel1.win32_1.0.0.202411081344/tools/bin/../lib/gcc/arm-none-eabi/13.3.1/../../../../arm-none-eabi/lib/thumb/v7e-m+fp/hard\libc_nano.a(libc_a-memset.o)
                0x080042a6                memset
 *fill*         0x080042b6        0x2 
 .text.__libc_init_array
                0x080042b8       0x48 C:/ST/STM32CubeIDE_1.19.0/STM32CubeIDE/plugins/com.st.stm32cube.ide.mcu.externaltools.gnu-tools-for-stm32.13.3.rel1.win32_1.0.0.202411081344/tools/bin/../lib/gcc/arm-none-eabi/13.3.1/../../../../arm-none-eabi/lib/thumb/v7e-m+fp/hard\libc_nano.a(libc_a-init.o)
                0x080042b8                __libc_init_array
 *(.glue_7)
 .glue_7        0x08004300        0x0 linker stubs
 *(.glue_7t)
 .glue_7t       0x08004300        0x0 linker stubs
 *(.eh_frame)
 .eh_frame      0x08004300        0x0 C:/ST/STM32CubeIDE_1.19.0/STM32CubeIDE/plugins/com.st.stm32cube.ide.mcu.externaltools.gnu-tools-for-stm32.13.3.rel1.win32_1.0.0.202411081344/tools/bin/../lib/gcc/arm-none-eabi/13.3.1/thumb/v7e-m+fp/hard/crtbegin.o
 *(.init)
 .init          0x08004300        0x4 C:/ST/STM32CubeIDE_1.19.0/STM32CubeIDE/plugins/com.st.stm32cube.ide.mcu.externaltools.gnu-tools-for-stm32.13.3.rel1.win32_1.0.0.202411081344/tools/bin/../lib/gcc/arm-none-eabi/13.3.1/thumb/v7e-m+fp/hard/crti.o
                0x08004300                _init
 .init          0x08004304        0x8 C:/ST/STM32CubeIDE_1.19.0/STM32CubeIDE/plugins/com.st.stm32cube.ide.mcu.externaltools.gnu-tools-for-stm32.13.3.rel1.win32_1.0.0.202411081344/tools/bin/../lib/gcc/arm-none-eabi/13.3.1/thumb/v7e-m+fp/hard/crtn.o
 *(.fini)
 .fini          0x0800430c        0x4 C:/ST/STM32CubeIDE_1.19.0/STM32CubeIDE/plugins/com.st.stm32cube.ide.mcu.externaltools.gnu-tools-for-stm32.13.3.rel1.win32_1.0.0.202411081344/tools/bin/../lib/gcc/arm-none-eabi/13.3.1/thumb/v7e-m+fp/hard/crti.o
                0x0800430c                _fini
 .fini          0x08004310        0x8 C:/ST/STM32CubeIDE_1.19.0/STM32CubeIDE/plugins/com.st.stm32cube.ide.mcu.externaltools.gnu-tools-for-stm32.13.3.rel1.win32_1.0.0.202411081344/tools/bin/../lib/gcc/arm-none-eabi/13.3.1/thumb/v7e-m+fp/hard/crtn.o
                0x08004318                        . = ALIGN (0x4)
                0x08004318                        _etext = .

.vfp11_veneer   0x08004318        0x0
 .vfp11_veneer  0x08004318        0x0 linker stubs

.v4_bx          0x08004318        0x0
 .v4_bx         0x08004318        0x0 linker stubs

.iplt           0x08004318        0x0
 .iplt          0x08004318        0x0 C:/ST/STM32CubeIDE_1.19.0/STM32CubeIDE/plugins/com.st.stm32cube.ide.mcu.externaltools.gnu-tools-for-stm32.13.3.rel1.win32_1.0.0.202411081344/tools/bin/../lib/gcc/arm-none-eabi/13.3.1/thumb/v7e-m+fp/hard/crtbegin.o

.rodata         0x08004318       0xa0
                0x08004318                        . = ALIGN (0x4)
 *(.rodata)
 *(.rodata*)
 .rodata.MSIRangeTable
                0x08004318       0x30 ./Core/Src/system_stm32l4xx.o
                0x08004318                MSIRangeTable
 .rodata.APBPrescTable
                0x08004348        0x8 ./Core/Src/system_stm32l4xx.o
                0x08004348                APBPrescTable
 .rodata.AHBPrescTable
                0x08004350       0x10 ./Core/Src/system_stm32l4xx.o
                0x08004350                AHBPrescTable
 .rodata.USBD_FS_ManufacturerStrDescriptor.str1.1
                0x08004360       0x57 ./USB_DEVICE/App/usbd_desc.o
                                 0x13 (size before relaxing)
 .rodata.USBD_FS_ProductStrDescriptor.str1.1
                0x080043b7       0x1d ./USB_DEVICE/App/usbd_desc.o
 .rodata.USBD_FS_ConfigStrDescriptor.str1.1
                0x080043b7       0x12 ./USB_DEVICE/App/usbd_desc.o
 .rodata.USBD_FS_InterfaceStrDescriptor.str1.1
                0x080043b7       0x15 ./USB_DEVICE/App/usbd_desc.o
                0x080043d4                        . = ALIGN (0x4)
 *fill*         0x080043b7        0x1 

.ARM.extab      0x080043b8        0x0
                0x080043b8                        . = ALIGN (0x4)
 *(.ARM.extab* .gnu.linkonce.armextab.*)
                0x080043b8                        . = ALIGN (0x4)

.ARM            0x080043b8        0x8
                0x080043b8                        . = ALIGN (0x4)
                0x080043b8                        __exidx_start = .
 *(.ARM.exidx*)
 .ARM.exidx     0x080043b8        0x8 C:/ST/STM32CubeIDE_1.19.0/STM32CubeIDE/plugins/com.st.stm32cube.ide.mcu.externaltools.gnu-tools-for-stm32.13.3.rel1.win32_1.0.0.202411081344/tools/bin/../lib/gcc/arm-none-eabi/13.3.1/../../../../arm-none-eabi/lib/thumb/v7e-m+fp/hard\libc_nano.a(libc_a-strlen.o)
 .ARM.exidx     0x080043c0        0x0 C:/ST/STM32CubeIDE_1.19.0/STM32CubeIDE/plugins/com.st.stm32cube.ide.mcu.externaltools.gnu-tools-for-stm32.13.3.rel1.win32_1.0.0.202411081344/tools/bin/../lib/gcc/arm-none-eabi/13.3.1/thumb/v7e-m+fp/hard\libgcc.a(_udivmoddi4.o)
                                  0x8 (size before relaxing)
                0x080043c0                        __exidx_end = .
                0x080043c0                        . = ALIGN (0x4)

.preinit_array  0x080043c0        0x0
                0x080043c0                        . = ALIGN (0x4)
                0x080043c0                        PROVIDE (__preinit_array_start = .)
 *(.preinit_array*)
                0x080043c0                        PROVIDE (__preinit_array_end = .)
                0x080043c0                        . = ALIGN (0x4)

.init_array     0x080043c0        0x4
                0x080043c0                        . = ALIGN (0x4)
                0x080043c0                        PROVIDE (__init_array_start = .)
 *(SORT_BY_NAME(.init_array.*))
 *(.init_array*)
 .init_array    0x080043c0        0x4 C:/ST/STM32CubeIDE_1.19.0/STM32CubeIDE/plugins/com.st.stm32cube.ide.mcu.externaltools.gnu-tools-for-stm32.13.3.rel1.win32_1.0.0.202411081344/tools/bin/../lib/gcc/arm-none-eabi/13.3.1/thumb/v7e-m+fp/hard/crtbegin.o
                0x080043c4                        PROVIDE (__init_array_end = .)
                0x080043c4                        . = ALIGN (0x4)

.fini_array     0x080043c4        0x4
                0x080043c4                        . = ALIGN (0x4)
                [!provide]                        PROVIDE (__fini_array_start = .)
 *(SORT_BY_NAME(.fini_array.*))
 *(.fini_array*)
 .fini_array    0x080043c4        0x4 C:/ST/STM32CubeIDE_1.19.0/STM32CubeIDE/plugins/com.st.stm32cube.ide.mcu.externaltools.gnu-tools-for-stm32.13.3.rel1.win32_1.0.0.202411081344/tools/bin/../lib/gcc/arm-none-eabi/13.3.1/thumb/v7e-m+fp/hard/crtbegin.o
                [!provide]                        PROVIDE (__fini_array_end = .)
                0x080043c8                        . = ALIGN (0x4)
                0x080043c8                        _sidata = LOADADDR (.data)

.rel.dyn        0x080043c8        0x0
 .rel.iplt      0x080043c8        0x0 C:/ST/STM32CubeIDE_1.19.0/STM32CubeIDE/plugins/com.st.stm32cube.ide.mcu.externaltools.gnu-tools-for-stm32.13.3.rel1.win32_1.0.0.202411081344/tools/bin/../lib/gcc/arm-none-eabi/13.3.1/thumb/v7e-m+fp/hard/crtbegin.o

.data           0x20000000      0x138 load address 0x080043c8
                0x20000000                        . = ALIGN (0x4)
                0x20000000                        _sdata = .
 *(.data)
 *(.data*)
 .data.SystemCoreClock
                0x20000000        0x4 ./Core/Src/system_stm32l4xx.o
                0x20000000                SystemCoreClock
 .data.uwTickFreq
                0x20000004        0x1 ./Drivers/STM32L4xx_HAL_Driver/Src/stm32l4xx_hal.o
                0x20000004                uwTickFreq
 *fill*         0x20000005        0x3 
 .data.uwTickPrio
                0x20000008        0x4 ./Drivers/STM32L4xx_HAL_Driver/Src/stm32l4xx_hal.o
                0x20000008                uwTickPrio
 .data.USBD_CUSTOM_HID_DeviceQualifierDesc
                0x2000000c        0xa ./Middlewares/ST/STM32_USB_Device_Library/Class/CustomHID/Src/usbd_customhid.o
 *fill*         0x20000016        0x2 
 .data.USBD_CUSTOM_HID_Desc
                0x20000018        0x9 ./Middlewares/ST/STM32_USB_Device_Library/Class/CustomHID/Src/usbd_customhid.o
 *fill*         0x20000021        0x3 
 .data.USBD_CUSTOM_HID_CfgDesc
                0x20000024       0x29 ./Middlewares/ST/STM32_USB_Device_Library/Class/CustomHID/Src/usbd_customhid.o
 *fill*         0x2000004d        0x3 
 .data.USBD_CUSTOM_HID
                0x20000050       0x38 ./Middlewares/ST/STM32_USB_Device_Library/Class/CustomHID/Src/usbd_customhid.o
                0x20000050                USBD_CUSTOM_HID
 .data.USBD_CustomHID_fops_FS
                0x20000088       0x10 ./USB_DEVICE/App/usbd_custom_hid_if.o
                0x20000088                USBD_CustomHID_fops_FS
 .data.CUSTOM_HID_ReportDesc_FS
                0x20000098       0x3f ./USB_DEVICE/App/usbd_custom_hid_if.o
 *fill*         0x200000d7        0x1 
 .data.USBD_StringSerial
                0x200000d8       0x1a ./USB_DEVICE/App/usbd_desc.o
                0x200000d8                USBD_StringSerial
 *fill*         0x200000f2        0x2 
 .data.USBD_LangIDDesc
                0x200000f4        0x4 ./USB_DEVICE/App/usbd_desc.o
                0x200000f4                USBD_LangIDDesc
 .data.USBD_FS_BOSDesc
                0x200000f8        0xc ./USB_DEVICE/App/usbd_desc.o
                0x200000f8                USBD_FS_BOSDesc
 .data.USBD_FS_DeviceDesc
                0x20000104       0x12 ./USB_DEVICE/App/usbd_desc.o
                0x20000104                USBD_FS_DeviceDesc
 *fill*         0x20000116        0x2 
 .data.FS_Desc  0x20000118       0x20 ./USB_DEVICE/App/usbd_desc.o
                0x20000118                FS_Desc
 *(.RamFunc)
 *(.RamFunc*)
                0x20000138                        . = ALIGN (0x4)
                0x20000138                        _edata = .

.igot.plt       0x20000138        0x0 load address 0x08004500
 .igot.plt      0x20000138        0x0 C:/ST/STM32CubeIDE_1.19.0/STM32CubeIDE/plugins/com.st.stm32cube.ide.mcu.externaltools.gnu-tools-for-stm32.13.3.rel1.win32_1.0.0.202411081344/tools/bin/../lib/gcc/arm-none-eabi/13.3.1/thumb/v7e-m+fp/hard/crtbegin.o
                0x20000138                        . = ALIGN (0x4)

.bss            0x20000138      0xa94 load address 0x08004500
                0x20000138                        _sbss = .
                0x20000138                        __bss_start__ = _sbss
 *(.bss)
 .bss           0x20000138       0x1c C:/ST/STM32CubeIDE_1.19.0/STM32CubeIDE/plugins/com.st.stm32cube.ide.mcu.externaltools.gnu-tools-for-stm32.13.3.rel1.win32_1.0.0.202411081344/tools/bin/../lib/gcc/arm-none-eabi/13.3.1/thumb/v7e-m+fp/hard/crtbegin.o
 *(.bss*)
 .bss.event_detected
                0x20000154        0x1 ./Core/Src/main.o
                0x20000154                event_detected
 .bss.keyboardReport
                0x20000155        0x8 ./Core/Src/main.o
                0x20000155                keyboardReport
 *fill*         0x2000015d        0x3 
 .bss.huart2    0x20000160       0x88 ./Core/Src/main.o
                0x20000160                huart2
 .bss.uwTick    0x200001e8        0x4 ./Drivers/STM32L4xx_HAL_Driver/Src/stm32l4xx_hal.o
                0x200001e8                uwTick
 .bss.cfgidx.0  0x200001ec        0x1 ./Middlewares/ST/STM32_USB_Device_Library/Core/Src/usbd_ctlreq.o
 *fill*         0x200001ed        0x3 
 .bss.hUsbDeviceFS
                0x200001f0      0x2dc ./USB_DEVICE/App/usb_device.o
                0x200001f0                hUsbDeviceFS
 .bss.USBD_StrDesc
                0x200004cc      0x200 ./USB_DEVICE/App/usbd_desc.o
                0x200004cc                USBD_StrDesc
 .bss.mem.0     0x200006cc       0x1c ./USB_DEVICE/Target/usbd_conf.o
 .bss.hpcd_USB_OTG_FS
                0x200006e8      0x4e4 ./USB_DEVICE/Target/usbd_conf.o
                0x200006e8                hpcd_USB_OTG_FS
 *(COMMON)
                0x20000bcc                        . = ALIGN (0x4)
                0x20000bcc                        _ebss = .
                0x20000bcc                        __bss_end__ = _ebss

._user_heap_stack
                0x20000bcc      0x604 load address 0x08004500
                0x20000bd0                        . = ALIGN (0x8)
 *fill*         0x20000bcc        0x4 
                [!provide]                        PROVIDE (end = .)
                0x20000bd0                        PROVIDE (_end = .)
                0x20000dd0                        . = (. + _Min_Heap_Size)
 *fill*         0x20000bd0      0x200 
                0x200011d0                        . = (. + _Min_Stack_Size)
 *fill*         0x20000dd0      0x400 
                0x200011d0                        . = ALIGN (0x8)

/DISCARD/
 libc.a(*)
 libm.a(*)
 libgcc.a(*)

.ARM.attributes
                0x00000000       0x30
 *(.ARM.attributes)
 .ARM.attributes
                0x00000000       0x22 C:/ST/STM32CubeIDE_1.19.0/STM32CubeIDE/plugins/com.st.stm32cube.ide.mcu.externaltools.gnu-tools-for-stm32.13.3.rel1.win32_1.0.0.202411081344/tools/bin/../lib/gcc/arm-none-eabi/13.3.1/thumb/v7e-m+fp/hard/crti.o
 .ARM.attributes
                0x00000022       0x34 C:/ST/STM32CubeIDE_1.19.0/STM32CubeIDE/plugins/com.st.stm32cube.ide.mcu.externaltools.gnu-tools-for-stm32.13.3.rel1.win32_1.0.0.202411081344/tools/bin/../lib/gcc/arm-none-eabi/13.3.1/thumb/v7e-m+fp/hard/crtbegin.o
 .ARM.attributes
                0x00000056       0x34 ./Core/Src/main.o
 .ARM.attributes
                0x0000008a       0x34 ./Core/Src/stm32l4xx_hal_msp.o
 .ARM.attributes
                0x000000be       0x34 ./Core/Src/stm32l4xx_it.o
 .ARM.attributes
                0x000000f2       0x34 ./Core/Src/system_stm32l4xx.o
 .ARM.attributes
                0x00000126       0x21 ./Core/Startup/startup_stm32l476rgtx.o
 .ARM.attributes
                0x00000147       0x34 ./Drivers/STM32L4xx_HAL_Driver/Src/stm32l4xx_hal.o
 .ARM.attributes
                0x0000017b       0x34 ./Drivers/STM32L4xx_HAL_Driver/Src/stm32l4xx_hal_cortex.o
 .ARM.attributes
                0x000001af       0x34 ./Drivers/STM32L4xx_HAL_Driver/Src/stm32l4xx_hal_gpio.o
 .ARM.attributes
                0x000001e3       0x34 ./Drivers/STM32L4xx_HAL_Driver/Src/stm32l4xx_hal_pcd.o
 .ARM.attributes
                0x00000217       0x34 ./Drivers/STM32L4xx_HAL_Driver/Src/stm32l4xx_hal_pcd_ex.o
 .ARM.attributes
                0x0000024b       0x34 ./Drivers/STM32L4xx_HAL_Driver/Src/stm32l4xx_hal_pwr.o
 .ARM.attributes
                0x0000027f       0x34 ./Drivers/STM32L4xx_HAL_Driver/Src/stm32l4xx_hal_pwr_ex.o
 .ARM.attributes
                0x000002b3       0x34 ./Drivers/STM32L4xx_HAL_Driver/Src/stm32l4xx_hal_rcc.o
 .ARM.attributes
                0x000002e7       0x34 ./Drivers/STM32L4xx_HAL_Driver/Src/stm32l4xx_hal_rcc_ex.o
 .ARM.attributes
                0x0000031b       0x34 ./Drivers/STM32L4xx_HAL_Driver/Src/stm32l4xx_hal_uart.o
 .ARM.attributes
                0x0000034f       0x34 ./Drivers/STM32L4xx_HAL_Driver/Src/stm32l4xx_ll_usb.o
 .ARM.attributes
                0x00000383       0x34 ./Middlewares/ST/STM32_USB_Device_Library/Class/CustomHID/Src/usbd_customhid.o
 .ARM.attributes
                0x000003b7       0x34 ./Middlewares/ST/STM32_USB_Device_Library/Core/Src/usbd_core.o
 .ARM.attributes
                0x000003eb       0x34 ./Middlewares/ST/STM32_USB_Device_Library/Core/Src/usbd_ctlreq.o
 .ARM.attributes
                0x0000041f       0x34 ./Middlewares/ST/STM32_USB_Device_Library/Core/Src/usbd_ioreq.o
 .ARM.attributes
                0x00000453       0x34 ./USB_DEVICE/App/usb_device.o
 .ARM.attributes
                0x00000487       0x34 ./USB_DEVICE/App/usbd_custom_hid_if.o
 .ARM.attributes
                0x000004bb       0x34 ./USB_DEVICE/App/usbd_desc.o
 .ARM.attributes
                0x000004ef       0x34 ./USB_DEVICE/Target/usbd_conf.o
 .ARM.attributes
                0x00000523       0x34 C:/ST/STM32CubeIDE_1.19.0/STM32CubeIDE/plugins/com.st.stm32cube.ide.mcu.externaltools.gnu-tools-for-stm32.13.3.rel1.win32_1.0.0.202411081344/tools/bin/../lib/gcc/arm-none-eabi/13.3.1/../../../../arm-none-eabi/lib/thumb/v7e-m+fp/hard\libc_nano.a(libc_a-memset.o)
 .ARM.attributes
                0x00000557       0x34 C:/ST/STM32CubeIDE_1.19.0/STM32CubeIDE/plugins/com.st.stm32cube.ide.mcu.externaltools.gnu-tools-for-stm32.13.3.rel1.win32_1.0.0.202411081344/tools/bin/../lib/gcc/arm-none-eabi/13.3.1/../../../../arm-none-eabi/lib/thumb/v7e-m+fp/hard\libc_nano.a(libc_a-init.o)
 .ARM.attributes
                0x0000058b       0x17 C:/ST/STM32CubeIDE_1.19.0/STM32CubeIDE/plugins/com.st.stm32cube.ide.mcu.externaltools.gnu-tools-for-stm32.13.3.rel1.win32_1.0.0.202411081344/tools/bin/../lib/gcc/arm-none-eabi/13.3.1/../../../../arm-none-eabi/lib/thumb/v7e-m+fp/hard\libc_nano.a(libc_a-strlen.o)
 .ARM.attributes
                0x000005a2       0x22 C:/ST/STM32CubeIDE_1.19.0/STM32CubeIDE/plugins/com.st.stm32cube.ide.mcu.externaltools.gnu-tools-for-stm32.13.3.rel1.win32_1.0.0.202411081344/tools/bin/../lib/gcc/arm-none-eabi/13.3.1/thumb/v7e-m+fp/hard\libgcc.a(_aeabi_uldivmod.o)
 .ARM.attributes
                0x000005c4       0x34 C:/ST/STM32CubeIDE_1.19.0/STM32CubeIDE/plugins/com.st.stm32cube.ide.mcu.externaltools.gnu-tools-for-stm32.13.3.rel1.win32_1.0.0.202411081344/tools/bin/../lib/gcc/arm-none-eabi/13.3.1/thumb/v7e-m+fp/hard\libgcc.a(_udivmoddi4.o)
 .ARM.attributes
                0x000005f8       0x22 C:/ST/STM32CubeIDE_1.19.0/STM32CubeIDE/plugins/com.st.stm32cube.ide.mcu.externaltools.gnu-tools-for-stm32.13.3.rel1.win32_1.0.0.202411081344/tools/bin/../lib/gcc/arm-none-eabi/13.3.1/thumb/v7e-m+fp/hard\libgcc.a(_dvmd_tls.o)
 .ARM.attributes
                0x0000061a       0x22 C:/ST/STM32CubeIDE_1.19.0/STM32CubeIDE/plugins/com.st.stm32cube.ide.mcu.externaltools.gnu-tools-for-stm32.13.3.rel1.win32_1.0.0.202411081344/tools/bin/../lib/gcc/arm-none-eabi/13.3.1/thumb/v7e-m+fp/hard/crtn.o
OUTPUT(Nucleo2Keyboard.elf elf32-littlearm)
LOAD linker stubs
LOAD C:/ST/STM32CubeIDE_1.19.0/STM32CubeIDE/plugins/com.st.stm32cube.ide.mcu.externaltools.gnu-tools-for-stm32.13.3.rel1.win32_1.0.0.202411081344/tools/bin/../lib/gcc/arm-none-eabi/13.3.1/../../../../arm-none-eabi/lib/thumb/v7e-m+fp/hard\libc.a
LOAD C:/ST/STM32CubeIDE_1.19.0/STM32CubeIDE/plugins/com.st.stm32cube.ide.mcu.externaltools.gnu-tools-for-stm32.13.3.rel1.win32_1.0.0.202411081344/tools/bin/../lib/gcc/arm-none-eabi/13.3.1/../../../../arm-none-eabi/lib/thumb/v7e-m+fp/hard\libm.a
LOAD C:/ST/STM32CubeIDE_1.19.0/STM32CubeIDE/plugins/com.st.stm32cube.ide.mcu.externaltools.gnu-tools-for-stm32.13.3.rel1.win32_1.0.0.202411081344/tools/bin/../lib/gcc/arm-none-eabi/13.3.1/thumb/v7e-m+fp/hard\libgcc.a

.comment        0x00000000       0x43
 .comment       0x00000000       0x43 ./Core/Src/main.o
                                 0x44 (size before relaxing)
 .comment       0x00000043       0x44 ./Core/Src/stm32l4xx_hal_msp.o
 .comment       0x00000043       0x44 ./Core/Src/stm32l4xx_it.o
 .comment       0x00000043       0x44 ./Core/Src/system_stm32l4xx.o
 .comment       0x00000043       0x44 ./Drivers/STM32L4xx_HAL_Driver/Src/stm32l4xx_hal.o
 .comment       0x00000043       0x44 ./Drivers/STM32L4xx_HAL_Driver/Src/stm32l4xx_hal_cortex.o
 .comment       0x00000043       0x44 ./Drivers/STM32L4xx_HAL_Driver/Src/stm32l4xx_hal_gpio.o
 .comment       0x00000043       0x44 ./Drivers/STM32L4xx_HAL_Driver/Src/stm32l4xx_hal_pcd.o
 .comment       0x00000043       0x44 ./Drivers/STM32L4xx_HAL_Driver/Src/stm32l4xx_hal_pcd_ex.o
 .comment       0x00000043       0x44 ./Drivers/STM32L4xx_HAL_Driver/Src/stm32l4xx_hal_pwr.o
 .comment       0x00000043       0x44 ./Drivers/STM32L4xx_HAL_Driver/Src/stm32l4xx_hal_pwr_ex.o
 .comment       0x00000043       0x44 ./Drivers/STM32L4xx_HAL_Driver/Src/stm32l4xx_hal_rcc.o
 .comment       0x00000043       0x44 ./Drivers/STM32L4xx_HAL_Driver/Src/stm32l4xx_hal_rcc_ex.o
 .comment       0x00000043       0x44 ./Drivers/STM32L4xx_HAL_Driver/Src/stm32l4xx_hal_uart.o
 .comment       0x00000043       0x44 ./Drivers/STM32L4xx_HAL_Driver/Src/stm32l4xx_ll_usb.o
 .comment       0x00000043       0x44 ./Middlewares/ST/STM32_USB_Device_Library/Class/CustomHID/Src/usbd_customhid.o
 .comment       0x00000043       0x44 ./Middlewares/ST/STM32_USB_Device_Library/Core/Src/usbd_core.o
 .comment       0x00000043       0x44 ./Middlewares/ST/STM32_USB_Device_Library/Core/Src/usbd_ctlreq.o
 .comment       0x00000043       0x44 ./Middlewares/ST/STM32_USB_Device_Library/Core/Src/usbd_ioreq.o
 .comment       0x00000043       0x44 ./USB_DEVICE/App/usb_device.o
 .comment       0x00000043       0x44 ./USB_DEVICE/App/usbd_custom_hid_if.o
 .comment       0x00000043       0x44 ./USB_DEVICE/App/usbd_desc.o
 .comment       0x00000043       0x44 ./USB_DEVICE/Target/usbd_conf.o

.debug_frame    0x00000000       0xac
 .debug_frame   0x00000000       0x20 C:/ST/STM32CubeIDE_1.19.0/STM32CubeIDE/plugins/com.st.stm32cube.ide.mcu.externaltools.gnu-tools-for-stm32.13.3.rel1.win32_1.0.0.202411081344/tools/bin/../lib/gcc/arm-none-eabi/13.3.1/../../../../arm-none-eabi/lib/thumb/v7e-m+fp/hard\libc_nano.a(libc_a-memset.o)
 .debug_frame   0x00000020       0x2c C:/ST/STM32CubeIDE_1.19.0/STM32CubeIDE/plugins/com.st.stm32cube.ide.mcu.externaltools.gnu-tools-for-stm32.13.3.rel1.win32_1.0.0.202411081344/tools/bin/../lib/gcc/arm-none-eabi/13.3.1/../../../../arm-none-eabi/lib/thumb/v7e-m+fp/hard\libc_nano.a(libc_a-init.o)
 .debug_frame   0x0000004c       0x2c C:/ST/STM32CubeIDE_1.19.0/STM32CubeIDE/plugins/com.st.stm32cube.ide.mcu.externaltools.gnu-tools-for-stm32.13.3.rel1.win32_1.0.0.202411081344/tools/bin/../lib/gcc/arm-none-eabi/13.3.1/thumb/v7e-m+fp/hard\libgcc.a(_aeabi_uldivmod.o)
 .debug_frame   0x00000078       0x34 C:/ST/STM32CubeIDE_1.19.0/STM32CubeIDE/plugins/com.st.stm32cube.ide.mcu.externaltools.gnu-tools-for-stm32.13.3.rel1.win32_1.0.0.202411081344/tools/bin/../lib/gcc/arm-none-eabi/13.3.1/thumb/v7e-m+fp/hard\libgcc.a(_udivmoddi4.o)
